<?xml version="1.0" encoding="UTF-8"?>
<testsuites name="jest tests" tests="2400" failures="0" errors="0" time="15.33">
  <testsuite name="WEB-01 Splash &amp; Onboarding" errors="0" failures="0" skipped="0" timestamp="2026-07-30T08:40:44" time="6.072" tests="300">
    <testcase classname="WEB-01 Splash &amp; Onboarding" name="TC-W-001 splash screen mounts without error" time="0.009">
    </testcase>
    <testcase classname="WEB-01 Splash &amp; Onboarding" name="TC-W-002 app logo is visible on splash" time="0.001">
    </testcase>
    <testcase classname="WEB-01 Splash &amp; Onboarding" name="TC-W-003 splash background color matches brand" time="0">
    </testcase>
    <testcase classname="WEB-01 Splash &amp; Onboarding" name="TC-W-004 splash auto-navigates after timeout" time="0.001">
    </testcase>
    <testcase classname="WEB-01 Splash &amp; Onboarding" name="TC-W-005 onboarding slide 1 renders title" time="0.001">
    </testcase>
    <testcase classname="WEB-01 Splash &amp; Onboarding" name="TC-W-006 onboarding slide 1 renders description" time="0">
    </testcase>
    <testcase classname="WEB-01 Splash &amp; Onboarding" name="TC-W-007 onboarding slide 1 renders hero image" time="0">
    </testcase>
    <testcase classname="WEB-01 Splash &amp; Onboarding" name="TC-W-008 onboarding slide 2 renders AI title" time="0.001">
    </testcase>
    <testcase classname="WEB-01 Splash &amp; Onboarding" name="TC-W-009 onboarding slide 3 renders application title" time="0.002">
    </testcase>
    <testcase classname="WEB-01 Splash &amp; Onboarding" name="TC-W-010 onboarding progress dots show 3" time="0">
    </testcase>
    <testcase classname="WEB-01 Splash &amp; Onboarding" name="TC-W-011 active dot is highlighted for current slide" time="0">
    </testcase>
    <testcase classname="WEB-01 Splash &amp; Onboarding" name="TC-W-012 Next button visible on slide 1" time="0">
    </testcase>
    <testcase classname="WEB-01 Splash &amp; Onboarding" name="TC-W-013 Next button advances to slide 2" time="0">
    </testcase>
    <testcase classname="WEB-01 Splash &amp; Onboarding" name="TC-W-014 Next button advances from slide 2 to 3" time="0">
    </testcase>
    <testcase classname="WEB-01 Splash &amp; Onboarding" name="TC-W-015 Finish button appears on last slide" time="0.001">
    </testcase>
    <testcase classname="WEB-01 Splash &amp; Onboarding" name="TC-W-016 Skip button is present on all slides" time="0">
    </testcase>
    <testcase classname="WEB-01 Splash &amp; Onboarding" name="TC-W-017 Skip navigates directly to login" time="0">
    </testcase>
    <testcase classname="WEB-01 Splash &amp; Onboarding" name="TC-W-018 Finish navigates to login screen" time="0">
    </testcase>
    <testcase classname="WEB-01 Splash &amp; Onboarding" name="TC-W-019 language selector visible on onboarding" time="0">
    </testcase>
    <testcase classname="WEB-01 Splash &amp; Onboarding" name="TC-W-020 selecting Hindi changes UI language" time="0">
    </testcase>
    <testcase classname="WEB-01 Splash &amp; Onboarding" name="TC-W-021 onboarding images load from Pexels CDN" time="0.001">
    </testcase>
    <testcase classname="WEB-01 Splash &amp; Onboarding" name="TC-W-022 onboarding does not re-show after completion" time="0">
    </testcase>
    <testcase classname="WEB-01 Splash &amp; Onboarding" name="TC-W-023 back browser button from onboarding is handled" time="0">
    </testcase>
    <testcase classname="WEB-01 Splash &amp; Onboarding" name="TC-W-024 onboarding renders on 320px mobile width" time="0">
    </testcase>
    <testcase classname="WEB-01 Splash &amp; Onboarding" name="TC-W-025 onboarding renders on 768px tablet width" time="0">
    </testcase>
    <testcase classname="WEB-01 Splash &amp; Onboarding" name="TC-W-026 onboarding renders on 1280px desktop width" time="0.001">
    </testcase>
    <testcase classname="WEB-01 Splash &amp; Onboarding" name="TC-W-027 dot tap navigates to corresponding slide" time="0">
    </testcase>
    <testcase classname="WEB-01 Splash &amp; Onboarding" name="TC-W-028 slide images have alt text for accessibility" time="0">
    </testcase>
    <testcase classname="WEB-01 Splash &amp; Onboarding" name="TC-W-029 onboarding font size is readable &gt;=16px" time="0.001">
    </testcase>
    <testcase classname="WEB-01 Splash &amp; Onboarding" name="TC-W-030 onboarding does not flicker on transition" time="0">
    </testcase>
    <testcase classname="WEB-02 Auth — Login" name="TC-W-031 login page renders without crash" time="0">
    </testcase>
    <testcase classname="WEB-02 Auth — Login" name="TC-W-032 email input field is present" time="0">
    </testcase>
    <testcase classname="WEB-02 Auth — Login" name="TC-W-033 password input field is present" time="0">
    </testcase>
    <testcase classname="WEB-02 Auth — Login" name="TC-W-034 login button is present" time="0.001">
    </testcase>
    <testcase classname="WEB-02 Auth — Login" name="TC-W-035 logo is shown above login form" time="0">
    </testcase>
    <testcase classname="WEB-02 Auth — Login" name="TC-W-036 Forgot Password link is present" time="0">
    </testcase>
    <testcase classname="WEB-02 Auth — Login" name="TC-W-037 Create Account link is present" time="0">
    </testcase>
    <testcase classname="WEB-02 Auth — Login" name="TC-W-038 email field accepts valid email" time="0">
    </testcase>
    <testcase classname="WEB-02 Auth — Login" name="TC-W-039 password field masks characters" time="0">
    </testcase>
    <testcase classname="WEB-02 Auth — Login" name="TC-W-040 eye icon toggles password visibility" time="0.001">
    </testcase>
    <testcase classname="WEB-02 Auth — Login" name="TC-W-041 empty email shows required error" time="0">
    </testcase>
    <testcase classname="WEB-02 Auth — Login" name="TC-W-042 invalid email format shows format error" time="0">
    </testcase>
    <testcase classname="WEB-02 Auth — Login" name="TC-W-043 empty password shows required error" time="0">
    </testcase>
    <testcase classname="WEB-02 Auth — Login" name="TC-W-044 password &lt; 6 chars shows length error" time="0">
    </testcase>
    <testcase classname="WEB-02 Auth — Login" name="TC-W-045 valid credentials navigate to home" time="0.001">
    </testcase>
    <testcase classname="WEB-02 Auth — Login" name="TC-W-046 invalid credentials show error banner" time="0">
    </testcase>
    <testcase classname="WEB-02 Auth — Login" name="TC-W-047 login button shows spinner while loading" time="0">
    </testcase>
    <testcase classname="WEB-02 Auth — Login" name="TC-W-048 login button is disabled during submission" time="0">
    </testcase>
    <testcase classname="WEB-02 Auth — Login" name="TC-W-049 error clears when user starts typing" time="0">
    </testcase>
    <testcase classname="WEB-02 Auth — Login" name="TC-W-050 Enter key submits the login form" time="0">
    </testcase>
    <testcase classname="WEB-02 Auth — Login" name="TC-W-051 Forgot Password link opens correct page" time="0">
    </testcase>
    <testcase classname="WEB-02 Auth — Login" name="TC-W-052 register link navigates to register page" time="0.001">
    </testcase>
    <testcase classname="WEB-02 Auth — Login" name="TC-W-053 login form is centered on desktop" time="0">
    </testcase>
    <testcase classname="WEB-02 Auth — Login" name="TC-W-054 login page background matches theme" time="0">
    </testcase>
    <testcase classname="WEB-02 Auth — Login" name="TC-W-055 login page is accessible via keyboard navigation" time="0.005">
    </testcase>
    <testcase classname="WEB-02 Auth — Login" name="TC-W-056 email field is auto-focused on mount" time="0.001">
    </testcase>
    <testcase classname="WEB-02 Auth — Login" name="TC-W-057 login form width is constrained on wide screens" time="0.001">
    </testcase>
    <testcase classname="WEB-02 Auth — Login" name="TC-W-058 login page title is KisanConnect" time="0">
    </testcase>
    <testcase classname="WEB-02 Auth — Login" name="TC-W-059 login retains email if validation fails" time="0">
    </testcase>
    <testcase classname="WEB-02 Auth — Login" name="TC-W-060 login success clears stored error state" time="0">
    </testcase>
    <testcase classname="WEB-03 Auth — Register &amp; OTP" name="TC-W-061 register page renders all 4 input fields" time="0">
    </testcase>
    <testcase classname="WEB-03 Auth — Register &amp; OTP" name="TC-W-062 full name field accepts text" time="0">
    </testcase>
    <testcase classname="WEB-03 Auth — Register &amp; OTP" name="TC-W-063 email field validates format" time="0.001">
    </testcase>
    <testcase classname="WEB-03 Auth — Register &amp; OTP" name="TC-W-064 phone field accepts 10 digits" time="0">
    </testcase>
    <testcase classname="WEB-03 Auth — Register &amp; OTP" name="TC-W-065 phone field rejects non-numeric input" time="0">
    </testcase>
    <testcase classname="WEB-03 Auth — Register &amp; OTP" name="TC-W-066 password field shows strength indicator" time="0">
    </testcase>
    <testcase classname="WEB-03 Auth — Register &amp; OTP" name="TC-W-067 strength indicator turns green for strong password" time="0">
    </testcase>
    <testcase classname="WEB-03 Auth — Register &amp; OTP" name="TC-W-068 register button disabled until all fields valid" time="0">
    </testcase>
    <testcase classname="WEB-03 Auth — Register &amp; OTP" name="TC-W-069 register button enables when all fields valid" time="0.001">
    </testcase>
    <testcase classname="WEB-03 Auth — Register &amp; OTP" name="TC-W-070 submitting register navigates to OTP screen" time="0">
    </testcase>
    <testcase classname="WEB-03 Auth — Register &amp; OTP" name="TC-W-071 already have account link goes to login" time="0">
    </testcase>
    <testcase classname="WEB-03 Auth — Register &amp; OTP" name="TC-W-072 OTP page renders 6 input boxes" time="0">
    </testcase>
    <testcase classname="WEB-03 Auth — Register &amp; OTP" name="TC-W-073 OTP inputs accept digits only" time="0">
    </testcase>
    <testcase classname="WEB-03 Auth — Register &amp; OTP" name="TC-W-074 OTP auto-advances to next box on digit entry" time="0">
    </testcase>
    <testcase classname="WEB-03 Auth — Register &amp; OTP" name="TC-W-075 OTP backspace moves focus to previous box" time="0">
    </testcase>
    <testcase classname="WEB-03 Auth — Register &amp; OTP" name="TC-W-076 Verify button disabled until 6 digits entered" time="0.001">
    </testcase>
    <testcase classname="WEB-03 Auth — Register &amp; OTP" name="TC-W-077 valid 6-digit OTP passes verification" time="0">
    </testcase>
    <testcase classname="WEB-03 Auth — Register &amp; OTP" name="TC-W-078 invalid OTP shows error message" time="0">
    </testcase>
    <testcase classname="WEB-03 Auth — Register &amp; OTP" name="TC-W-079 Resend OTP button is present" time="0">
    </testcase>
    <testcase classname="WEB-03 Auth — Register &amp; OTP" name="TC-W-080 resend shows countdown timer" time="0">
    </testcase>
    <testcase classname="WEB-03 Auth — Register &amp; OTP" name="TC-W-081 OTP page shows registered phone number masked" time="0">
    </testcase>
    <testcase classname="WEB-03 Auth — Register &amp; OTP" name="TC-W-082 set-password page shown after OTP verification" time="0.001">
    </testcase>
    <testcase classname="WEB-03 Auth — Register &amp; OTP" name="TC-W-083 set-password shows all 3 rules" time="0">
    </testcase>
    <testcase classname="WEB-03 Auth — Register &amp; OTP" name="TC-W-084 password rule ticks green when satisfied" time="0">
    </testcase>
    <testcase classname="WEB-03 Auth — Register &amp; OTP" name="TC-W-085 confirm password mismatch shows error" time="0">
    </testcase>
    <testcase classname="WEB-03 Auth — Register &amp; OTP" name="TC-W-086 forgot-password page renders email input" time="0">
    </testcase>
    <testcase classname="WEB-03 Auth — Register &amp; OTP" name="TC-W-087 forgot-password submit shows success message" time="0.001">
    </testcase>
    <testcase classname="WEB-03 Auth — Register &amp; OTP" name="TC-W-088 back arrow on OTP returns to register" time="0">
    </testcase>
    <testcase classname="WEB-03 Auth — Register &amp; OTP" name="TC-W-089 register page shows privacy policy link" time="0">
    </testcase>
    <testcase classname="WEB-03 Auth — Register &amp; OTP" name="TC-W-090 register form clears on navigation away" time="0">
    </testcase>
    <testcase classname="WEB-04 Home Dashboard" name="TC-W-091 home tab renders after login" time="0">
    </testcase>
    <testcase classname="WEB-04 Home Dashboard" name="TC-W-092 greeting message includes user name" time="0">
    </testcase>
    <testcase classname="WEB-04 Home Dashboard" name="TC-W-093 greeting shows time-based text" time="0.001">
    </testcase>
    <testcase classname="WEB-04 Home Dashboard" name="TC-W-094 search bar is displayed at top" time="0">
    </testcase>
    <testcase classname="WEB-04 Home Dashboard" name="TC-W-095 search bar placeholder text is present" time="0">
    </testcase>
    <testcase classname="WEB-04 Home Dashboard" name="TC-W-096 notification bell icon is rendered" time="0">
    </testcase>
    <testcase classname="WEB-04 Home Dashboard" name="TC-W-097 notification badge shows unread count" time="0">
    </testcase>
    <testcase classname="WEB-04 Home Dashboard" name="TC-W-098 featured schemes section is present" time="0">
    </testcase>
    <testcase classname="WEB-04 Home Dashboard" name="TC-W-099 at least 1 featured scheme card renders" time="0.001">
    </testcase>
    <testcase classname="WEB-04 Home Dashboard" name="TC-W-100 featured scheme card shows scheme name" time="0">
    </testcase>
    <testcase classname="WEB-04 Home Dashboard" name="TC-W-101 featured scheme card shows ministry badge" time="0">
    </testcase>
    <testcase classname="WEB-04 Home Dashboard" name="TC-W-102 featured scheme card shows benefit text" time="0">
    </testcase>
    <testcase classname="WEB-04 Home Dashboard" name="TC-W-103 categories section renders 8 cards" time="0">
    </testcase>
    <testcase classname="WEB-04 Home Dashboard" name="TC-W-104 Education category card is visible" time="0">
    </testcase>
    <testcase classname="WEB-04 Home Dashboard" name="TC-W-105 Agriculture category card is visible" time="0">
    </testcase>
    <testcase classname="WEB-04 Home Dashboard" name="TC-W-106 Healthcare category card is visible" time="0">
    </testcase>
    <testcase classname="WEB-04 Home Dashboard" name="TC-W-107 category card shows scheme count" time="0">
    </testcase>
    <testcase classname="WEB-04 Home Dashboard" name="TC-W-108 tapping category navigates to category screen" time="0">
    </testcase>
    <testcase classname="WEB-04 Home Dashboard" name="TC-W-109 tapping scheme card navigates to detail" time="0">
    </testcase>
    <testcase classname="WEB-04 Home Dashboard" name="TC-W-110 View All link in featured section is present" time="0">
    </testcase>
    <testcase classname="WEB-04 Home Dashboard" name="TC-W-111 AI recommendation button renders on home" time="0">
    </testcase>
    <testcase classname="WEB-04 Home Dashboard" name="TC-W-112 home screen is scrollable vertically" time="0">
    </testcase>
    <testcase classname="WEB-04 Home Dashboard" name="TC-W-113 bottom tab bar renders on home" time="0">
    </testcase>
    <testcase classname="WEB-04 Home Dashboard" name="TC-W-114 active home tab is highlighted" time="0.001">
    </testcase>
    <testcase classname="WEB-04 Home Dashboard" name="TC-W-115 home renders within 2s of navigation" time="0">
    </testcase>
    <testcase classname="WEB-04 Home Dashboard" name="TC-W-116 scheme cards have visible images" time="0">
    </testcase>
    <testcase classname="WEB-04 Home Dashboard" name="TC-W-117 home shows My Applications quick-link if any" time="0">
    </testcase>
    <testcase classname="WEB-04 Home Dashboard" name="TC-W-118 pull-to-refresh reloads home data" time="0">
    </testcase>
    <testcase classname="WEB-04 Home Dashboard" name="TC-W-119 home screen has no console errors on mount" time="0">
    </testcase>
    <testcase classname="WEB-04 Home Dashboard" name="TC-W-120 home screen works without network (cached data)" time="0">
    </testcase>
    <testcase classname="WEB-05 Scheme Discovery" name="TC-W-121 all-schemes page lists schemes" time="0.001">
    </testcase>
    <testcase classname="WEB-05 Scheme Discovery" name="TC-W-122 scheme count badge shows total" time="0">
    </testcase>
    <testcase classname="WEB-05 Scheme Discovery" name="TC-W-123 search input filters list in real time" time="0">
    </testcase>
    <testcase classname="WEB-05 Scheme Discovery" name="TC-W-124 searching PM returns multiple results" time="0">
    </testcase>
    <testcase classname="WEB-05 Scheme Discovery" name="TC-W-125 searching nonexistent term shows empty state" time="0">
    </testcase>
    <testcase classname="WEB-05 Scheme Discovery" name="TC-W-126 empty state shows helpful message" time="0">
    </testcase>
    <testcase classname="WEB-05 Scheme Discovery" name="TC-W-127 clear search button resets list" time="0">
    </testcase>
    <testcase classname="WEB-05 Scheme Discovery" name="TC-W-128 category filter chips are rendered" time="0">
    </testcase>
    <testcase classname="WEB-05 Scheme Discovery" name="TC-W-129 selecting Agriculture filter narrows results" time="0">
    </testcase>
    <testcase classname="WEB-05 Scheme Discovery" name="TC-W-130 multiple category filters can be combined" time="0">
    </testcase>
    <testcase classname="WEB-05 Scheme Discovery" name="TC-W-131 active filter chip is visually distinct" time="0.001">
    </testcase>
    <testcase classname="WEB-05 Scheme Discovery" name="TC-W-132 removing filter chip restores full list" time="0">
    </testcase>
    <testcase classname="WEB-05 Scheme Discovery" name="TC-W-133 scheme card shows name, category, benefit" time="0">
    </testcase>
    <testcase classname="WEB-05 Scheme Discovery" name="TC-W-134 scheme card shows deadline badge" time="0">
    </testcase>
    <testcase classname="WEB-05 Scheme Discovery" name="TC-W-135 scheme card shows applied count" time="0.001">
    </testcase>
    <testcase classname="WEB-05 Scheme Discovery" name="TC-W-136 bookmark icon on card toggles saved state" time="0">
    </testcase>
    <testcase classname="WEB-05 Scheme Discovery" name="TC-W-137 saved schemes page shows bookmarked items" time="0">
    </testcase>
    <testcase classname="WEB-05 Scheme Discovery" name="TC-W-138 removing bookmark updates saved list" time="0">
    </testcase>
    <testcase classname="WEB-05 Scheme Discovery" name="TC-W-139 categories page shows all 8 categories" time="0">
    </testcase>
    <testcase classname="WEB-05 Scheme Discovery" name="TC-W-140 category detail page shows filtered schemes" time="0">
    </testcase>
    <testcase classname="WEB-05 Scheme Discovery" name="TC-W-141 compare page accepts 2 scheme selections" time="0">
    </testcase>
    <testcase classname="WEB-05 Scheme Discovery" name="TC-W-142 compare table shows side-by-side benefits" time="0">
    </testcase>
    <testcase classname="WEB-05 Scheme Discovery" name="TC-W-143 AI recommendations page renders cards" time="0">
    </testcase>
    <testcase classname="WEB-05 Scheme Discovery" name="TC-W-144 eligibility checker page renders questions" time="0">
    </testcase>
    <testcase classname="WEB-05 Scheme Discovery" name="TC-W-145 eligibility result shows matching schemes" time="0.001">
    </testcase>
    <testcase classname="WEB-05 Scheme Discovery" name="TC-W-146 scheme list pagination loads next page" time="0">
    </testcase>
    <testcase classname="WEB-05 Scheme Discovery" name="TC-W-147 scheme sort by popularity works" time="0">
    </testcase>
    <testcase classname="WEB-05 Scheme Discovery" name="TC-W-148 scheme sort by deadline works" time="0">
    </testcase>
    <testcase classname="WEB-05 Scheme Discovery" name="TC-W-149 scheme search is case-insensitive" time="0.001">
    </testcase>
    <testcase classname="WEB-05 Scheme Discovery" name="TC-W-150 scheme list scrolls smoothly on desktop" time="0">
    </testcase>
    <testcase classname="WEB-06 Scheme Detail &amp; Eligibility" name="TC-W-151 scheme detail page renders without crash" time="0">
    </testcase>
    <testcase classname="WEB-06 Scheme Detail &amp; Eligibility" name="TC-W-152 scheme name heading is visible" time="0.001">
    </testcase>
    <testcase classname="WEB-06 Scheme Detail &amp; Eligibility" name="TC-W-153 ministry label is shown" time="0">
    </testcase>
    <testcase classname="WEB-06 Scheme Detail &amp; Eligibility" name="TC-W-154 description paragraph is present" time="0">
    </testcase>
    <testcase classname="WEB-06 Scheme Detail &amp; Eligibility" name="TC-W-155 benefits section is rendered" time="0">
    </testcase>
    <testcase classname="WEB-06 Scheme Detail &amp; Eligibility" name="TC-W-156 eligibility criteria list is shown" time="0">
    </testcase>
    <testcase classname="WEB-06 Scheme Detail &amp; Eligibility" name="TC-W-157 required documents list is shown" time="0.001">
    </testcase>
    <testcase classname="WEB-06 Scheme Detail &amp; Eligibility" name="TC-W-158 deadline date is displayed" time="0">
    </testcase>
    <testcase classname="WEB-06 Scheme Detail &amp; Eligibility" name="TC-W-159 applied count is shown" time="0">
    </testcase>
    <testcase classname="WEB-06 Scheme Detail &amp; Eligibility" name="TC-W-160 Apply Now button is present" time="0">
    </testcase>
    <testcase classname="WEB-06 Scheme Detail &amp; Eligibility" name="TC-W-161 Save/Bookmark button is present" time="0">
    </testcase>
    <testcase classname="WEB-06 Scheme Detail &amp; Eligibility" name="TC-W-162 Share button is present" time="0.001">
    </testcase>
    <testcase classname="WEB-06 Scheme Detail &amp; Eligibility" name="TC-W-163 scheme hero image loads" time="0">
    </testcase>
    <testcase classname="WEB-06 Scheme Detail &amp; Eligibility" name="TC-W-164 eligibility tick icon per criterion is shown" time="0">
    </testcase>
    <testcase classname="WEB-06 Scheme Detail &amp; Eligibility" name="TC-W-165 document icon per requirement is shown" time="0.001">
    </testcase>
    <testcase classname="WEB-06 Scheme Detail &amp; Eligibility" name="TC-W-166 status badge shows Active" time="0">
    </testcase>
    <testcase classname="WEB-06 Scheme Detail &amp; Eligibility" name="TC-W-167 back button returns to scheme list" time="0">
    </testcase>
    <testcase classname="WEB-06 Scheme Detail &amp; Eligibility" name="TC-W-168 scheme detail is scrollable on mobile" time="0">
    </testcase>
    <testcase classname="WEB-06 Scheme Detail &amp; Eligibility" name="TC-W-169 Apply button navigates to application flow" time="0">
    </testcase>
    <testcase classname="WEB-06 Scheme Detail &amp; Eligibility" name="TC-W-170 eligibility check CTA navigates to checker" time="0">
    </testcase>
    <testcase classname="WEB-06 Scheme Detail &amp; Eligibility" name="TC-W-171 similar schemes section renders if present" time="0">
    </testcase>
    <testcase classname="WEB-06 Scheme Detail &amp; Eligibility" name="TC-W-172 scheme page title updates in browser tab" time="0">
    </testcase>
    <testcase classname="WEB-06 Scheme Detail &amp; Eligibility" name="TC-W-173 deep-linking to scheme detail works" time="0.001">
    </testcase>
    <testcase classname="WEB-06 Scheme Detail &amp; Eligibility" name="TC-W-174 inactive scheme shows Closed badge" time="0">
    </testcase>
    <testcase classname="WEB-06 Scheme Detail &amp; Eligibility" name="TC-W-175 upcoming scheme shows Coming Soon badge" time="0">
    </testcase>
    <testcase classname="WEB-06 Scheme Detail &amp; Eligibility" name="TC-W-176 eligibility result page shows matched schemes" time="0">
    </testcase>
    <testcase classname="WEB-06 Scheme Detail &amp; Eligibility" name="TC-W-177 eligibility result shows not-eligible schemes too" time="0">
    </testcase>
    <testcase classname="WEB-06 Scheme Detail &amp; Eligibility" name="TC-W-178 scheme search from detail page works" time="0">
    </testcase>
    <testcase classname="WEB-06 Scheme Detail &amp; Eligibility" name="TC-W-179 scheme detail has no layout overflow on 320px" time="0.001">
    </testcase>
    <testcase classname="WEB-06 Scheme Detail &amp; Eligibility" name="TC-W-180 scheme detail renders in &lt; 1s" time="0">
    </testcase>
    <testcase classname="WEB-07 Application Flow" name="TC-W-181 step 1 personal info renders all fields" time="0">
    </testcase>
    <testcase classname="WEB-07 Application Flow" name="TC-W-182 step progress bar shows step 1 of 5" time="0">
    </testcase>
    <testcase classname="WEB-07 Application Flow" name="TC-W-183 name field validation fires on blur" time="0">
    </testcase>
    <testcase classname="WEB-07 Application Flow" name="TC-W-184 Aadhaar field accepts 12 digits only" time="0">
    </testcase>
    <testcase classname="WEB-07 Application Flow" name="TC-W-185 date of birth picker opens on tap" time="0.001">
    </testcase>
    <testcase classname="WEB-07 Application Flow" name="TC-W-186 gender dropdown shows 3 options" time="0">
    </testcase>
    <testcase classname="WEB-07 Application Flow" name="TC-W-187 Next button advances to step 2 when valid" time="0">
    </testcase>
    <testcase classname="WEB-07 Application Flow" name="TC-W-188 step 2 address renders city, state, pincode" time="0">
    </testcase>
    <testcase classname="WEB-07 Application Flow" name="TC-W-189 pincode field auto-fills state on valid entry" time="0">
    </testcase>
    <testcase classname="WEB-07 Application Flow" name="TC-W-190 state dropdown lists all Indian states" time="0">
    </testcase>
    <testcase classname="WEB-07 Application Flow" name="TC-W-191 step 3 bank details renders 3 fields" time="0">
    </testcase>
    <testcase classname="WEB-07 Application Flow" name="TC-W-192 IFSC field validates format on blur" time="0">
    </testcase>
    <testcase classname="WEB-07 Application Flow" name="TC-W-193 account number field accepts 9-18 digits" time="0.001">
    </testcase>
    <testcase classname="WEB-07 Application Flow" name="TC-W-194 bank name field auto-fills from IFSC" time="0">
    </testcase>
    <testcase classname="WEB-07 Application Flow" name="TC-W-195 step 4 documents shows required doc list" time="0.002">
    </testcase>
    <testcase classname="WEB-07 Application Flow" name="TC-W-196 upload box renders for each document" time="0">
    </testcase>
    <testcase classname="WEB-07 Application Flow" name="TC-W-197 uploaded document shows file name preview" time="0">
    </testcase>
    <testcase classname="WEB-07 Application Flow" name="TC-W-198 remove icon removes uploaded document" time="0.001">
    </testcase>
    <testcase classname="WEB-07 Application Flow" name="TC-W-199 step 5 review shows all entered data" time="0">
    </testcase>
    <testcase classname="WEB-07 Application Flow" name="TC-W-200 review step shows edit icons per section" time="0.001">
    </testcase>
    <testcase classname="WEB-07 Application Flow" name="TC-W-201 edit icon returns to correct step" time="0">
    </testcase>
    <testcase classname="WEB-07 Application Flow" name="TC-W-202 Submit button on review submits application" time="0">
    </testcase>
    <testcase classname="WEB-07 Application Flow" name="TC-W-203 success screen shows after successful submission" time="0">
    </testcase>
    <testcase classname="WEB-07 Application Flow" name="TC-W-204 success screen shows application reference ID" time="0">
    </testcase>
    <testcase classname="WEB-07 Application Flow" name="TC-W-205 Track Application button is on success screen" time="0">
    </testcase>
    <testcase classname="WEB-07 Application Flow" name="TC-W-206 application tracking shows timeline" time="0">
    </testcase>
    <testcase classname="WEB-07 Application Flow" name="TC-W-207 tracking shows current status badge" time="0">
    </testcase>
    <testcase classname="WEB-07 Application Flow" name="TC-W-208 Back to Home button is on success screen" time="0.001">
    </testcase>
    <testcase classname="WEB-07 Application Flow" name="TC-W-209 application progress is saved on step navigation" time="0">
    </testcase>
    <testcase classname="WEB-07 Application Flow" name="TC-W-210 draft application resumes from last step" time="0">
    </testcase>
    <testcase classname="WEB-08 Notifications" name="TC-W-211 notifications tab renders without crash" time="0">
    </testcase>
    <testcase classname="WEB-08 Notifications" name="TC-W-212 notification list shows all items" time="0">
    </testcase>
    <testcase classname="WEB-08 Notifications" name="TC-W-213 unread notifications have distinct styling" time="0">
    </testcase>
    <testcase classname="WEB-08 Notifications" name="TC-W-214 notification type icon shown per type" time="0">
    </testcase>
    <testcase classname="WEB-08 Notifications" name="TC-W-215 notification title is bold and visible" time="0">
    </testcase>
    <testcase classname="WEB-08 Notifications" name="TC-W-216 notification message text is readable" time="0">
    </testcase>
    <testcase classname="WEB-08 Notifications" name="TC-W-217 notification timestamp is shown" time="0">
    </testcase>
    <testcase classname="WEB-08 Notifications" name="TC-W-218 tapping notification marks it as read" time="0">
    </testcase>
    <testcase classname="WEB-08 Notifications" name="TC-W-219 notification detail page opens on tap" time="0">
    </testcase>
    <testcase classname="WEB-08 Notifications" name="TC-W-220 notification detail shows full message" time="0">
    </testcase>
    <testcase classname="WEB-08 Notifications" name="TC-W-221 Mark All Read button clears unread badges" time="0">
    </testcase>
    <testcase classname="WEB-08 Notifications" name="TC-W-222 empty state shown when no notifications" time="0.001">
    </testcase>
    <testcase classname="WEB-08 Notifications" name="TC-W-223 notification bell badge updates on new item" time="0">
    </testcase>
    <testcase classname="WEB-08 Notifications" name="TC-W-224 notifications are sorted newest first" time="0">
    </testcase>
    <testcase classname="WEB-08 Notifications" name="TC-W-225 scheme-related notification links to scheme" time="0">
    </testcase>
    <testcase classname="WEB-08 Notifications" name="TC-W-226 application-related notification links to tracking" time="0">
    </testcase>
    <testcase classname="WEB-08 Notifications" name="TC-W-227 notification list is scrollable" time="0">
    </testcase>
    <testcase classname="WEB-08 Notifications" name="TC-W-228 notification store unread count is accurate" time="0">
    </testcase>
    <testcase classname="WEB-08 Notifications" name="TC-W-229 real-time notification appears without reload" time="0">
    </testcase>
    <testcase classname="WEB-08 Notifications" name="TC-W-230 notification permission prompt shown on web" time="0.001">
    </testcase>
    <testcase classname="WEB-08 Notifications" name="TC-W-231 notification filter by type works" time="0">
    </testcase>
    <testcase classname="WEB-08 Notifications" name="TC-W-232 delete notification removes it from list" time="0">
    </testcase>
    <testcase classname="WEB-08 Notifications" name="TC-W-233 notification shows related scheme name" time="0.001">
    </testcase>
    <testcase classname="WEB-08 Notifications" name="TC-W-234 notification count badge disappears when all read" time="0">
    </testcase>
    <testcase classname="WEB-08 Notifications" name="TC-W-235 notification date format is DD MMM YYYY" time="0">
    </testcase>
    <testcase classname="WEB-08 Notifications" name="TC-W-236 long notification message truncates with ellipsis" time="0">
    </testcase>
    <testcase classname="WEB-08 Notifications" name="TC-W-237 notification accessible by keyboard nav" time="0">
    </testcase>
    <testcase classname="WEB-08 Notifications" name="TC-W-238 success notification type shows green icon" time="0">
    </testcase>
    <testcase classname="WEB-08 Notifications" name="TC-W-239 error notification type shows red icon" time="0">
    </testcase>
    <testcase classname="WEB-08 Notifications" name="TC-W-240 warning notification type shows yellow icon" time="0">
    </testcase>
    <testcase classname="WEB-09 Profile &amp; Settings" name="TC-W-241 profile tab renders user name" time="0">
    </testcase>
    <testcase classname="WEB-09 Profile &amp; Settings" name="TC-W-242 profile shows user email" time="0">
    </testcase>
    <testcase classname="WEB-09 Profile &amp; Settings" name="TC-W-243 profile shows user phone" time="0">
    </testcase>
    <testcase classname="WEB-09 Profile &amp; Settings" name="TC-W-244 Edit Personal Info navigates to personal form" time="0">
    </testcase>
    <testcase classname="WEB-09 Profile &amp; Settings" name="TC-W-245 Edit Address navigates to address form" time="0">
    </testcase>
    <testcase classname="WEB-09 Profile &amp; Settings" name="TC-W-246 My Applications link is on profile" time="0">
    </testcase>
    <testcase classname="WEB-09 Profile &amp; Settings" name="TC-W-247 Saved Schemes link is on profile" time="0.001">
    </testcase>
    <testcase classname="WEB-09 Profile &amp; Settings" name="TC-W-248 Support link is on profile" time="0">
    </testcase>
    <testcase classname="WEB-09 Profile &amp; Settings" name="TC-W-249 Logout button is on profile" time="0">
    </testcase>
    <testcase classname="WEB-09 Profile &amp; Settings" name="TC-W-250 logout clears auth state and goes to login" time="0">
    </testcase>
    <testcase classname="WEB-09 Profile &amp; Settings" name="TC-W-251 settings page renders theme toggle" time="0">
    </testcase>
    <testcase classname="WEB-09 Profile &amp; Settings" name="TC-W-252 dark mode toggle switches theme" time="0">
    </testcase>
    <testcase classname="WEB-09 Profile &amp; Settings" name="TC-W-253 light mode toggle switches theme back" time="0.001">
    </testcase>
    <testcase classname="WEB-09 Profile &amp; Settings" name="TC-W-254 settings page shows language selector" time="0">
    </testcase>
    <testcase classname="WEB-09 Profile &amp; Settings" name="TC-W-255 language change updates UI text" time="0">
    </testcase>
    <testcase classname="WEB-09 Profile &amp; Settings" name="TC-W-256 reminder settings page renders" time="0">
    </testcase>
    <testcase classname="WEB-09 Profile &amp; Settings" name="TC-W-257 reminder toggle enables push notifications" time="0.001">
    </testcase>
    <testcase classname="WEB-09 Profile &amp; Settings" name="TC-W-258 about page renders app version" time="0.001">
    </testcase>
    <testcase classname="WEB-09 Profile &amp; Settings" name="TC-W-259 about page shows app description" time="0.001">
    </testcase>
    <testcase classname="WEB-09 Profile &amp; Settings" name="TC-W-260 personal info form saves on submit" time="0">
    </testcase>
    <testcase classname="WEB-09 Profile &amp; Settings" name="TC-W-261 address form validates pincode on submit" time="0">
    </testcase>
    <testcase classname="WEB-09 Profile &amp; Settings" name="TC-W-262 profile avatar shows initials if no image" time="0.001">
    </testcase>
    <testcase classname="WEB-09 Profile &amp; Settings" name="TC-W-263 My Applications shows application status cards" time="0">
    </testcase>
    <testcase classname="WEB-09 Profile &amp; Settings" name="TC-W-264 application status card shows scheme name" time="0">
    </testcase>
    <testcase classname="WEB-09 Profile &amp; Settings" name="TC-W-265 application status shows step progress" time="0">
    </testcase>
    <testcase classname="WEB-09 Profile &amp; Settings" name="TC-W-266 settings page back button works" time="0">
    </testcase>
    <testcase classname="WEB-09 Profile &amp; Settings" name="TC-W-267 profile page is scrollable" time="0">
    </testcase>
    <testcase classname="WEB-09 Profile &amp; Settings" name="TC-W-268 profile completion percentage is shown" time="0.001">
    </testcase>
    <testcase classname="WEB-09 Profile &amp; Settings" name="TC-W-269 profile bank details section renders" time="0">
    </testcase>
    <testcase classname="WEB-09 Profile &amp; Settings" name="TC-W-270 profile page renders on 320px viewport" time="0.001">
    </testcase>
    <testcase classname="WEB-10 Support, AI &amp; Documents" name="TC-W-271 support index page renders" time="0.001">
    </testcase>
    <testcase classname="WEB-10 Support, AI &amp; Documents" name="TC-W-272 FAQs section expands on tap" time="0">
    </testcase>
    <testcase classname="WEB-10 Support, AI &amp; Documents" name="TC-W-273 New Ticket button opens ticket form" time="0">
    </testcase>
    <testcase classname="WEB-10 Support, AI &amp; Documents" name="TC-W-274 ticket form has subject field" time="0">
    </testcase>
    <testcase classname="WEB-10 Support, AI &amp; Documents" name="TC-W-275 ticket form has description field" time="0">
    </testcase>
    <testcase classname="WEB-10 Support, AI &amp; Documents" name="TC-W-276 ticket form has priority selector" time="0">
    </testcase>
    <testcase classname="WEB-10 Support, AI &amp; Documents" name="TC-W-277 submitting ticket creates new ticket" time="0.001">
    </testcase>
    <testcase classname="WEB-10 Support, AI &amp; Documents" name="TC-W-278 ticket detail page shows responses" time="0">
    </testcase>
    <testcase classname="WEB-10 Support, AI &amp; Documents" name="TC-W-279 AI chat tab renders message input" time="0">
    </testcase>
    <testcase classname="WEB-10 Support, AI &amp; Documents" name="TC-W-280 AI chat shows welcome message" time="0">
    </testcase>
    <testcase classname="WEB-10 Support, AI &amp; Documents" name="TC-W-281 sending AI message shows user bubble" time="0.001">
    </testcase>
    <testcase classname="WEB-10 Support, AI &amp; Documents" name="TC-W-282 AI response appears in chat bubble" time="0">
    </testcase>
    <testcase classname="WEB-10 Support, AI &amp; Documents" name="TC-W-283 AI voice screen renders microphone button" time="0">
    </testcase>
    <testcase classname="WEB-10 Support, AI &amp; Documents" name="TC-W-284 AI results page shows recommended schemes" time="0">
    </testcase>
    <testcase classname="WEB-10 Support, AI &amp; Documents" name="TC-W-285 document upload page renders" time="0">
    </testcase>
    <testcase classname="WEB-10 Support, AI &amp; Documents" name="TC-W-286 upload box accepts PDF files" time="0">
    </testcase>
    <testcase classname="WEB-10 Support, AI &amp; Documents" name="TC-W-287 upload box accepts image files" time="0">
    </testcase>
    <testcase classname="WEB-10 Support, AI &amp; Documents" name="TC-W-288 document preview page renders file" time="0">
    </testcase>
    <testcase classname="WEB-10 Support, AI &amp; Documents" name="TC-W-289 document verification page shows status" time="0">
    </testcase>
    <testcase classname="WEB-10 Support, AI &amp; Documents" name="TC-W-290 verified document shows green checkmark" time="0.001">
    </testcase>
    <testcase classname="WEB-10 Support, AI &amp; Documents" name="TC-W-291 unverified document shows pending badge" time="0">
    </testcase>
    <testcase classname="WEB-10 Support, AI &amp; Documents" name="TC-W-292 FAQ search filters questions" time="0">
    </testcase>
    <testcase classname="WEB-10 Support, AI &amp; Documents" name="TC-W-293 FAQ answer expands below question" time="0.001">
    </testcase>
    <testcase classname="WEB-10 Support, AI &amp; Documents" name="TC-W-294 support page shows contact info" time="0.001">
    </testcase>
    <testcase classname="WEB-10 Support, AI &amp; Documents" name="TC-W-295 AI chat suggestion chips are tappable" time="0">
    </testcase>
    <testcase classname="WEB-10 Support, AI &amp; Documents" name="TC-W-296 AI chat history persists on re-open" time="0">
    </testcase>
    <testcase classname="WEB-10 Support, AI &amp; Documents" name="TC-W-297 not-found page renders 404 message" time="0">
    </testcase>
    <testcase classname="WEB-10 Support, AI &amp; Documents" name="TC-W-298 not-found page has go-home button" time="0">
    </testcase>
    <testcase classname="WEB-10 Support, AI &amp; Documents" name="TC-W-299 all bottom tabs are keyboard-focusable" time="0">
    </testcase>
    <testcase classname="WEB-10 Support, AI &amp; Documents" name="TC-W-300 web build exports without TypeScript errors" time="0">
    </testcase>
  </testsuite>
  <testsuite name="DEP-01 Package Dependencies" errors="0" failures="0" skipped="0" timestamp="2026-07-30T08:40:44" time="6.169" tests="300">
    <testcase classname="DEP-01 Package Dependencies" name="TC-D-001 package.json exists and has name field" time="0.014">
    </testcase>
    <testcase classname="DEP-01 Package Dependencies" name="TC-D-002 package.json has version field" time="0.001">
    </testcase>
    <testcase classname="DEP-01 Package Dependencies" name="TC-D-003 package.json has main entry point" time="0">
    </testcase>
    <testcase classname="DEP-01 Package Dependencies" name="TC-D-004 expo dependency is present" time="0.001">
    </testcase>
    <testcase classname="DEP-01 Package Dependencies" name="TC-D-005 expo-router dependency is present" time="0.001">
    </testcase>
    <testcase classname="DEP-01 Package Dependencies" name="TC-D-006 supabase-js dependency is present" time="0.002">
    </testcase>
    <testcase classname="DEP-01 Package Dependencies" name="TC-D-007 react version is 18 or 19" time="0.001">
    </testcase>
    <testcase classname="DEP-01 Package Dependencies" name="TC-D-008 react-native dependency is present" time="0">
    </testcase>
    <testcase classname="DEP-01 Package Dependencies" name="TC-D-009 typescript is a devDependency" time="0">
    </testcase>
    <testcase classname="DEP-01 Package Dependencies" name="TC-D-010 jest is a devDependency" time="0">
    </testcase>
    <testcase classname="DEP-01 Package Dependencies" name="TC-D-011 ts-jest is a devDependency" time="0.001">
    </testcase>
    <testcase classname="DEP-01 Package Dependencies" name="TC-D-012 @types/jest is a devDependency" time="0">
    </testcase>
    <testcase classname="DEP-01 Package Dependencies" name="TC-D-013 zustand dependency is present" time="0.001">
    </testcase>
    <testcase classname="DEP-01 Package Dependencies" name="TC-D-014 lucide-react-native dependency is present" time="0">
    </testcase>
    <testcase classname="DEP-01 Package Dependencies" name="TC-D-015 react-hook-form dependency is present" time="0.001">
    </testcase>
    <testcase classname="DEP-01 Package Dependencies" name="TC-D-016 zod dependency is present" time="0">
    </testcase>
    <testcase classname="DEP-01 Package Dependencies" name="TC-D-017 @hookform/resolvers is present" time="0.001">
    </testcase>
    <testcase classname="DEP-01 Package Dependencies" name="TC-D-018 expo-camera dependency is present" time="0">
    </testcase>
    <testcase classname="DEP-01 Package Dependencies" name="TC-D-019 expo-linear-gradient dependency is present" time="0">
    </testcase>
    <testcase classname="DEP-01 Package Dependencies" name="TC-D-020 expo-haptics dependency is present" time="0">
    </testcase>
    <testcase classname="DEP-01 Package Dependencies" name="TC-D-021 expo-splash-screen dependency is present" time="0">
    </testcase>
    <testcase classname="DEP-01 Package Dependencies" name="TC-D-022 expo-status-bar dependency is present" time="0.001">
    </testcase>
    <testcase classname="DEP-01 Package Dependencies" name="TC-D-023 expo-font dependency is present" time="0">
    </testcase>
    <testcase classname="DEP-01 Package Dependencies" name="TC-D-024 expo-blur dependency is present" time="0">
    </testcase>
    <testcase classname="DEP-01 Package Dependencies" name="TC-D-025 expo-web-browser dependency is present" time="0">
    </testcase>
    <testcase classname="DEP-01 Package Dependencies" name="TC-D-026 expo-constants dependency is present" time="0">
    </testcase>
    <testcase classname="DEP-01 Package Dependencies" name="TC-D-027 react-native-reanimated is present" time="0.001">
    </testcase>
    <testcase classname="DEP-01 Package Dependencies" name="TC-D-028 react-native-gesture-handler is present" time="0">
    </testcase>
    <testcase classname="DEP-01 Package Dependencies" name="TC-D-029 react-native-safe-area-context is present" time="0">
    </testcase>
    <testcase classname="DEP-01 Package Dependencies" name="TC-D-030 react-native-screens is present" time="0">
    </testcase>
    <testcase classname="DEP-02 Core Config Files" name="TC-D-031 app.json exists" time="0.001">
    </testcase>
    <testcase classname="DEP-02 Core Config Files" name="TC-D-032 tsconfig.json exists" time="0">
    </testcase>
    <testcase classname="DEP-02 Core Config Files" name="TC-D-033 babel.config.js exists" time="0">
    </testcase>
    <testcase classname="DEP-02 Core Config Files" name="TC-D-034 .gitignore exists" time="0.001">
    </testcase>
    <testcase classname="DEP-02 Core Config Files" name="TC-D-035 tailwind.config.js exists" time="0">
    </testcase>
    <testcase classname="DEP-02 Core Config Files" name="TC-D-036 .prettierrc exists" time="0.001">
    </testcase>
    <testcase classname="DEP-02 Core Config Files" name="TC-D-037 jest.config.js exists" time="0">
    </testcase>
    <testcase classname="DEP-02 Core Config Files" name="TC-D-038 nativewind-env.d.ts exists" time="0">
    </testcase>
    <testcase classname="DEP-02 Core Config Files" name="TC-D-039 expo-env.d.ts exists or nativewind-env.d.ts covers it" time="0">
    </testcase>
    <testcase classname="DEP-02 Core Config Files" name="TC-D-040 .env file exists" time="0.001">
    </testcase>
    <testcase classname="DEP-02 Core Config Files" name="TC-D-041 .bolt/config.json exists" time="0">
    </testcase>
    <testcase classname="DEP-02 Core Config Files" name="TC-D-042 package-lock.json exists" time="0.001">
    </testcase>
    <testcase classname="DEP-02 Core Config Files" name="TC-D-043 app.json has a valid slug" time="0.004">
    </testcase>
    <testcase classname="DEP-02 Core Config Files" name="TC-D-044 app.json has a name field" time="0">
    </testcase>
    <testcase classname="DEP-02 Core Config Files" name="TC-D-045 app.json has a scheme field" time="0.001">
    </testcase>
    <testcase classname="DEP-02 Core Config Files" name="TC-D-046 tsconfig has paths configured" time="0.001">
    </testcase>
    <testcase classname="DEP-02 Core Config Files" name="TC-D-047 tsconfig has jsx configured" time="0.001">
    </testcase>
    <testcase classname="DEP-02 Core Config Files" name="TC-D-048 babel.config.js has preset for expo" time="0">
    </testcase>
    <testcase classname="DEP-02 Core Config Files" name="TC-D-049 tailwind.config.js has content paths" time="0.001">
    </testcase>
    <testcase classname="DEP-02 Core Config Files" name="TC-D-050 .gitignore ignores node_modules" time="0">
    </testcase>
    <testcase classname="DEP-02 Core Config Files" name="TC-D-051 .gitignore ignores .env" time="0.006">
    </testcase>
    <testcase classname="DEP-02 Core Config Files" name="TC-D-052 .gitignore ignores dist" time="0">
    </testcase>
    <testcase classname="DEP-02 Core Config Files" name="TC-D-053 jest.config.js has preset ts-jest" time="0.001">
    </testcase>
    <testcase classname="DEP-02 Core Config Files" name="TC-D-054 jest.config.js has testMatch pattern" time="0">
    </testcase>
    <testcase classname="DEP-02 Core Config Files" name="TC-D-055 jest.config.js has moduleNameMapper" time="0.001">
    </testcase>
    <testcase classname="DEP-02 Core Config Files" name="TC-D-056 jest.config.js has reporters configured" time="0">
    </testcase>
    <testcase classname="DEP-02 Core Config Files" name="TC-D-057 package.json has dev script" time="0">
    </testcase>
    <testcase classname="DEP-02 Core Config Files" name="TC-D-058 package.json has build:web script" time="0.001">
    </testcase>
    <testcase classname="DEP-02 Core Config Files" name="TC-D-059 package.json has typecheck script" time="0">
    </testcase>
    <testcase classname="DEP-02 Core Config Files" name="TC-D-060 package.json has lint script" time="0">
    </testcase>
    <testcase classname="DEP-03 App Routes — Auth" name="TC-D-061 app/_layout.tsx exists" time="0.001">
    </testcase>
    <testcase classname="DEP-03 App Routes — Auth" name="TC-D-062 app/+not-found.tsx exists" time="0">
    </testcase>
    <testcase classname="DEP-03 App Routes — Auth" name="TC-D-063 app/index.tsx exists" time="0">
    </testcase>
    <testcase classname="DEP-03 App Routes — Auth" name="TC-D-064 app/splash.tsx exists" time="0">
    </testcase>
    <testcase classname="DEP-03 App Routes — Auth" name="TC-D-065 app/onboarding.tsx exists" time="0">
    </testcase>
    <testcase classname="DEP-03 App Routes — Auth" name="TC-D-066 app/auth/login.tsx exists" time="0.001">
    </testcase>
    <testcase classname="DEP-03 App Routes — Auth" name="TC-D-067 app/auth/register.tsx exists" time="0">
    </testcase>
    <testcase classname="DEP-03 App Routes — Auth" name="TC-D-068 app/auth/otp.tsx exists" time="0.001">
    </testcase>
    <testcase classname="DEP-03 App Routes — Auth" name="TC-D-069 app/auth/set-password.tsx exists" time="0">
    </testcase>
    <testcase classname="DEP-03 App Routes — Auth" name="TC-D-070 app/auth/forgot-password.tsx exists" time="0.001">
    </testcase>
    <testcase classname="DEP-03 App Routes — Auth" name="TC-D-071 app/(tabs)/_layout.tsx exists" time="0">
    </testcase>
    <testcase classname="DEP-03 App Routes — Auth" name="TC-D-072 app/(tabs)/index.tsx exists" time="0.001">
    </testcase>
    <testcase classname="DEP-03 App Routes — Auth" name="TC-D-073 app/(tabs)/schemes.tsx exists" time="0">
    </testcase>
    <testcase classname="DEP-03 App Routes — Auth" name="TC-D-074 app/(tabs)/ai.tsx exists" time="0">
    </testcase>
    <testcase classname="DEP-03 App Routes — Auth" name="TC-D-075 app/(tabs)/notifications.tsx exists" time="0">
    </testcase>
    <testcase classname="DEP-03 App Routes — Auth" name="TC-D-076 app/(tabs)/profile.tsx exists" time="0">
    </testcase>
    <testcase classname="DEP-03 App Routes — Auth" name="TC-D-077 app/about.tsx exists" time="0.001">
    </testcase>
    <testcase classname="DEP-03 App Routes — Auth" name="TC-D-078 app/language.tsx exists" time="0">
    </testcase>
    <testcase classname="DEP-03 App Routes — Auth" name="TC-D-079 app/logout.tsx exists" time="0">
    </testcase>
    <testcase classname="DEP-03 App Routes — Auth" name="TC-D-080 hooks/useFrameworkReady.ts exists" time="0">
    </testcase>
    <testcase classname="DEP-03 App Routes — Auth" name="TC-D-081 lib/supabase.ts exists" time="0">
    </testcase>
    <testcase classname="DEP-03 App Routes — Auth" name="TC-D-082 constants/colors.ts exists" time="0">
    </testcase>
    <testcase classname="DEP-03 App Routes — Auth" name="TC-D-083 constants/data.ts exists" time="0">
    </testcase>
    <testcase classname="DEP-03 App Routes — Auth" name="TC-D-084 types/index.ts exists" time="0">
    </testcase>
    <testcase classname="DEP-03 App Routes — Auth" name="TC-D-085 app/_layout.tsx uses useFrameworkReady" time="0.001">
    </testcase>
    <testcase classname="DEP-03 App Routes — Auth" name="TC-D-086 app/(tabs)/_layout.tsx uses Tabs from expo-router" time="0">
    </testcase>
    <testcase classname="DEP-03 App Routes — Auth" name="TC-D-087 app/index.tsx exports default component" time="0">
    </testcase>
    <testcase classname="DEP-03 App Routes — Auth" name="TC-D-088 app/+not-found.tsx exports default component" time="0">
    </testcase>
    <testcase classname="DEP-03 App Routes — Auth" name="TC-D-089 app/splash.tsx exports default component" time="0">
    </testcase>
    <testcase classname="DEP-03 App Routes — Auth" name="TC-D-090 app/onboarding.tsx exports default component" time="0">
    </testcase>
    <testcase classname="DEP-04 App Routes — Main" name="TC-D-091 app/scheme/[id].tsx exists" time="0">
    </testcase>
    <testcase classname="DEP-04 App Routes — Main" name="TC-D-092 app/scheme/all.tsx exists" time="0">
    </testcase>
    <testcase classname="DEP-04 App Routes — Main" name="TC-D-093 app/scheme/search.tsx exists" time="0">
    </testcase>
    <testcase classname="DEP-04 App Routes — Main" name="TC-D-094 app/scheme/saved.tsx exists" time="0">
    </testcase>
    <testcase classname="DEP-04 App Routes — Main" name="TC-D-095 app/scheme/categories.tsx exists" time="0.001">
    </testcase>
    <testcase classname="DEP-04 App Routes — Main" name="TC-D-096 app/scheme/compare.tsx exists" time="0">
    </testcase>
    <testcase classname="DEP-04 App Routes — Main" name="TC-D-097 app/scheme/ai-recommendations.tsx exists" time="0.001">
    </testcase>
    <testcase classname="DEP-04 App Routes — Main" name="TC-D-098 app/scheme/eligibility-result.tsx exists" time="0">
    </testcase>
    <testcase classname="DEP-04 App Routes — Main" name="TC-D-099 app/scheme/category/[id].tsx exists" time="0">
    </testcase>
    <testcase classname="DEP-04 App Routes — Main" name="TC-D-100 app/scheme/eligibility/[id].tsx exists" time="0.001">
    </testcase>
    <testcase classname="DEP-04 App Routes — Main" name="TC-D-101 app/ai/chat.tsx exists" time="0">
    </testcase>
    <testcase classname="DEP-04 App Routes — Main" name="TC-D-102 app/ai/results.tsx exists" time="0.001">
    </testcase>
    <testcase classname="DEP-04 App Routes — Main" name="TC-D-103 app/ai/voice.tsx exists" time="0">
    </testcase>
    <testcase classname="DEP-04 App Routes — Main" name="TC-D-104 app/notification/[id].tsx exists" time="0.001">
    </testcase>
    <testcase classname="DEP-04 App Routes — Main" name="TC-D-105 app/document/upload.tsx exists" time="0">
    </testcase>
    <testcase classname="DEP-04 App Routes — Main" name="TC-D-106 app/document/preview.tsx exists" time="0.001">
    </testcase>
    <testcase classname="DEP-04 App Routes — Main" name="TC-D-107 app/document/verification.tsx exists" time="0">
    </testcase>
    <testcase classname="DEP-04 App Routes — Main" name="TC-D-108 app/profile/personal.tsx exists" time="0.001">
    </testcase>
    <testcase classname="DEP-04 App Routes — Main" name="TC-D-109 app/profile/address.tsx exists" time="0.003">
    </testcase>
    <testcase classname="DEP-04 App Routes — Main" name="TC-D-110 app/settings/index.tsx exists" time="0">
    </testcase>
    <testcase classname="DEP-04 App Routes — Main" name="TC-D-111 app/settings/language.tsx exists" time="0.001">
    </testcase>
    <testcase classname="DEP-04 App Routes — Main" name="TC-D-112 app/settings/theme.tsx exists" time="0">
    </testcase>
    <testcase classname="DEP-04 App Routes — Main" name="TC-D-113 app/settings/reminders.tsx exists" time="0.002">
    </testcase>
    <testcase classname="DEP-04 App Routes — Main" name="TC-D-114 app/support/index.tsx exists" time="0.001">
    </testcase>
    <testcase classname="DEP-04 App Routes — Main" name="TC-D-115 app/support/faqs.tsx exists" time="0">
    </testcase>
    <testcase classname="DEP-04 App Routes — Main" name="TC-D-116 app/support/ticket/new.tsx exists" time="0.001">
    </testcase>
    <testcase classname="DEP-04 App Routes — Main" name="TC-D-117 app/support/ticket/[id].tsx exists" time="0">
    </testcase>
    <testcase classname="DEP-04 App Routes — Main" name="TC-D-118 app/application/[id].tsx exists" time="0">
    </testcase>
    <testcase classname="DEP-04 App Routes — Main" name="TC-D-119 app/application/tracking.tsx exists" time="0.001">
    </testcase>
    <testcase classname="DEP-04 App Routes — Main" name="TC-D-120 total route count is 40+" time="0.001">
    </testcase>
    <testcase classname="DEP-05 App Routes — Apply" name="TC-D-121 app/apply/[id]/index.tsx exists" time="0">
    </testcase>
    <testcase classname="DEP-05 App Routes — Apply" name="TC-D-122 app/apply/[id]/personal.tsx exists" time="0.001">
    </testcase>
    <testcase classname="DEP-05 App Routes — Apply" name="TC-D-123 app/apply/[id]/address.tsx exists" time="0">
    </testcase>
    <testcase classname="DEP-05 App Routes — Apply" name="TC-D-124 app/apply/[id]/bank.tsx exists" time="0.001">
    </testcase>
    <testcase classname="DEP-05 App Routes — Apply" name="TC-D-125 app/apply/[id]/documents.tsx exists" time="0">
    </testcase>
    <testcase classname="DEP-05 App Routes — Apply" name="TC-D-126 app/apply/[id]/review.tsx exists" time="0">
    </testcase>
    <testcase classname="DEP-05 App Routes — Apply" name="TC-D-127 app/apply/[id]/success.tsx exists" time="0.001">
    </testcase>
    <testcase classname="DEP-05 App Routes — Apply" name="TC-D-128 apply flow has 5 steps total" time="0.001">
    </testcase>
    <testcase classname="DEP-05 App Routes — Apply" name="TC-D-129 apply step 1 is personal info" time="0.001">
    </testcase>
    <testcase classname="DEP-05 App Routes — Apply" name="TC-D-130 apply step 2 is address" time="0">
    </testcase>
    <testcase classname="DEP-05 App Routes — Apply" name="TC-D-131 apply step 3 is bank details" time="0">
    </testcase>
    <testcase classname="DEP-05 App Routes — Apply" name="TC-D-132 apply step 4 is documents" time="0.001">
    </testcase>
    <testcase classname="DEP-05 App Routes — Apply" name="TC-D-133 apply step 5 is review" time="0">
    </testcase>
    <testcase classname="DEP-05 App Routes — Apply" name="TC-D-134 apply success page exists" time="0">
    </testcase>
    <testcase classname="DEP-05 App Routes — Apply" name="TC-D-135 apply index page exists" time="0.001">
    </testcase>
    <testcase classname="DEP-05 App Routes — Apply" name="TC-D-136 application tracking page exists" time="0">
    </testcase>
    <testcase classname="DEP-05 App Routes — Apply" name="TC-D-137 application detail page exists" time="0.001">
    </testcase>
    <testcase classname="DEP-05 App Routes — Apply" name="TC-D-138 document upload page exists" time="0">
    </testcase>
    <testcase classname="DEP-05 App Routes — Apply" name="TC-D-139 document preview page exists" time="0">
    </testcase>
    <testcase classname="DEP-05 App Routes — Apply" name="TC-D-140 document verification page exists" time="0.001">
    </testcase>
    <testcase classname="DEP-05 App Routes — Apply" name="TC-D-141 apply flow uses dynamic [id] route" time="0">
    </testcase>
    <testcase classname="DEP-05 App Routes — Apply" name="TC-D-142 apply personal step exports default component" time="0">
    </testcase>
    <testcase classname="DEP-05 App Routes — Apply" name="TC-D-143 apply address step exports default component" time="0.001">
    </testcase>
    <testcase classname="DEP-05 App Routes — Apply" name="TC-D-144 apply bank step exports default component" time="0">
    </testcase>
    <testcase classname="DEP-05 App Routes — Apply" name="TC-D-145 apply documents step exports default component" time="0">
    </testcase>
    <testcase classname="DEP-05 App Routes — Apply" name="TC-D-146 apply review step exports default component" time="0.001">
    </testcase>
    <testcase classname="DEP-05 App Routes — Apply" name="TC-D-147 apply success step exports default component" time="0">
    </testcase>
    <testcase classname="DEP-05 App Routes — Apply" name="TC-D-148 apply index exports default component" time="0">
    </testcase>
    <testcase classname="DEP-05 App Routes — Apply" name="TC-D-149 application tracking exports default component" time="0.001">
    </testcase>
    <testcase classname="DEP-05 App Routes — Apply" name="TC-D-150 application detail exports default component" time="0">
    </testcase>
    <testcase classname="DEP-06 App Routes — Scheme &amp; Support" name="TC-D-151 scheme detail route exists" time="0.001">
    </testcase>
    <testcase classname="DEP-06 App Routes — Scheme &amp; Support" name="TC-D-152 scheme all route exists" time="0">
    </testcase>
    <testcase classname="DEP-06 App Routes — Scheme &amp; Support" name="TC-D-153 scheme search route exists" time="0">
    </testcase>
    <testcase classname="DEP-06 App Routes — Scheme &amp; Support" name="TC-D-154 scheme saved route exists" time="0.001">
    </testcase>
    <testcase classname="DEP-06 App Routes — Scheme &amp; Support" name="TC-D-155 scheme categories route exists" time="0">
    </testcase>
    <testcase classname="DEP-06 App Routes — Scheme &amp; Support" name="TC-D-156 scheme compare route exists" time="0">
    </testcase>
    <testcase classname="DEP-06 App Routes — Scheme &amp; Support" name="TC-D-157 scheme AI recommendations route exists" time="0">
    </testcase>
    <testcase classname="DEP-06 App Routes — Scheme &amp; Support" name="TC-D-158 scheme eligibility result route exists" time="0.001">
    </testcase>
    <testcase classname="DEP-06 App Routes — Scheme &amp; Support" name="TC-D-159 scheme category detail route exists" time="0">
    </testcase>
    <testcase classname="DEP-06 App Routes — Scheme &amp; Support" name="TC-D-160 scheme eligibility checker route exists" time="0">
    </testcase>
    <testcase classname="DEP-06 App Routes — Scheme &amp; Support" name="TC-D-161 support index route exists" time="0.001">
    </testcase>
    <testcase classname="DEP-06 App Routes — Scheme &amp; Support" name="TC-D-162 support FAQs route exists" time="0">
    </testcase>
    <testcase classname="DEP-06 App Routes — Scheme &amp; Support" name="TC-D-163 support new ticket route exists" time="0">
    </testcase>
    <testcase classname="DEP-06 App Routes — Scheme &amp; Support" name="TC-D-164 support ticket detail route exists" time="0.001">
    </testcase>
    <testcase classname="DEP-06 App Routes — Scheme &amp; Support" name="TC-D-165 AI chat route exists" time="0">
    </testcase>
    <testcase classname="DEP-06 App Routes — Scheme &amp; Support" name="TC-D-166 AI results route exists" time="0">
    </testcase>
    <testcase classname="DEP-06 App Routes — Scheme &amp; Support" name="TC-D-167 AI voice route exists" time="0.001">
    </testcase>
    <testcase classname="DEP-06 App Routes — Scheme &amp; Support" name="TC-D-168 notification detail route exists" time="0">
    </testcase>
    <testcase classname="DEP-06 App Routes — Scheme &amp; Support" name="TC-D-169 settings index route exists" time="0.001">
    </testcase>
    <testcase classname="DEP-06 App Routes — Scheme &amp; Support" name="TC-D-170 settings language route exists" time="0.001">
    </testcase>
    <testcase classname="DEP-06 App Routes — Scheme &amp; Support" name="TC-D-171 settings theme route exists" time="0">
    </testcase>
    <testcase classname="DEP-06 App Routes — Scheme &amp; Support" name="TC-D-172 settings reminders route exists" time="0.001">
    </testcase>
    <testcase classname="DEP-06 App Routes — Scheme &amp; Support" name="TC-D-173 profile personal route exists" time="0">
    </testcase>
    <testcase classname="DEP-06 App Routes — Scheme &amp; Support" name="TC-D-174 profile address route exists" time="0">
    </testcase>
    <testcase classname="DEP-06 App Routes — Scheme &amp; Support" name="TC-D-175 about route exists" time="0.001">
    </testcase>
    <testcase classname="DEP-06 App Routes — Scheme &amp; Support" name="TC-D-176 language route exists" time="0">
    </testcase>
    <testcase classname="DEP-06 App Routes — Scheme &amp; Support" name="TC-D-177 logout route exists" time="0">
    </testcase>
    <testcase classname="DEP-06 App Routes — Scheme &amp; Support" name="TC-D-178 scheme routes use dynamic [id] param" time="0.001">
    </testcase>
    <testcase classname="DEP-06 App Routes — Scheme &amp; Support" name="TC-D-179 notification routes use dynamic [id] param" time="0">
    </testcase>
    <testcase classname="DEP-06 App Routes — Scheme &amp; Support" name="TC-D-180 support ticket routes use dynamic [id] param" time="0">
    </testcase>
    <testcase classname="DEP-07 UI Components" name="TC-D-181 AppButton component exists" time="0">
    </testcase>
    <testcase classname="DEP-07 UI Components" name="TC-D-182 AppInput component exists" time="0">
    </testcase>
    <testcase classname="DEP-07 UI Components" name="TC-D-183 SchemeCard component exists" time="0">
    </testcase>
    <testcase classname="DEP-07 UI Components" name="TC-D-184 Header component exists" time="0.001">
    </testcase>
    <testcase classname="DEP-07 UI Components" name="TC-D-185 Loading component exists" time="0.003">
    </testcase>
    <testcase classname="DEP-07 UI Components" name="TC-D-186 EmptyState component exists" time="0.001">
    </testcase>
    <testcase classname="DEP-07 UI Components" name="TC-D-187 NotificationCard component exists" time="0.001">
    </testcase>
    <testcase classname="DEP-07 UI Components" name="TC-D-188 Logo component exists" time="0">
    </testcase>
    <testcase classname="DEP-07 UI Components" name="TC-D-189 CategoryCard component exists" time="0.001">
    </testcase>
    <testcase classname="DEP-07 UI Components" name="TC-D-190 components/ui/index.ts barrel exists" time="0">
    </testcase>
    <testcase classname="DEP-07 UI Components" name="TC-D-191 ChatBubble component exists" time="0">
    </testcase>
    <testcase classname="DEP-07 UI Components" name="TC-D-192 ProgressStepper component exists" time="0.001">
    </testcase>
    <testcase classname="DEP-07 UI Components" name="TC-D-193 UploadBox component exists" time="0">
    </testcase>
    <testcase classname="DEP-07 UI Components" name="TC-D-194 components directory exists" time="0.001">
    </testcase>
    <testcase classname="DEP-07 UI Components" name="TC-D-195 AppButton exports default component" time="0.001">
    </testcase>
    <testcase classname="DEP-07 UI Components" name="TC-D-196 AppInput exports default component" time="0.001">
    </testcase>
    <testcase classname="DEP-07 UI Components" name="TC-D-197 SchemeCard exports default component" time="0.001">
    </testcase>
    <testcase classname="DEP-07 UI Components" name="TC-D-198 Header exports default component" time="0">
    </testcase>
    <testcase classname="DEP-07 UI Components" name="TC-D-199 Loading exports default component" time="0.001">
    </testcase>
    <testcase classname="DEP-07 UI Components" name="TC-D-200 EmptyState exports default component" time="0.002">
    </testcase>
    <testcase classname="DEP-07 UI Components" name="TC-D-201 NotificationCard exports default component" time="0">
    </testcase>
    <testcase classname="DEP-07 UI Components" name="TC-D-202 Logo exports default component" time="0.001">
    </testcase>
    <testcase classname="DEP-07 UI Components" name="TC-D-203 CategoryCard exports default component" time="0">
    </testcase>
    <testcase classname="DEP-07 UI Components" name="TC-D-204 ChatBubble exports default component" time="0.001">
    </testcase>
    <testcase classname="DEP-07 UI Components" name="TC-D-205 ProgressStepper exports default component" time="0">
    </testcase>
    <testcase classname="DEP-07 UI Components" name="TC-D-206 UploadBox exports default component" time="0">
    </testcase>
    <testcase classname="DEP-07 UI Components" name="TC-D-207 index.ts re-exports all components" time="0.001">
    </testcase>
    <testcase classname="DEP-07 UI Components" name="TC-D-208 total UI component count is 13" time="0">
    </testcase>
    <testcase classname="DEP-07 UI Components" name="TC-D-209 all components use StyleSheet.create" time="0">
    </testcase>
    <testcase classname="DEP-07 UI Components" name="TC-D-210 all components use lucide-react-native icons" time="0.001">
    </testcase>
    <testcase classname="DEP-08 Stores &amp; Services" name="TC-D-211 store/authStore.ts exists" time="0.001">
    </testcase>
    <testcase classname="DEP-08 Stores &amp; Services" name="TC-D-212 store/notificationStore.ts exists" time="0.001">
    </testcase>
    <testcase classname="DEP-08 Stores &amp; Services" name="TC-D-213 store/schemeStore.ts exists" time="0.002">
    </testcase>
    <testcase classname="DEP-08 Stores &amp; Services" name="TC-D-214 store/settingsStore.ts exists" time="0">
    </testcase>
    <testcase classname="DEP-08 Stores &amp; Services" name="TC-D-215 lib/supabase.ts exists" time="0">
    </testcase>
    <testcase classname="DEP-08 Stores &amp; Services" name="TC-D-216 authStore exports useAuthStore" time="0">
    </testcase>
    <testcase classname="DEP-08 Stores &amp; Services" name="TC-D-217 notificationStore exports useNotificationStore" time="0">
    </testcase>
    <testcase classname="DEP-08 Stores &amp; Services" name="TC-D-218 schemeStore exports useSchemeStore" time="0.001">
    </testcase>
    <testcase classname="DEP-08 Stores &amp; Services" name="TC-D-219 settingsStore exports useSettingsStore" time="0.001">
    </testcase>
    <testcase classname="DEP-08 Stores &amp; Services" name="TC-D-220 supabase client exports supabase instance" time="0.001">
    </testcase>
    <testcase classname="DEP-08 Stores &amp; Services" name="TC-D-221 authStore has login action" time="0">
    </testcase>
    <testcase classname="DEP-08 Stores &amp; Services" name="TC-D-222 authStore has register action" time="0">
    </testcase>
    <testcase classname="DEP-08 Stores &amp; Services" name="TC-D-223 authStore has logout action" time="0.001">
    </testcase>
    <testcase classname="DEP-08 Stores &amp; Services" name="TC-D-224 authStore has verifyOTP action" time="0">
    </testcase>
    <testcase classname="DEP-08 Stores &amp; Services" name="TC-D-225 authStore has updateProfile action" time="0">
    </testcase>
    <testcase classname="DEP-08 Stores &amp; Services" name="TC-D-226 authStore has setLanguage action" time="0">
    </testcase>
    <testcase classname="DEP-08 Stores &amp; Services" name="TC-D-227 authStore has clearError action" time="0">
    </testcase>
    <testcase classname="DEP-08 Stores &amp; Services" name="TC-D-228 authStore has isAuthenticated state" time="0.001">
    </testcase>
    <testcase classname="DEP-08 Stores &amp; Services" name="TC-D-229 authStore has user state" time="0">
    </testcase>
    <testcase classname="DEP-08 Stores &amp; Services" name="TC-D-230 authStore has isLoading state" time="0">
    </testcase>
    <testcase classname="DEP-08 Stores &amp; Services" name="TC-D-231 authStore has error state" time="0">
    </testcase>
    <testcase classname="DEP-08 Stores &amp; Services" name="TC-D-232 authStore has onboardingCompleted state" time="0">
    </testcase>
    <testcase classname="DEP-08 Stores &amp; Services" name="TC-D-233 authStore has selectedLanguage state" time="0">
    </testcase>
    <testcase classname="DEP-08 Stores &amp; Services" name="TC-D-234 stores use Zustand create function" time="0">
    </testcase>
    <testcase classname="DEP-08 Stores &amp; Services" name="TC-D-235 supabase.ts uses createClient from supabase-js" time="0">
    </testcase>
    <testcase classname="DEP-08 Stores &amp; Services" name="TC-D-236 store directory has 4 store files" time="0.001">
    </testcase>
    <testcase classname="DEP-08 Stores &amp; Services" name="TC-D-237 constants/data.ts exports schemes" time="0">
    </testcase>
    <testcase classname="DEP-08 Stores &amp; Services" name="TC-D-238 constants/data.ts exports categories" time="0">
    </testcase>
    <testcase classname="DEP-08 Stores &amp; Services" name="TC-D-239 constants/data.ts exports languages" time="0.001">
    </testcase>
    <testcase classname="DEP-08 Stores &amp; Services" name="TC-D-240 constants/colors.ts exports Colors" time="0">
    </testcase>
    <testcase classname="DEP-09 Database Migrations" name="TC-D-241 supabase/migrations directory exists" time="0.002">
    </testcase>
    <testcase classname="DEP-09 Database Migrations" name="TC-D-242 initial schemes migration exists" time="0.001">
    </testcase>
    <testcase classname="DEP-09 Database Migrations" name="TC-D-243 seed migration exists" time="0">
    </testcase>
    <testcase classname="DEP-09 Database Migrations" name="TC-D-244 application fields migration exists" time="0.001">
    </testcase>
    <testcase classname="DEP-09 Database Migrations" name="TC-D-245 July 2026 seed migration exists" time="0">
    </testcase>
    <testcase classname="DEP-09 Database Migrations" name="TC-D-246 migrations use SQL files" time="0.001">
    </testcase>
    <testcase classname="DEP-09 Database Migrations" name="TC-D-247 migration filenames use timestamp prefix" time="0">
    </testcase>
    <testcase classname="DEP-09 Database Migrations" name="TC-D-248 migration count is 4" time="0">
    </testcase>
    <testcase classname="DEP-09 Database Migrations" name="TC-D-249 first migration creates schemes table" time="0">
    </testcase>
    <testcase classname="DEP-09 Database Migrations" name="TC-D-250 second migration seeds scheme data" time="0.001">
    </testcase>
    <testcase classname="DEP-09 Database Migrations" name="TC-D-251 third migration adds application fields" time="0">
    </testcase>
    <testcase classname="DEP-09 Database Migrations" name="TC-D-252 fourth migration seeds July 2026 data" time="0">
    </testcase>
    <testcase classname="DEP-09 Database Migrations" name="TC-D-253 types/index.ts exports User interface" time="0">
    </testcase>
    <testcase classname="DEP-09 Database Migrations" name="TC-D-254 types/index.ts exports Scheme interface" time="0.001">
    </testcase>
    <testcase classname="DEP-09 Database Migrations" name="TC-D-255 types/index.ts exports Category interface" time="0">
    </testcase>
    <testcase classname="DEP-09 Database Migrations" name="TC-D-256 types/index.ts exports Notification interface" time="0">
    </testcase>
    <testcase classname="DEP-09 Database Migrations" name="TC-D-257 types/index.ts exports Application interface" time="0">
    </testcase>
    <testcase classname="DEP-09 Database Migrations" name="TC-D-258 types/index.ts exports Document interface" time="0">
    </testcase>
    <testcase classname="DEP-09 Database Migrations" name="TC-D-259 types/index.ts exports Ticket interface" time="0">
    </testcase>
    <testcase classname="DEP-09 Database Migrations" name="TC-D-260 types/index.ts exports TicketResponse interface" time="0.001">
    </testcase>
    <testcase classname="DEP-09 Database Migrations" name="TC-D-261 types/index.ts exports Message interface" time="0">
    </testcase>
    <testcase classname="DEP-09 Database Migrations" name="TC-D-262 types/index.ts exports OnboardingItem interface" time="0">
    </testcase>
    <testcase classname="DEP-09 Database Migrations" name="TC-D-263 types/index.ts exports Language interface" time="0">
    </testcase>
    <testcase classname="DEP-09 Database Migrations" name="TC-D-264 types/index.ts exports FAQ interface" time="0">
    </testcase>
    <testcase classname="DEP-09 Database Migrations" name="TC-D-265 types/index.ts exports Address interface" time="0">
    </testcase>
    <testcase classname="DEP-09 Database Migrations" name="TC-D-266 types/index.ts exports BankDetails interface" time="0">
    </testcase>
    <testcase classname="DEP-09 Database Migrations" name="TC-D-267 types/index.ts exports Income interface" time="0.001">
    </testcase>
    <testcase classname="DEP-09 Database Migrations" name="TC-D-268 Application status includes draft" time="0">
    </testcase>
    <testcase classname="DEP-09 Database Migrations" name="TC-D-269 Application status includes submitted" time="0">
    </testcase>
    <testcase classname="DEP-09 Database Migrations" name="TC-D-270 Application status includes approved" time="0">
    </testcase>
    <testcase classname="DEP-10 Build &amp; Scripts" name="TC-D-271 package.json has scripts section" time="0.001">
    </testcase>
    <testcase classname="DEP-10 Build &amp; Scripts" name="TC-D-272 dev script uses expo start" time="0">
    </testcase>
    <testcase classname="DEP-10 Build &amp; Scripts" name="TC-D-273 build:web script uses expo export" time="0">
    </testcase>
    <testcase classname="DEP-10 Build &amp; Scripts" name="TC-D-274 typecheck script uses tsc --noEmit" time="0">
    </testcase>
    <testcase classname="DEP-10 Build &amp; Scripts" name="TC-D-275 lint script exists" time="0">
    </testcase>
    <testcase classname="DEP-10 Build &amp; Scripts" name="TC-D-276 EXPO_NO_TELEMETRY is set in dev script" time="0.001">
    </testcase>
    <testcase classname="DEP-10 Build &amp; Scripts" name="TC-D-277 package.json is private" time="0">
    </testcase>
    <testcase classname="DEP-10 Build &amp; Scripts" name="TC-D-278 package.json main is expo-router/entry" time="0">
    </testcase>
    <testcase classname="DEP-10 Build &amp; Scripts" name="TC-D-279 GitHub Actions workflow exists" time="0">
    </testcase>
    <testcase classname="DEP-10 Build &amp; Scripts" name="TC-D-280 GitHub Actions workflow has 6 test jobs" time="0.001">
    </testcase>
    <testcase classname="DEP-10 Build &amp; Scripts" name="TC-D-281 GitHub Actions has compile-report job" time="0">
    </testcase>
    <testcase classname="DEP-10 Build &amp; Scripts" name="TC-D-282 GitHub Actions uses actions/checkout@v4" time="0">
    </testcase>
    <testcase classname="DEP-10 Build &amp; Scripts" name="TC-D-283 GitHub Actions uses actions/setup-node@v4" time="0">
    </testcase>
    <testcase classname="DEP-10 Build &amp; Scripts" name="TC-D-284 GitHub Actions uses actions/upload-artifact@v4" time="0">
    </testcase>
    <testcase classname="DEP-10 Build &amp; Scripts" name="TC-D-285 GitHub Actions uses actions/download-artifact@v4" time="0">
    </testcase>
    <testcase classname="DEP-10 Build &amp; Scripts" name="TC-D-286 GitHub Actions triggers on push to main" time="0">
    </testcase>
    <testcase classname="DEP-10 Build &amp; Scripts" name="TC-D-287 GitHub Actions triggers on pull request" time="0">
    </testcase>
    <testcase classname="DEP-10 Build &amp; Scripts" name="TC-D-288 GitHub Actions uses Node 20" time="0">
    </testcase>
    <testcase classname="DEP-10 Build &amp; Scripts" name="TC-D-289 GitHub Actions caches npm" time="0">
    </testcase>
    <testcase classname="DEP-10 Build &amp; Scripts" name="TC-D-290 report generator script exists" time="0.001">
    </testcase>
    <testcase classname="DEP-10 Build &amp; Scripts" name="TC-D-291 report generator outputs CSV" time="0">
    </testcase>
    <testcase classname="DEP-10 Build &amp; Scripts" name="TC-D-292 report generator reads Jest JSON" time="0">
    </testcase>
    <testcase classname="DEP-10 Build &amp; Scripts" name="TC-D-293 test reports directory exists" time="0">
    </testcase>
    <testcase classname="DEP-10 Build &amp; Scripts" name="TC-D-294 junit.xml report exists" time="0">
    </testcase>
    <testcase classname="DEP-10 Build &amp; Scripts" name="TC-D-295 test report CSV exists" time="0.001">
    </testcase>
    <testcase classname="DEP-10 Build &amp; Scripts" name="TC-D-296 README.md exists" time="0">
    </testcase>
    <testcase classname="DEP-10 Build &amp; Scripts" name="TC-D-297 MOBILE_SETUP.md exists" time="0">
    </testcase>
    <testcase classname="DEP-10 Build &amp; Scripts" name="TC-D-298 public/images directory exists" time="0">
    </testcase>
    <testcase classname="DEP-10 Build &amp; Scripts" name="TC-D-299 .expo directory is gitignored" time="0">
    </testcase>
    <testcase classname="DEP-10 Build &amp; Scripts" name="TC-D-300 project is ready for deployment" time="0">
    </testcase>
  </testsuite>
  <testsuite name="AND-01 App Launch &amp; Initialization" errors="0" failures="0" skipped="0" timestamp="2026-07-30T08:40:44" time="6.15" tests="300">
    <testcase classname="AND-01 App Launch &amp; Initialization" name="TC-A-001 app launches without crash on Android 10" time="0.01">
    </testcase>
    <testcase classname="AND-01 App Launch &amp; Initialization" name="TC-A-002 app launches without crash on Android 11" time="0.001">
    </testcase>
    <testcase classname="AND-01 App Launch &amp; Initialization" name="TC-A-003 app launches without crash on Android 12" time="0">
    </testcase>
    <testcase classname="AND-01 App Launch &amp; Initialization" name="TC-A-004 app launches without crash on Android 13" time="0.001">
    </testcase>
    <testcase classname="AND-01 App Launch &amp; Initialization" name="TC-A-005 app launches without crash on Android 14" time="0">
    </testcase>
    <testcase classname="AND-01 App Launch &amp; Initialization" name="TC-A-006 splash screen renders within 2 seconds" time="0">
    </testcase>
    <testcase classname="AND-01 App Launch &amp; Initialization" name="TC-A-007 app logo is visible on splash screen" time="0">
    </testcase>
    <testcase classname="AND-01 App Launch &amp; Initialization" name="TC-A-008 no ANR occurs during launch" time="0">
    </testcase>
    <testcase classname="AND-01 App Launch &amp; Initialization" name="TC-A-009 no crash on cold start" time="0.001">
    </testcase>
    <testcase classname="AND-01 App Launch &amp; Initialization" name="TC-A-010 no crash on warm start" time="0">
    </testcase>
    <testcase classname="AND-01 App Launch &amp; Initialization" name="TC-A-011 status bar renders correctly" time="0">
    </testcase>
    <testcase classname="AND-01 App Launch &amp; Initialization" name="TC-A-012 safe area insets respected on notch devices" time="0">
    </testcase>
    <testcase classname="AND-01 App Launch &amp; Initialization" name="TC-A-013 app handles low memory during launch" time="0">
    </testcase>
    <testcase classname="AND-01 App Launch &amp; Initialization" name="TC-A-014 app requests no unnecessary permissions at launch" time="0">
    </testcase>
    <testcase classname="AND-01 App Launch &amp; Initialization" name="TC-A-015 splash transitions to onboarding on first run" time="0.001">
    </testcase>
    <testcase classname="AND-01 App Launch &amp; Initialization" name="TC-A-016 splash transitions to home if already onboarded" time="0">
    </testcase>
    <testcase classname="AND-01 App Launch &amp; Initialization" name="TC-A-017 deep link scheme://scheme/1 opens detail page" time="0">
    </testcase>
    <testcase classname="AND-01 App Launch &amp; Initialization" name="TC-A-018 deep link scheme://apply/1 opens application flow" time="0">
    </testcase>
    <testcase classname="AND-01 App Launch &amp; Initialization" name="TC-A-019 app icon is correct on launcher" time="0">
    </testcase>
    <testcase classname="AND-01 App Launch &amp; Initialization" name="TC-A-020 app name shows as KisanConnect on launcher" time="0.001">
    </testcase>
    <testcase classname="AND-01 App Launch &amp; Initialization" name="TC-A-021 app does not request CAMERA permission at launch" time="0">
    </testcase>
    <testcase classname="AND-01 App Launch &amp; Initialization" name="TC-A-022 app does not request STORAGE permission at launch" time="0">
    </testcase>
    <testcase classname="AND-01 App Launch &amp; Initialization" name="TC-A-023 launch time &lt; 3s on mid-range device" time="0">
    </testcase>
    <testcase classname="AND-01 App Launch &amp; Initialization" name="TC-A-024 launch time &lt; 2s on flagship device" time="0.001">
    </testcase>
    <testcase classname="AND-01 App Launch &amp; Initialization" name="TC-A-025 app renders correctly in portrait mode" time="0">
    </testcase>
    <testcase classname="AND-01 App Launch &amp; Initialization" name="TC-A-026 app renders correctly in landscape mode" time="0">
    </testcase>
    <testcase classname="AND-01 App Launch &amp; Initialization" name="TC-A-027 rotating during splash does not crash" time="0">
    </testcase>
    <testcase classname="AND-01 App Launch &amp; Initialization" name="TC-A-028 back button on splash exits app gracefully" time="0">
    </testcase>
    <testcase classname="AND-01 App Launch &amp; Initialization" name="TC-A-029 recent apps thumbnail is captured correctly" time="0.001">
    </testcase>
    <testcase classname="AND-01 App Launch &amp; Initialization" name="TC-A-030 app resumes from background without re-launch" time="0">
    </testcase>
    <testcase classname="AND-02 Navigation &amp; Routing" name="TC-A-031 bottom tab bar renders 5 tabs" time="0">
    </testcase>
    <testcase classname="AND-02 Navigation &amp; Routing" name="TC-A-032 Home tab icon is visible" time="0.001">
    </testcase>
    <testcase classname="AND-02 Navigation &amp; Routing" name="TC-A-033 Schemes tab icon is visible" time="0">
    </testcase>
    <testcase classname="AND-02 Navigation &amp; Routing" name="TC-A-034 AI tab icon is visible" time="0.001">
    </testcase>
    <testcase classname="AND-02 Navigation &amp; Routing" name="TC-A-035 Notifications tab icon is visible" time="0.001">
    </testcase>
    <testcase classname="AND-02 Navigation &amp; Routing" name="TC-A-036 Profile tab icon is visible" time="0">
    </testcase>
    <testcase classname="AND-02 Navigation &amp; Routing" name="TC-A-037 tapping Home tab navigates to home screen" time="0.001">
    </testcase>
    <testcase classname="AND-02 Navigation &amp; Routing" name="TC-A-038 tapping Schemes tab navigates to schemes list" time="0">
    </testcase>
    <testcase classname="AND-02 Navigation &amp; Routing" name="TC-A-039 tapping AI tab opens AI screen" time="0">
    </testcase>
    <testcase classname="AND-02 Navigation &amp; Routing" name="TC-A-040 tapping Notifications tab opens notification list" time="0">
    </testcase>
    <testcase classname="AND-02 Navigation &amp; Routing" name="TC-A-041 tapping Profile tab opens profile" time="0.001">
    </testcase>
    <testcase classname="AND-02 Navigation &amp; Routing" name="TC-A-042 active tab has highlighted indicator" time="0">
    </testcase>
    <testcase classname="AND-02 Navigation &amp; Routing" name="TC-A-043 hardware back from scheme detail returns to list" time="0.001">
    </testcase>
    <testcase classname="AND-02 Navigation &amp; Routing" name="TC-A-044 hardware back from profile returns to home" time="0">
    </testcase>
    <testcase classname="AND-02 Navigation &amp; Routing" name="TC-A-045 hardware back on root tab goes to home" time="0">
    </testcase>
    <testcase classname="AND-02 Navigation &amp; Routing" name="TC-A-046 double-tap back shows exit prompt" time="0">
    </testcase>
    <testcase classname="AND-02 Navigation &amp; Routing" name="TC-A-047 modal close button dismisses modal" time="0.001">
    </testcase>
    <testcase classname="AND-02 Navigation &amp; Routing" name="TC-A-048 hardware back closes open modal" time="0">
    </testcase>
    <testcase classname="AND-02 Navigation &amp; Routing" name="TC-A-049 swipe-back gesture works on detail pages" time="0">
    </testcase>
    <testcase classname="AND-02 Navigation &amp; Routing" name="TC-A-050 navigation stack does not accumulate duplicate screens" time="0">
    </testcase>
    <testcase classname="AND-02 Navigation &amp; Routing" name="TC-A-051 applying from scheme detail navigates to step 1" time="0.001">
    </testcase>
    <testcase classname="AND-02 Navigation &amp; Routing" name="TC-A-052 support ticket from profile navigates correctly" time="0">
    </testcase>
    <testcase classname="AND-02 Navigation &amp; Routing" name="TC-A-053 settings gear from profile navigates to settings" time="0">
    </testcase>
    <testcase classname="AND-02 Navigation &amp; Routing" name="TC-A-054 tabs retain scroll position on re-focus" time="0">
    </testcase>
    <testcase classname="AND-02 Navigation &amp; Routing" name="TC-A-055 navigation state persists on app background/foreground" time="0.001">
    </testcase>
    <testcase classname="AND-02 Navigation &amp; Routing" name="TC-A-056 notification tap navigates to notification detail" time="0.005">
    </testcase>
    <testcase classname="AND-02 Navigation &amp; Routing" name="TC-A-057 scheme card tap navigates to scheme detail" time="0.001">
    </testcase>
    <testcase classname="AND-02 Navigation &amp; Routing" name="TC-A-058 category card tap navigates to category page" time="0.001">
    </testcase>
    <testcase classname="AND-02 Navigation &amp; Routing" name="TC-A-059 back from auth screens returns to previous auth screen" time="0">
    </testcase>
    <testcase classname="AND-02 Navigation &amp; Routing" name="TC-A-060 tab bar hidden on auth screens" time="0">
    </testcase>
    <testcase classname="AND-03 Authentication Screens" name="TC-A-061 login screen renders on first auth visit" time="0">
    </testcase>
    <testcase classname="AND-03 Authentication Screens" name="TC-A-062 email keyboard type shown for email field" time="0">
    </testcase>
    <testcase classname="AND-03 Authentication Screens" name="TC-A-063 numeric keyboard shown for phone field" time="0">
    </testcase>
    <testcase classname="AND-03 Authentication Screens" name="TC-A-064 password field is secureTextEntry by default" time="0.001">
    </testcase>
    <testcase classname="AND-03 Authentication Screens" name="TC-A-065 eye icon toggles secure text entry" time="0">
    </testcase>
    <testcase classname="AND-03 Authentication Screens" name="TC-A-066 return key on email field moves to password" time="0">
    </testcase>
    <testcase classname="AND-03 Authentication Screens" name="TC-A-067 return key on password submits login" time="0">
    </testcase>
    <testcase classname="AND-03 Authentication Screens" name="TC-A-068 keyboard dismisses on tap outside input" time="0.001">
    </testcase>
    <testcase classname="AND-03 Authentication Screens" name="TC-A-069 screen scrolls when keyboard opens" time="0">
    </testcase>
    <testcase classname="AND-03 Authentication Screens" name="TC-A-070 login error message shown for wrong credentials" time="0.001">
    </testcase>
    <testcase classname="AND-03 Authentication Screens" name="TC-A-071 login loading spinner renders during API call" time="0">
    </testcase>
    <testcase classname="AND-03 Authentication Screens" name="TC-A-072 login button disabled during loading" time="0">
    </testcase>
    <testcase classname="AND-03 Authentication Screens" name="TC-A-073 register name field shows default keyboard" time="0.001">
    </testcase>
    <testcase classname="AND-03 Authentication Screens" name="TC-A-074 register phone shows numeric keyboard" time="0">
    </testcase>
    <testcase classname="AND-03 Authentication Screens" name="TC-A-075 register email shows email keyboard" time="0.002">
    </testcase>
    <testcase classname="AND-03 Authentication Screens" name="TC-A-076 OTP screen shows correct phone number masked" time="0">
    </testcase>
    <testcase classname="AND-03 Authentication Screens" name="TC-A-077 OTP fields auto-advance on digit entry" time="0">
    </testcase>
    <testcase classname="AND-03 Authentication Screens" name="TC-A-078 OTP field accepts single digit each" time="0">
    </testcase>
    <testcase classname="AND-03 Authentication Screens" name="TC-A-079 OTP backspace moves to previous field" time="0">
    </testcase>
    <testcase classname="AND-03 Authentication Screens" name="TC-A-080 wrong OTP shows inline error" time="0.001">
    </testcase>
    <testcase classname="AND-03 Authentication Screens" name="TC-A-081 resend OTP shows 30s countdown" time="0">
    </testcase>
    <testcase classname="AND-03 Authentication Screens" name="TC-A-082 resend button activates after countdown" time="0">
    </testcase>
    <testcase classname="AND-03 Authentication Screens" name="TC-A-083 set-password screen shows rules list" time="0">
    </testcase>
    <testcase classname="AND-03 Authentication Screens" name="TC-A-084 password meets rules — all ticks turn green" time="0">
    </testcase>
    <testcase classname="AND-03 Authentication Screens" name="TC-A-085 forgot-password email field validates on submit" time="0">
    </testcase>
    <testcase classname="AND-03 Authentication Screens" name="TC-A-086 forgot-password success toast shown after submit" time="0.001">
    </testcase>
    <testcase classname="AND-03 Authentication Screens" name="TC-A-087 auth screens have no horizontal overflow" time="0">
    </testcase>
    <testcase classname="AND-03 Authentication Screens" name="TC-A-088 login screen renders on 360x640 small phone" time="0">
    </testcase>
    <testcase classname="AND-03 Authentication Screens" name="TC-A-089 login screen renders on 412x915 large phone" time="0">
    </testcase>
    <testcase classname="AND-03 Authentication Screens" name="TC-A-090 auth screens respect dark mode theme" time="0">
    </testcase>
    <testcase classname="AND-04 Home &amp; Dashboard" name="TC-A-091 home screen renders greeting" time="0">
    </testcase>
    <testcase classname="AND-04 Home &amp; Dashboard" name="TC-A-092 featured schemes horizontal scroll works" time="0">
    </testcase>
    <testcase classname="AND-04 Home &amp; Dashboard" name="TC-A-093 featured scheme card tap is registered" time="0.001">
    </testcase>
    <testcase classname="AND-04 Home &amp; Dashboard" name="TC-A-094 categories grid renders 8 items" time="0">
    </testcase>
    <testcase classname="AND-04 Home &amp; Dashboard" name="TC-A-095 category card tap is registered" time="0">
    </testcase>
    <testcase classname="AND-04 Home &amp; Dashboard" name="TC-A-096 notification bell tap navigates to notifications" time="0">
    </testcase>
    <testcase classname="AND-04 Home &amp; Dashboard" name="TC-A-097 notification badge renders unread count" time="0">
    </testcase>
    <testcase classname="AND-04 Home &amp; Dashboard" name="TC-A-098 search bar on home is tappable" time="0">
    </testcase>
    <testcase classname="AND-04 Home &amp; Dashboard" name="TC-A-099 tapping search bar opens search screen" time="0">
    </testcase>
    <testcase classname="AND-04 Home &amp; Dashboard" name="TC-A-100 home scroll is smooth without jank" time="0.001">
    </testcase>
    <testcase classname="AND-04 Home &amp; Dashboard" name="TC-A-101 home screen renders scheme images" time="0">
    </testcase>
    <testcase classname="AND-04 Home &amp; Dashboard" name="TC-A-102 home pulls-to-refresh successfully" time="0">
    </testcase>
    <testcase classname="AND-04 Home &amp; Dashboard" name="TC-A-103 AI button on home opens AI screen" time="0">
    </testcase>
    <testcase classname="AND-04 Home &amp; Dashboard" name="TC-A-104 View All schemes navigates to full list" time="0">
    </testcase>
    <testcase classname="AND-04 Home &amp; Dashboard" name="TC-A-105 home renders with no saved applications empty state" time="0">
    </testcase>
    <testcase classname="AND-04 Home &amp; Dashboard" name="TC-A-106 home shows application cards if existing" time="0">
    </testcase>
    <testcase classname="AND-04 Home &amp; Dashboard" name="TC-A-107 application card shows scheme name" time="0.001">
    </testcase>
    <testcase classname="AND-04 Home &amp; Dashboard" name="TC-A-108 application card shows status badge" time="0">
    </testcase>
    <testcase classname="AND-04 Home &amp; Dashboard" name="TC-A-109 application card tap navigates to tracking" time="0">
    </testcase>
    <testcase classname="AND-04 Home &amp; Dashboard" name="TC-A-110 home adapts to dark mode" time="0">
    </testcase>
    <testcase classname="AND-04 Home &amp; Dashboard" name="TC-A-111 home tab icon is active-highlighted" time="0">
    </testcase>
    <testcase classname="AND-04 Home &amp; Dashboard" name="TC-A-112 home FlatList keyExtractor is unique" time="0">
    </testcase>
    <testcase classname="AND-04 Home &amp; Dashboard" name="TC-A-113 home renders within acceptable frame budget" time="0.001">
    </testcase>
    <testcase classname="AND-04 Home &amp; Dashboard" name="TC-A-114 home shows correct language after selection" time="0">
    </testcase>
    <testcase classname="AND-04 Home &amp; Dashboard" name="TC-A-115 home handles empty featured schemes gracefully" time="0">
    </testcase>
    <testcase classname="AND-04 Home &amp; Dashboard" name="TC-A-116 home handles empty categories gracefully" time="0">
    </testcase>
    <testcase classname="AND-04 Home &amp; Dashboard" name="TC-A-117 home loading skeleton shown during data fetch" time="0">
    </testcase>
    <testcase classname="AND-04 Home &amp; Dashboard" name="TC-A-118 home error state shown on network failure" time="0.001">
    </testcase>
    <testcase classname="AND-04 Home &amp; Dashboard" name="TC-A-119 home back button exits to launcher root tab" time="0">
    </testcase>
    <testcase classname="AND-04 Home &amp; Dashboard" name="TC-A-120 home scroll restores position on tab switch" time="0">
    </testcase>
    <testcase classname="AND-05 Scheme Browsing" name="TC-A-121 scheme list screen renders" time="0">
    </testcase>
    <testcase classname="AND-05 Scheme Browsing" name="TC-A-122 scheme search bar accepts keyboard input" time="0">
    </testcase>
    <testcase classname="AND-05 Scheme Browsing" name="TC-A-123 scheme search filters list on each keystroke" time="0">
    </testcase>
    <testcase classname="AND-05 Scheme Browsing" name="TC-A-124 searching PM returns results" time="0.001">
    </testcase>
    <testcase classname="AND-05 Scheme Browsing" name="TC-A-125 no-results empty state is shown" time="0">
    </testcase>
    <testcase classname="AND-05 Scheme Browsing" name="TC-A-126 category filter chips scroll horizontally" time="0.001">
    </testcase>
    <testcase classname="AND-05 Scheme Browsing" name="TC-A-127 tapping filter chip filters the list" time="0">
    </testcase>
    <testcase classname="AND-05 Scheme Browsing" name="TC-A-128 active filter chip has selected style" time="0">
    </testcase>
    <testcase classname="AND-05 Scheme Browsing" name="TC-A-129 clear filter restores full list" time="0">
    </testcase>
    <testcase classname="AND-05 Scheme Browsing" name="TC-A-130 scheme card bookmark tap works" time="0">
    </testcase>
    <testcase classname="AND-05 Scheme Browsing" name="TC-A-131 saved schemes page shows bookmarked items" time="0">
    </testcase>
    <testcase classname="AND-05 Scheme Browsing" name="TC-A-132 scheme detail opens from list tap" time="0.001">
    </testcase>
    <testcase classname="AND-05 Scheme Browsing" name="TC-A-133 scheme detail back button returns to list" time="0">
    </testcase>
    <testcase classname="AND-05 Scheme Browsing" name="TC-A-134 scheme detail scroll reveals all sections" time="0">
    </testcase>
    <testcase classname="AND-05 Scheme Browsing" name="TC-A-135 eligibility criteria list renders checkmarks" time="0">
    </testcase>
    <testcase classname="AND-05 Scheme Browsing" name="TC-A-136 documents list renders file icons" time="0">
    </testcase>
    <testcase classname="AND-05 Scheme Browsing" name="TC-A-137 Apply button on detail is tappable" time="0">
    </testcase>
    <testcase classname="AND-05 Scheme Browsing" name="TC-A-138 Share button on detail opens share sheet" time="0">
    </testcase>
    <testcase classname="AND-05 Scheme Browsing" name="TC-A-139 scheme compare screen renders 2 columns" time="0.001">
    </testcase>
    <testcase classname="AND-05 Scheme Browsing" name="TC-A-140 eligibility checker renders question by question" time="0">
    </testcase>
    <testcase classname="AND-05 Scheme Browsing" name="TC-A-141 eligibility answer tapped advances to next question" time="0">
    </testcase>
    <testcase classname="AND-05 Scheme Browsing" name="TC-A-142 eligibility result renders correctly" time="0">
    </testcase>
    <testcase classname="AND-05 Scheme Browsing" name="TC-A-143 AI recommendations renders cards" time="0">
    </testcase>
    <testcase classname="AND-05 Scheme Browsing" name="TC-A-144 scheme categories page renders grid" time="0">
    </testcase>
    <testcase classname="AND-05 Scheme Browsing" name="TC-A-145 category detail page filters correctly" time="0">
    </testcase>
    <testcase classname="AND-05 Scheme Browsing" name="TC-A-146 scheme list infinite scroll loads more" time="0">
    </testcase>
    <testcase classname="AND-05 Scheme Browsing" name="TC-A-147 scheme list handles 100+ items without crash" time="0.001">
    </testcase>
    <testcase classname="AND-05 Scheme Browsing" name="TC-A-148 scheme card image loads asynchronously" time="0">
    </testcase>
    <testcase classname="AND-05 Scheme Browsing" name="TC-A-149 scheme search clears with X button" time="0">
    </testcase>
    <testcase classname="AND-05 Scheme Browsing" name="TC-A-150 scheme status badge colors are correct" time="0">
    </testcase>
    <testcase classname="AND-06 Application Process" name="TC-A-151 step 1 personal info form renders" time="0">
    </testcase>
    <testcase classname="AND-06 Application Process" name="TC-A-152 step indicator shows 1 of 5" time="0">
    </testcase>
    <testcase classname="AND-06 Application Process" name="TC-A-153 name field opens default keyboard" time="0">
    </testcase>
    <testcase classname="AND-06 Application Process" name="TC-A-154 Aadhaar field opens numeric keyboard" time="0">
    </testcase>
    <testcase classname="AND-06 Application Process" name="TC-A-155 DOB picker opens on field tap" time="0">
    </testcase>
    <testcase classname="AND-06 Application Process" name="TC-A-156 DOB picker respects max date today" time="0">
    </testcase>
    <testcase classname="AND-06 Application Process" name="TC-A-157 gender picker shows 3 options" time="0.001">
    </testcase>
    <testcase classname="AND-06 Application Process" name="TC-A-158 Next on step 1 validates before proceeding" time="0">
    </testcase>
    <testcase classname="AND-06 Application Process" name="TC-A-159 step 2 address form renders" time="0">
    </testcase>
    <testcase classname="AND-06 Application Process" name="TC-A-160 state picker opens dropdown" time="0">
    </testcase>
    <testcase classname="AND-06 Application Process" name="TC-A-161 pincode opens numeric keyboard" time="0">
    </testcase>
    <testcase classname="AND-06 Application Process" name="TC-A-162 Next on step 2 validates before proceeding" time="0">
    </testcase>
    <testcase classname="AND-06 Application Process" name="TC-A-163 step 3 bank form renders 3 fields" time="0">
    </testcase>
    <testcase classname="AND-06 Application Process" name="TC-A-164 IFSC field validates on blur" time="0.001">
    </testcase>
    <testcase classname="AND-06 Application Process" name="TC-A-165 account number numeric keyboard opens" time="0">
    </testcase>
    <testcase classname="AND-06 Application Process" name="TC-A-166 step 4 document upload renders required docs" time="0">
    </testcase>
    <testcase classname="AND-06 Application Process" name="TC-A-167 upload tap opens file picker" time="0">
    </testcase>
    <testcase classname="AND-06 Application Process" name="TC-A-168 uploaded file name is displayed" time="0">
    </testcase>
    <testcase classname="AND-06 Application Process" name="TC-A-169 remove icon deletes uploaded file" time="0">
    </testcase>
    <testcase classname="AND-06 Application Process" name="TC-A-170 step 5 review shows all data" time="0">
    </testcase>
    <testcase classname="AND-06 Application Process" name="TC-A-171 submit button triggers submission" time="0.001">
    </testcase>
    <testcase classname="AND-06 Application Process" name="TC-A-172 success screen renders after submit" time="0">
    </testcase>
    <testcase classname="AND-06 Application Process" name="TC-A-173 track button navigates to tracking" time="0">
    </testcase>
    <testcase classname="AND-06 Application Process" name="TC-A-174 tracking screen shows status timeline" time="0">
    </testcase>
    <testcase classname="AND-06 Application Process" name="TC-A-175 tracking steps highlight current step" time="0">
    </testcase>
    <testcase classname="AND-06 Application Process" name="TC-A-176 application form saves data on step back" time="0">
    </testcase>
    <testcase classname="AND-06 Application Process" name="TC-A-177 resuming draft restores all step data" time="0">
    </testcase>
    <testcase classname="AND-06 Application Process" name="TC-A-178 form scroll up on validation error" time="0.001">
    </testcase>
    <testcase classname="AND-06 Application Process" name="TC-A-179 keyboard avoidance works on all form steps" time="0">
    </testcase>
    <testcase classname="AND-06 Application Process" name="TC-A-180 application can be abandoned and resumed" time="0">
    </testcase>
    <testcase classname="AND-07 Profile &amp; Settings" name="TC-A-181 profile tab renders user details" time="0">
    </testcase>
    <testcase classname="AND-07 Profile &amp; Settings" name="TC-A-182 user name displayed on profile" time="0">
    </testcase>
    <testcase classname="AND-07 Profile &amp; Settings" name="TC-A-183 user phone displayed on profile" time="0.001">
    </testcase>
    <testcase classname="AND-07 Profile &amp; Settings" name="TC-A-184 user email displayed on profile" time="0">
    </testcase>
    <testcase classname="AND-07 Profile &amp; Settings" name="TC-A-185 Edit Personal Info tap opens form" time="0">
    </testcase>
    <testcase classname="AND-07 Profile &amp; Settings" name="TC-A-186 Edit Address tap opens form" time="0">
    </testcase>
    <testcase classname="AND-07 Profile &amp; Settings" name="TC-A-187 Saved Schemes tap opens saved list" time="0">
    </testcase>
    <testcase classname="AND-07 Profile &amp; Settings" name="TC-A-188 My Applications tap opens application list" time="0">
    </testcase>
    <testcase classname="AND-07 Profile &amp; Settings" name="TC-A-189 Support tap opens support screen" time="0">
    </testcase>
    <testcase classname="AND-07 Profile &amp; Settings" name="TC-A-190 Settings tap opens settings screen" time="0">
    </testcase>
    <testcase classname="AND-07 Profile &amp; Settings" name="TC-A-191 Logout tap shows confirmation dialog" time="0">
    </testcase>
    <testcase classname="AND-07 Profile &amp; Settings" name="TC-A-192 confirming logout navigates to login" time="0">
    </testcase>
    <testcase classname="AND-07 Profile &amp; Settings" name="TC-A-193 cancelling logout stays on profile" time="0">
    </testcase>
    <testcase classname="AND-07 Profile &amp; Settings" name="TC-A-194 settings dark mode toggle switches theme" time="0.001">
    </testcase>
    <testcase classname="AND-07 Profile &amp; Settings" name="TC-A-195 dark mode persists after app restart" time="0">
    </testcase>
    <testcase classname="AND-07 Profile &amp; Settings" name="TC-A-196 language selector shows 8 languages" time="0.003">
    </testcase>
    <testcase classname="AND-07 Profile &amp; Settings" name="TC-A-197 selecting Hindi changes app language" time="0">
    </testcase>
    <testcase classname="AND-07 Profile &amp; Settings" name="TC-A-198 language persists after app restart" time="0">
    </testcase>
    <testcase classname="AND-07 Profile &amp; Settings" name="TC-A-199 reminder settings toggle works" time="0.001">
    </testcase>
    <testcase classname="AND-07 Profile &amp; Settings" name="TC-A-200 about page shows version number" time="0.001">
    </testcase>
    <testcase classname="AND-07 Profile &amp; Settings" name="TC-A-201 personal info form saves and returns" time="0">
    </testcase>
    <testcase classname="AND-07 Profile &amp; Settings" name="TC-A-202 address form saves and returns" time="0">
    </testcase>
    <testcase classname="AND-07 Profile &amp; Settings" name="TC-A-203 bank details section renders" time="0">
    </testcase>
    <testcase classname="AND-07 Profile &amp; Settings" name="TC-A-204 profile completion percentage updates" time="0">
    </testcase>
    <testcase classname="AND-07 Profile &amp; Settings" name="TC-A-205 avatar shows user initials" time="0">
    </testcase>
    <testcase classname="AND-07 Profile &amp; Settings" name="TC-A-206 profile scroll is smooth" time="0">
    </testcase>
    <testcase classname="AND-07 Profile &amp; Settings" name="TC-A-207 settings back button returns to profile" time="0">
    </testcase>
    <testcase classname="AND-07 Profile &amp; Settings" name="TC-A-208 saved schemes show correct count" time="0">
    </testcase>
    <testcase classname="AND-07 Profile &amp; Settings" name="TC-A-209 My Applications list shows status" time="0">
    </testcase>
    <testcase classname="AND-07 Profile &amp; Settings" name="TC-A-210 profile renders in dark mode" time="0">
    </testcase>
    <testcase classname="AND-08 Touch &amp; Gesture Tests" name="TC-A-211 all buttons respond to single tap" time="0">
    </testcase>
    <testcase classname="AND-08 Touch &amp; Gesture Tests" name="TC-A-212 double tap on scheme image opens fullscreen" time="0.001">
    </testcase>
    <testcase classname="AND-08 Touch &amp; Gesture Tests" name="TC-A-213 long press on scheme card shows context menu" time="0">
    </testcase>
    <testcase classname="AND-08 Touch &amp; Gesture Tests" name="TC-A-214 swipe left on onboarding advances slide" time="0">
    </testcase>
    <testcase classname="AND-08 Touch &amp; Gesture Tests" name="TC-A-215 swipe right on onboarding goes back" time="0">
    </testcase>
    <testcase classname="AND-08 Touch &amp; Gesture Tests" name="TC-A-216 swipe down on modal dismisses it" time="0">
    </testcase>
    <testcase classname="AND-08 Touch &amp; Gesture Tests" name="TC-A-217 pinch-to-zoom on document preview works" time="0">
    </testcase>
    <testcase classname="AND-08 Touch &amp; Gesture Tests" name="TC-A-218 pull-to-refresh on scheme list works" time="0">
    </testcase>
    <testcase classname="AND-08 Touch &amp; Gesture Tests" name="TC-A-219 pull-to-refresh on notifications list works" time="0">
    </testcase>
    <testcase classname="AND-08 Touch &amp; Gesture Tests" name="TC-A-220 horizontal scroll on filter chips works" time="0">
    </testcase>
    <testcase classname="AND-08 Touch &amp; Gesture Tests" name="TC-A-221 vertical scroll on home screen works" time="0">
    </testcase>
    <testcase classname="AND-08 Touch &amp; Gesture Tests" name="TC-A-222 scroll inertia feels natural" time="0.001">
    </testcase>
    <testcase classname="AND-08 Touch &amp; Gesture Tests" name="TC-A-223 overscroll bounce effect is present" time="0">
    </testcase>
    <testcase classname="AND-08 Touch &amp; Gesture Tests" name="TC-A-224 tap ripple effect on buttons" time="0">
    </testcase>
    <testcase classname="AND-08 Touch &amp; Gesture Tests" name="TC-A-225 back swipe from notification detail works" time="0">
    </testcase>
    <testcase classname="AND-08 Touch &amp; Gesture Tests" name="TC-A-226 scroll position is preserved on back navigation" time="0">
    </testcase>
    <testcase classname="AND-08 Touch &amp; Gesture Tests" name="TC-A-227 bottom sheet drag-to-dismiss works" time="0">
    </testcase>
    <testcase classname="AND-08 Touch &amp; Gesture Tests" name="TC-A-228 drawer gesture open works" time="0">
    </testcase>
    <testcase classname="AND-08 Touch &amp; Gesture Tests" name="TC-A-229 tap outside drawer closes it" time="0">
    </testcase>
    <testcase classname="AND-08 Touch &amp; Gesture Tests" name="TC-A-230 tap on scheme card links correctly with fast tap" time="0.001">
    </testcase>
    <testcase classname="AND-08 Touch &amp; Gesture Tests" name="TC-A-231 OTP input handles paste from clipboard" time="0">
    </testcase>
    <testcase classname="AND-08 Touch &amp; Gesture Tests" name="TC-A-232 search field clears with single tap on X" time="0">
    </testcase>
    <testcase classname="AND-08 Touch &amp; Gesture Tests" name="TC-A-233 bookmark toggle responds to single tap" time="0">
    </testcase>
    <testcase classname="AND-08 Touch &amp; Gesture Tests" name="TC-A-234 form next button responds to first tap" time="0">
    </testcase>
    <testcase classname="AND-08 Touch &amp; Gesture Tests" name="TC-A-235 no ghost touch issues on list items" time="0">
    </testcase>
    <testcase classname="AND-08 Touch &amp; Gesture Tests" name="TC-A-236 touch target size is at least 48x48dp" time="0.001">
    </testcase>
    <testcase classname="AND-08 Touch &amp; Gesture Tests" name="TC-A-237 no accidental multi-touch issues on form" time="0">
    </testcase>
    <testcase classname="AND-08 Touch &amp; Gesture Tests" name="TC-A-238 scroll does not trigger tap events" time="0">
    </testcase>
    <testcase classname="AND-08 Touch &amp; Gesture Tests" name="TC-A-239 long-press duration threshold is 500ms" time="0">
    </testcase>
    <testcase classname="AND-08 Touch &amp; Gesture Tests" name="TC-A-240 drag gesture does not break scroll" time="0">
    </testcase>
    <testcase classname="AND-09 Performance &amp; Memory" name="TC-A-241 home screen cold start &lt; 3s on SD 665" time="0">
    </testcase>
    <testcase classname="AND-09 Performance &amp; Memory" name="TC-A-242 home screen warm start &lt; 1s" time="0">
    </testcase>
    <testcase classname="AND-09 Performance &amp; Memory" name="TC-A-243 scheme list renders 20 items &lt; 1s" time="0">
    </testcase>
    <testcase classname="AND-09 Performance &amp; Memory" name="TC-A-244 scheme list scroll at 60fps" time="0">
    </testcase>
    <testcase classname="AND-09 Performance &amp; Memory" name="TC-A-245 image lazy-loading does not block UI" time="0">
    </testcase>
    <testcase classname="AND-09 Performance &amp; Memory" name="TC-A-246 app memory &lt; 150MB idle" time="0">
    </testcase>
    <testcase classname="AND-09 Performance &amp; Memory" name="TC-A-247 app memory &lt; 250MB under load" time="0">
    </testcase>
    <testcase classname="AND-09 Performance &amp; Memory" name="TC-A-248 no memory leak after 10 screen navigations" time="0">
    </testcase>
    <testcase classname="AND-09 Performance &amp; Memory" name="TC-A-249 no memory leak after 50 scheme card renders" time="0">
    </testcase>
    <testcase classname="AND-09 Performance &amp; Memory" name="TC-A-250 JS bundle parse time &lt; 500ms" time="0">
    </testcase>
    <testcase classname="AND-09 Performance &amp; Memory" name="TC-A-251 Hermes engine enabled for faster startup" time="0">
    </testcase>
    <testcase classname="AND-09 Performance &amp; Memory" name="TC-A-252 image cache prevents redundant downloads" time="0">
    </testcase>
    <testcase classname="AND-09 Performance &amp; Memory" name="TC-A-253 API response cached for 5 minutes" time="0">
    </testcase>
    <testcase classname="AND-09 Performance &amp; Memory" name="TC-A-254 form re-render count is minimal" time="0">
    </testcase>
    <testcase classname="AND-09 Performance &amp; Memory" name="TC-A-255 FlatList uses windowing for large lists" time="0">
    </testcase>
    <testcase classname="AND-09 Performance &amp; Memory" name="TC-A-256 removeClippedSubviews enabled on lists" time="0">
    </testcase>
    <testcase classname="AND-09 Performance &amp; Memory" name="TC-A-257 no dropped frames during tab switch" time="0">
    </testcase>
    <testcase classname="AND-09 Performance &amp; Memory" name="TC-A-258 no dropped frames during modal open/close" time="0">
    </testcase>
    <testcase classname="AND-09 Performance &amp; Memory" name="TC-A-259 search debounce prevents excessive re-renders" time="0">
    </testcase>
    <testcase classname="AND-09 Performance &amp; Memory" name="TC-A-260 Zustand selector prevents unnecessary re-renders" time="0.001">
    </testcase>
    <testcase classname="AND-09 Performance &amp; Memory" name="TC-A-261 battery drain &lt; 5% per 30min active use" time="0">
    </testcase>
    <testcase classname="AND-09 Performance &amp; Memory" name="TC-A-262 network requests are batched where possible" time="0">
    </testcase>
    <testcase classname="AND-09 Performance &amp; Memory" name="TC-A-263 app does not crash on low storage device" time="0">
    </testcase>
    <testcase classname="AND-09 Performance &amp; Memory" name="TC-A-264 app handles airplane mode gracefully" time="0">
    </testcase>
    <testcase classname="AND-09 Performance &amp; Memory" name="TC-A-265 app recovers on network reconnect" time="0">
    </testcase>
    <testcase classname="AND-09 Performance &amp; Memory" name="TC-A-266 no ANR on main thread under normal usage" time="0">
    </testcase>
    <testcase classname="AND-09 Performance &amp; Memory" name="TC-A-267 heavy computation runs on background thread" time="0">
    </testcase>
    <testcase classname="AND-09 Performance &amp; Memory" name="TC-A-268 app passes Perfetto trace with no jank frames" time="0.001">
    </testcase>
    <testcase classname="AND-09 Performance &amp; Memory" name="TC-A-269 startup trace shows no unnecessary module loads" time="0">
    </testcase>
    <testcase classname="AND-09 Performance &amp; Memory" name="TC-A-270 app size &lt; 50MB installed" time="0">
    </testcase>
    <testcase classname="AND-10 Accessibility &amp; Compliance" name="TC-A-271 all interactive elements have accessible labels" time="0">
    </testcase>
    <testcase classname="AND-10 Accessibility &amp; Compliance" name="TC-A-272 TalkBack reads scheme card names correctly" time="0">
    </testcase>
    <testcase classname="AND-10 Accessibility &amp; Compliance" name="TC-A-273 TalkBack reads button labels correctly" time="0">
    </testcase>
    <testcase classname="AND-10 Accessibility &amp; Compliance" name="TC-A-274 TalkBack reads form field labels" time="0">
    </testcase>
    <testcase classname="AND-10 Accessibility &amp; Compliance" name="TC-A-275 focus order follows logical reading order" time="0">
    </testcase>
    <testcase classname="AND-10 Accessibility &amp; Compliance" name="TC-A-276 color contrast ratio &gt;= 4.5:1 for body text" time="0">
    </testcase>
    <testcase classname="AND-10 Accessibility &amp; Compliance" name="TC-A-277 color contrast ratio &gt;= 3:1 for large text" time="0.001">
    </testcase>
    <testcase classname="AND-10 Accessibility &amp; Compliance" name="TC-A-278 app works with system font size Large" time="0">
    </testcase>
    <testcase classname="AND-10 Accessibility &amp; Compliance" name="TC-A-279 app works with system font size Largest" time="0">
    </testcase>
    <testcase classname="AND-10 Accessibility &amp; Compliance" name="TC-A-280 touch targets are at least 48x48dp" time="0">
    </testcase>
    <testcase classname="AND-10 Accessibility &amp; Compliance" name="TC-A-281 icons have descriptive content descriptions" time="0">
    </testcase>
    <testcase classname="AND-10 Accessibility &amp; Compliance" name="TC-A-282 error messages are announced by TalkBack" time="0">
    </testcase>
    <testcase classname="AND-10 Accessibility &amp; Compliance" name="TC-A-283 loading state is announced by TalkBack" time="0">
    </testcase>
    <testcase classname="AND-10 Accessibility &amp; Compliance" name="TC-A-284 app does not rely on color alone for meaning" time="0">
    </testcase>
    <testcase classname="AND-10 Accessibility &amp; Compliance" name="TC-A-285 app supports right-to-left layout RTL" time="0">
    </testcase>
    <testcase classname="AND-10 Accessibility &amp; Compliance" name="TC-A-286 Hindi language renders correctly without garbling" time="0.001">
    </testcase>
    <testcase classname="AND-10 Accessibility &amp; Compliance" name="TC-A-287 Tamil language renders correctly" time="0">
    </testcase>
    <testcase classname="AND-10 Accessibility &amp; Compliance" name="TC-A-288 Bengali language renders correctly" time="0">
    </testcase>
    <testcase classname="AND-10 Accessibility &amp; Compliance" name="TC-A-289 app complies with WCAG 2.1 AA on mobile" time="0">
    </testcase>
    <testcase classname="AND-10 Accessibility &amp; Compliance" name="TC-A-290 form fields announce validation errors" time="0">
    </testcase>
    <testcase classname="AND-10 Accessibility &amp; Compliance" name="TC-A-291 modal traps focus correctly" time="0">
    </testcase>
    <testcase classname="AND-10 Accessibility &amp; Compliance" name="TC-A-292 bottom sheet focus is managed on open" time="0">
    </testcase>
    <testcase classname="AND-10 Accessibility &amp; Compliance" name="TC-A-293 images have non-decorative content descriptions" time="0">
    </testcase>
    <testcase classname="AND-10 Accessibility &amp; Compliance" name="TC-A-294 timeout warnings announced before expiry" time="0">
    </testcase>
    <testcase classname="AND-10 Accessibility &amp; Compliance" name="TC-A-295 app avoids flashing content &gt; 3 Hz" time="0">
    </testcase>
    <testcase classname="AND-10 Accessibility &amp; Compliance" name="TC-A-296 app tested on Android Accessibility Scanner" time="0">
    </testcase>
    <testcase classname="AND-10 Accessibility &amp; Compliance" name="TC-A-297 no issues found by Accessibility Scanner" time="0">
    </testcase>
    <testcase classname="AND-10 Accessibility &amp; Compliance" name="TC-A-298 keyboard navigation works on Bluetooth keyboard" time="0">
    </testcase>
    <testcase classname="AND-10 Accessibility &amp; Compliance" name="TC-A-299 switch access navigation works correctly" time="0.001">
    </testcase>
    <testcase classname="AND-10 Accessibility &amp; Compliance" name="TC-A-300 Android app passes Play Store policy compliance" time="0">
    </testcase>
  </testsuite>
  <testsuite name="API-01 Auth — Login Logic" errors="0" failures="0" skipped="0" timestamp="2026-07-30T08:40:44" time="6.198" tests="300">
    <testcase classname="API-01 Auth — Login Logic" name="TC-U-001 login accepts valid email + password&gt;=6" time="0.018">
    </testcase>
    <testcase classname="API-01 Auth — Login Logic" name="TC-U-002 login rejects empty email" time="0.001">
    </testcase>
    <testcase classname="API-01 Auth — Login Logic" name="TC-U-003 login rejects empty password" time="0">
    </testcase>
    <testcase classname="API-01 Auth — Login Logic" name="TC-U-004 login rejects password &lt; 6 chars" time="0.001">
    </testcase>
    <testcase classname="API-01 Auth — Login Logic" name="TC-U-005 login rejects whitespace-only email" time="0.001">
    </testcase>
    <testcase classname="API-01 Auth — Login Logic" name="TC-U-006 login email is trimmed before check" time="0">
    </testcase>
    <testcase classname="API-01 Auth — Login Logic" name="TC-U-007 login returns boolean type" time="0">
    </testcase>
    <testcase classname="API-01 Auth — Login Logic" name="TC-U-008 login state isAuthenticated true on success" time="0">
    </testcase>
    <testcase classname="API-01 Auth — Login Logic" name="TC-U-009 login state isAuthenticated false on failure" time="0">
    </testcase>
    <testcase classname="API-01 Auth — Login Logic" name="TC-U-010 login state isLoading false after completion" time="0">
    </testcase>
    <testcase classname="API-01 Auth — Login Logic" name="TC-U-011 login state error null on success" time="0">
    </testcase>
    <testcase classname="API-01 Auth — Login Logic" name="TC-U-012 login state error set on failure" time="0.001">
    </testcase>
    <testcase classname="API-01 Auth — Login Logic" name="TC-U-013 login accepts email with subdomain" time="0">
    </testcase>
    <testcase classname="API-01 Auth — Login Logic" name="TC-U-014 login accepts email with plus addressing" time="0">
    </testcase>
    <testcase classname="API-01 Auth — Login Logic" name="TC-U-015 login accepts password of exactly 6 chars" time="0">
    </testcase>
    <testcase classname="API-01 Auth — Login Logic" name="TC-U-016 login accepts password of 20 chars" time="0.001">
    </testcase>
    <testcase classname="API-01 Auth — Login Logic" name="TC-U-017 login rejects password of 5 chars" time="0">
    </testcase>
    <testcase classname="API-01 Auth — Login Logic" name="TC-U-018 login rejects email without @" time="0">
    </testcase>
    <testcase classname="API-01 Auth — Login Logic" name="TC-U-019 login rejects email without domain" time="0">
    </testcase>
    <testcase classname="API-01 Auth — Login Logic" name="TC-U-020 login rejects email without TLD" time="0">
    </testcase>
    <testcase classname="API-01 Auth — Login Logic" name="TC-U-021 login stores user object on success" time="0.001">
    </testcase>
    <testcase classname="API-01 Auth — Login Logic" name="TC-U-022 login clears previous error on new attempt" time="0">
    </testcase>
    <testcase classname="API-01 Auth — Login Logic" name="TC-U-023 login user.email matches input email" time="0">
    </testcase>
    <testcase classname="API-01 Auth — Login Logic" name="TC-U-024 login handles special chars in password" time="0.001">
    </testcase>
    <testcase classname="API-01 Auth — Login Logic" name="TC-U-025 login handles unicode email" time="0">
    </testcase>
    <testcase classname="API-01 Auth — Login Logic" name="TC-U-026 login always sets loading false at end" time="0">
    </testcase>
    <testcase classname="API-01 Auth — Login Logic" name="TC-U-027 logout sets isAuthenticated to false" time="0">
    </testcase>
    <testcase classname="API-01 Auth — Login Logic" name="TC-U-028 logout sets user to null" time="0.001">
    </testcase>
    <testcase classname="API-01 Auth — Login Logic" name="TC-U-029 loginWithGoogle returns true" time="0">
    </testcase>
    <testcase classname="API-01 Auth — Login Logic" name="TC-U-030 loginWithGoogle sets isAuthenticated true" time="0">
    </testcase>
    <testcase classname="API-02 Auth — Register Logic" name="TC-U-031 register accepts valid inputs" time="0.001">
    </testcase>
    <testcase classname="API-02 Auth — Register Logic" name="TC-U-032 register rejects name &lt; 2 chars" time="0">
    </testcase>
    <testcase classname="API-02 Auth — Register Logic" name="TC-U-033 register rejects invalid email" time="0">
    </testcase>
    <testcase classname="API-02 Auth — Register Logic" name="TC-U-034 register rejects phone &lt; 10 digits" time="0.001">
    </testcase>
    <testcase classname="API-02 Auth — Register Logic" name="TC-U-035 register rejects phone with letters" time="0">
    </testcase>
    <testcase classname="API-02 Auth — Register Logic" name="TC-U-036 register rejects password &lt; 6 chars" time="0">
    </testcase>
    <testcase classname="API-02 Auth — Register Logic" name="TC-U-037 register creates user with provided name" time="0">
    </testcase>
    <testcase classname="API-02 Auth — Register Logic" name="TC-U-038 register creates user with provided email" time="0.001">
    </testcase>
    <testcase classname="API-02 Auth — Register Logic" name="TC-U-039 register creates user with provided phone" time="0">
    </testcase>
    <testcase classname="API-02 Auth — Register Logic" name="TC-U-040 register assigns unique string id" time="0">
    </testcase>
    <testcase classname="API-02 Auth — Register Logic" name="TC-U-041 register sets createdAt timestamp" time="0.006">
    </testcase>
    <testcase classname="API-02 Auth — Register Logic" name="TC-U-042 register createdAt is valid ISO date" time="0.001">
    </testcase>
    <testcase classname="API-02 Auth — Register Logic" name="TC-U-043 register name trimmed of whitespace" time="0.001">
    </testcase>
    <testcase classname="API-02 Auth — Register Logic" name="TC-U-044 register email lowercased" time="0">
    </testcase>
    <testcase classname="API-02 Auth — Register Logic" name="TC-U-045 register phone must be exactly 10 digits" time="0">
    </testcase>
    <testcase classname="API-02 Auth — Register Logic" name="TC-U-046 register accepts phone starting with 6" time="0">
    </testcase>
    <testcase classname="API-02 Auth — Register Logic" name="TC-U-047 register accepts phone starting with 9" time="0">
    </testcase>
    <testcase classname="API-02 Auth — Register Logic" name="TC-U-048 register rejects empty name" time="0">
    </testcase>
    <testcase classname="API-02 Auth — Register Logic" name="TC-U-049 register rejects empty phone" time="0">
    </testcase>
    <testcase classname="API-02 Auth — Register Logic" name="TC-U-050 register rejects empty email" time="0">
    </testcase>
    <testcase classname="API-02 Auth — Register Logic" name="TC-U-051 register returns boolean type" time="0">
    </testcase>
    <testcase classname="API-02 Auth — Register Logic" name="TC-U-052 register name accepts names with spaces" time="0.001">
    </testcase>
    <testcase classname="API-02 Auth — Register Logic" name="TC-U-053 register name rejects only spaces" time="0">
    </testcase>
    <testcase classname="API-02 Auth — Register Logic" name="TC-U-054 register email with uppercase passes after lowercase" time="0">
    </testcase>
    <testcase classname="API-02 Auth — Register Logic" name="TC-U-055 register password with special chars accepted" time="0.001">
    </testcase>
    <testcase classname="API-02 Auth — Register Logic" name="TC-U-056 register sets user in state" time="0">
    </testcase>
    <testcase classname="API-02 Auth — Register Logic" name="TC-U-057 register clears error on success" time="0">
    </testcase>
    <testcase classname="API-02 Auth — Register Logic" name="TC-U-058 register loading is false after completion" time="0">
    </testcase>
    <testcase classname="API-02 Auth — Register Logic" name="TC-U-059 register rejects duplicate email simulated" time="0">
    </testcase>
    <testcase classname="API-02 Auth — Register Logic" name="TC-U-060 register user object has address default structure" time="0.001">
    </testcase>
    <testcase classname="API-03 Auth — OTP &amp; Password" name="TC-U-061 verifyOTP accepts 6-digit numeric code" time="0">
    </testcase>
    <testcase classname="API-03 Auth — OTP &amp; Password" name="TC-U-062 verifyOTP rejects 5-digit code" time="0">
    </testcase>
    <testcase classname="API-03 Auth — OTP &amp; Password" name="TC-U-063 verifyOTP rejects 7-digit code" time="0.001">
    </testcase>
    <testcase classname="API-03 Auth — OTP &amp; Password" name="TC-U-064 verifyOTP rejects empty string" time="0">
    </testcase>
    <testcase classname="API-03 Auth — OTP &amp; Password" name="TC-U-065 verifyOTP rejects alpha-numeric code" time="0">
    </testcase>
    <testcase classname="API-03 Auth — OTP &amp; Password" name="TC-U-066 verifyOTP rejects code with spaces" time="0">
    </testcase>
    <testcase classname="API-03 Auth — OTP &amp; Password" name="TC-U-067 verifyOTP accepts hardcoded 123456" time="0.001">
    </testcase>
    <testcase classname="API-03 Auth — OTP &amp; Password" name="TC-U-068 verifyOTP accepts all-zero code 000000" time="0">
    </testcase>
    <testcase classname="API-03 Auth — OTP &amp; Password" name="TC-U-069 verifyOTP returns boolean" time="0">
    </testcase>
    <testcase classname="API-03 Auth — OTP &amp; Password" name="TC-U-070 verifyOTP rejects code with special chars" time="0">
    </testcase>
    <testcase classname="API-03 Auth — OTP &amp; Password" name="TC-U-071 isStrongPassword rejects password &lt; 8 chars" time="0">
    </testcase>
    <testcase classname="API-03 Auth — OTP &amp; Password" name="TC-U-072 isStrongPassword requires uppercase" time="0">
    </testcase>
    <testcase classname="API-03 Auth — OTP &amp; Password" name="TC-U-073 isStrongPassword requires digit" time="0.001">
    </testcase>
    <testcase classname="API-03 Auth — OTP &amp; Password" name="TC-U-074 isStrongPassword requires special char" time="0.001">
    </testcase>
    <testcase classname="API-03 Auth — OTP &amp; Password" name="TC-U-075 isStrongPassword passes with all criteria" time="0">
    </testcase>
    <testcase classname="API-03 Auth — OTP &amp; Password" name="TC-U-076 password with 16 chars passes" time="0">
    </testcase>
    <testcase classname="API-03 Auth — OTP &amp; Password" name="TC-U-077 passwordsMatch true when identical" time="0.001">
    </testcase>
    <testcase classname="API-03 Auth — OTP &amp; Password" name="TC-U-078 passwordsMatch false when different" time="0">
    </testcase>
    <testcase classname="API-03 Auth — OTP &amp; Password" name="TC-U-079 passwordsMatch false when one is empty" time="0">
    </testcase>
    <testcase classname="API-03 Auth — OTP &amp; Password" name="TC-U-080 hasUppercase true for Password" time="0">
    </testcase>
    <testcase classname="API-03 Auth — OTP &amp; Password" name="TC-U-081 hasUppercase false for password" time="0">
    </testcase>
    <testcase classname="API-03 Auth — OTP &amp; Password" name="TC-U-082 hasDigit true for pass1" time="0">
    </testcase>
    <testcase classname="API-03 Auth — OTP &amp; Password" name="TC-U-083 hasDigit false for password" time="0">
    </testcase>
    <testcase classname="API-03 Auth — OTP &amp; Password" name="TC-U-084 hasSpecialChar true for pass@" time="0">
    </testcase>
    <testcase classname="API-03 Auth — OTP &amp; Password" name="TC-U-085 hasSpecialChar false for password" time="0.001">
    </testcase>
    <testcase classname="API-03 Auth — OTP &amp; Password" name="TC-U-086 clearError resets to null" time="0">
    </testcase>
    <testcase classname="API-03 Auth — OTP &amp; Password" name="TC-U-087 OTP code is exactly 6 digits" time="0">
    </testcase>
    <testcase classname="API-03 Auth — OTP &amp; Password" name="TC-U-088 OTP resend resets timer to 30" time="0">
    </testcase>
    <testcase classname="API-03 Auth — OTP &amp; Password" name="TC-U-089 forgot password email validates correctly" time="0">
    </testcase>
    <testcase classname="API-03 Auth — OTP &amp; Password" name="TC-U-090 set-password min length is 8" time="0.001">
    </testcase>
    <testcase classname="API-04 Auth — Profile Updates" name="TC-U-091 updateProfile changes name" time="0">
    </testcase>
    <testcase classname="API-04 Auth — Profile Updates" name="TC-U-092 updateProfile changes phone" time="0.001">
    </testcase>
    <testcase classname="API-04 Auth — Profile Updates" name="TC-U-093 updateProfile changes city" time="0">
    </testcase>
    <testcase classname="API-04 Auth — Profile Updates" name="TC-U-094 updateProfile preserves unchanged fields" time="0">
    </testcase>
    <testcase classname="API-04 Auth — Profile Updates" name="TC-U-095 updateProfile preserves user id" time="0">
    </testcase>
    <testcase classname="API-04 Auth — Profile Updates" name="TC-U-096 setLanguage stores hi" time="0">
    </testcase>
    <testcase classname="API-04 Auth — Profile Updates" name="TC-U-097 setLanguage stores ta" time="0">
    </testcase>
    <testcase classname="API-04 Auth — Profile Updates" name="TC-U-098 setLanguage stores te" time="0">
    </testcase>
    <testcase classname="API-04 Auth — Profile Updates" name="TC-U-099 setLanguage stores bn" time="0">
    </testcase>
    <testcase classname="API-04 Auth — Profile Updates" name="TC-U-100 setLanguage stores mr" time="0">
    </testcase>
    <testcase classname="API-04 Auth — Profile Updates" name="TC-U-101 setLanguage stores gu" time="0.001">
    </testcase>
    <testcase classname="API-04 Auth — Profile Updates" name="TC-U-102 setLanguage stores kn" time="0">
    </testcase>
    <testcase classname="API-04 Auth — Profile Updates" name="TC-U-103 setLanguage stores en" time="0">
    </testcase>
    <testcase classname="API-04 Auth — Profile Updates" name="TC-U-104 setOnboarding true sets flag" time="0">
    </testcase>
    <testcase classname="API-04 Auth — Profile Updates" name="TC-U-105 setOnboarding false resets flag" time="0">
    </testcase>
    <testcase classname="API-04 Auth — Profile Updates" name="TC-U-106 user address is an object with 4 keys" time="0.001">
    </testcase>
    <testcase classname="API-04 Auth — Profile Updates" name="TC-U-107 user has bankDetails field optional" time="0">
    </testcase>
    <testcase classname="API-04 Auth — Profile Updates" name="TC-U-108 user has income field optional" time="0">
    </testcase>
    <testcase classname="API-04 Auth — Profile Updates" name="TC-U-109 user has dateOfBirth field optional" time="0">
    </testcase>
    <testcase classname="API-04 Auth — Profile Updates" name="TC-U-110 user has gender field optional" time="0">
    </testcase>
    <testcase classname="API-04 Auth — Profile Updates" name="TC-U-111 user has aadhaar field optional" time="0">
    </testcase>
    <testcase classname="API-04 Auth — Profile Updates" name="TC-U-112 user has avatar field optional" time="0.001">
    </testcase>
    <testcase classname="API-04 Auth — Profile Updates" name="TC-U-113 updateProfile with bankDetails stores account number" time="0">
    </testcase>
    <testcase classname="API-04 Auth — Profile Updates" name="TC-U-114 updateProfile with income stores annual income" time="0">
    </testcase>
    <testcase classname="API-04 Auth — Profile Updates" name="TC-U-115 updateProfile with aadhaar stores value" time="0">
    </testcase>
    <testcase classname="API-04 Auth — Profile Updates" name="TC-U-116 updateProfile with DOB stores value" time="0.001">
    </testcase>
    <testcase classname="API-04 Auth — Profile Updates" name="TC-U-117 updateProfile with gender stores value" time="0">
    </testcase>
    <testcase classname="API-04 Auth — Profile Updates" name="TC-U-118 updateProfile pincode updates correctly" time="0">
    </testcase>
    <testcase classname="API-04 Auth — Profile Updates" name="TC-U-119 languages array has 8 items" time="0">
    </testcase>
    <testcase classname="API-04 Auth — Profile Updates" name="TC-U-120 languages all have code name native" time="0.003">
    </testcase>
    <testcase classname="API-05 Scheme Store — Data Integrity" name="TC-U-121 schemes array is defined" time="0">
    </testcase>
    <testcase classname="API-05 Scheme Store — Data Integrity" name="TC-U-122 schemes has at least 10 items" time="0.001">
    </testcase>
    <testcase classname="API-05 Scheme Store — Data Integrity" name="TC-U-123 every scheme has id" time="0.001">
    </testcase>
    <testcase classname="API-05 Scheme Store — Data Integrity" name="TC-U-124 every scheme has name" time="0.001">
    </testcase>
    <testcase classname="API-05 Scheme Store — Data Integrity" name="TC-U-125 every scheme has description &gt; 10 chars" time="0.004">
    </testcase>
    <testcase classname="API-05 Scheme Store — Data Integrity" name="TC-U-126 every scheme has ministry" time="0.002">
    </testcase>
    <testcase classname="API-05 Scheme Store — Data Integrity" name="TC-U-127 every scheme has benefits" time="0.002">
    </testcase>
    <testcase classname="API-05 Scheme Store — Data Integrity" name="TC-U-128 every scheme eligibility is array" time="0.002">
    </testcase>
    <testcase classname="API-05 Scheme Store — Data Integrity" name="TC-U-129 every scheme eligibility has &gt;= 1 item" time="0.001">
    </testcase>
    <testcase classname="API-05 Scheme Store — Data Integrity" name="TC-U-130 every scheme documents is array" time="0.001">
    </testcase>
    <testcase classname="API-05 Scheme Store — Data Integrity" name="TC-U-131 every scheme documents has &gt;= 1 item" time="0.001">
    </testcase>
    <testcase classname="API-05 Scheme Store — Data Integrity" name="TC-U-132 every scheme deadline is valid date" time="0.001">
    </testcase>
    <testcase classname="API-05 Scheme Store — Data Integrity" name="TC-U-133 every scheme status is valid enum value" time="0.002">
    </testcase>
    <testcase classname="API-05 Scheme Store — Data Integrity" name="TC-U-134 every scheme applied &gt;= 0" time="0.002">
    </testcase>
    <testcase classname="API-05 Scheme Store — Data Integrity" name="TC-U-135 every scheme featured is boolean" time="0.002">
    </testcase>
    <testcase classname="API-05 Scheme Store — Data Integrity" name="TC-U-136 scheme ids are all unique" time="0">
    </testcase>
    <testcase classname="API-05 Scheme Store — Data Integrity" name="TC-U-137 at least 1 scheme is featured" time="0">
    </testcase>
    <testcase classname="API-05 Scheme Store — Data Integrity" name="TC-U-138 at least 1 scheme is active" time="0">
    </testcase>
    <testcase classname="API-05 Scheme Store — Data Integrity" name="TC-U-139 PM-Kisan scheme exists" time="0.001">
    </testcase>
    <testcase classname="API-05 Scheme Store — Data Integrity" name="TC-U-140 Ayushman Bharat scheme exists" time="0.001">
    </testcase>
    <testcase classname="API-05 Scheme Store — Data Integrity" name="TC-U-141 PM Awas Yojana scheme exists" time="0">
    </testcase>
    <testcase classname="API-05 Scheme Store — Data Integrity" name="TC-U-142 MUDRA Loan scheme exists" time="0">
    </testcase>
    <testcase classname="API-05 Scheme Store — Data Integrity" name="TC-U-143 scheme image URLs are strings when present" time="0.002">
    </testcase>
    <testcase classname="API-05 Scheme Store — Data Integrity" name="TC-U-144 scheme image URLs contain pexels" time="0.003">
    </testcase>
    <testcase classname="API-05 Scheme Store — Data Integrity" name="TC-U-145 scheme deadlines are in 2026 or later" time="0.002">
    </testcase>
    <testcase classname="API-05 Scheme Store — Data Integrity" name="TC-U-146 categories array has 8 items" time="0">
    </testcase>
    <testcase classname="API-05 Scheme Store — Data Integrity" name="TC-U-147 every category has id name icon color count" time="0.004">
    </testcase>
    <testcase classname="API-05 Scheme Store — Data Integrity" name="TC-U-148 category color is valid hex" time="0.001">
    </testcase>
    <testcase classname="API-05 Scheme Store — Data Integrity" name="TC-U-149 category ids are unique" time="0.001">
    </testcase>
    <testcase classname="API-05 Scheme Store — Data Integrity" name="TC-U-150 Education category count &gt; 0" time="0">
    </testcase>
    <testcase classname="API-06 Scheme Store — Filter &amp; Search" name="TC-U-151 filterByCategory Agriculture returns only Agriculture" time="0">
    </testcase>
    <testcase classname="API-06 Scheme Store — Filter &amp; Search" name="TC-U-152 filterByCategory unknown returns empty array" time="0.002">
    </testcase>
    <testcase classname="API-06 Scheme Store — Filter &amp; Search" name="TC-U-153 filterByCategory Education returns &gt;=1 result" time="0.001">
    </testcase>
    <testcase classname="API-06 Scheme Store — Filter &amp; Search" name="TC-U-154 filterByStatus active returns only active" time="0.002">
    </testcase>
    <testcase classname="API-06 Scheme Store — Filter &amp; Search" name="TC-U-155 filterByStatus returns array type" time="0">
    </testcase>
    <testcase classname="API-06 Scheme Store — Filter &amp; Search" name="TC-U-156 searchSchemes empty string returns all" time="0">
    </testcase>
    <testcase classname="API-06 Scheme Store — Filter &amp; Search" name="TC-U-157 searchSchemes PM returns &gt;=1 result" time="0.001">
    </testcase>
    <testcase classname="API-06 Scheme Store — Filter &amp; Search" name="TC-U-158 searchSchemes Kisan returns &gt;=1 result" time="0.001">
    </testcase>
    <testcase classname="API-06 Scheme Store — Filter &amp; Search" name="TC-U-159 searchSchemes is case-insensitive" time="0.001">
    </testcase>
    <testcase classname="API-06 Scheme Store — Filter &amp; Search" name="TC-U-160 searchSchemes zzznomatch returns 0" time="0">
    </testcase>
    <testcase classname="API-06 Scheme Store — Filter &amp; Search" name="TC-U-161 searchSchemes matches on description too" time="0">
    </testcase>
    <testcase classname="API-06 Scheme Store — Filter &amp; Search" name="TC-U-162 sortByPopularity returns descending order" time="0.002">
    </testcase>
    <testcase classname="API-06 Scheme Store — Filter &amp; Search" name="TC-U-163 sortByPopularity first item has max applied" time="0">
    </testcase>
    <testcase classname="API-06 Scheme Store — Filter &amp; Search" name="TC-U-164 sortByPopularity does not mutate original" time="0.001">
    </testcase>
    <testcase classname="API-06 Scheme Store — Filter &amp; Search" name="TC-U-165 sortByDeadline returns chronological order" time="0.001">
    </testcase>
    <testcase classname="API-06 Scheme Store — Filter &amp; Search" name="TC-U-166 getFeatured returns only featured schemes" time="0.003">
    </testcase>
    <testcase classname="API-06 Scheme Store — Filter &amp; Search" name="TC-U-167 getFeatured returns &gt;=1 item" time="0">
    </testcase>
    <testcase classname="API-06 Scheme Store — Filter &amp; Search" name="TC-U-168 getSchemeById 1 returns correct scheme" time="0">
    </testcase>
    <testcase classname="API-06 Scheme Store — Filter &amp; Search" name="TC-U-169 getSchemeById 9999 returns undefined" time="0">
    </testcase>
    <testcase classname="API-06 Scheme Store — Filter &amp; Search" name="TC-U-170 getSchemeById returns undefined for empty string" time="0.001">
    </testcase>
    <testcase classname="API-06 Scheme Store — Filter &amp; Search" name="TC-U-171 paginateSchemes page 1 returns first 10" time="0">
    </testcase>
    <testcase classname="API-06 Scheme Store — Filter &amp; Search" name="TC-U-172 paginateSchemes page 0 returns empty" time="0">
    </testcase>
    <testcase classname="API-06 Scheme Store — Filter &amp; Search" name="TC-U-173 paginateSchemes beyond last page returns empty" time="0">
    </testcase>
    <testcase classname="API-06 Scheme Store — Filter &amp; Search" name="TC-U-174 combined filter+search works" time="0.002">
    </testcase>
    <testcase classname="API-06 Scheme Store — Filter &amp; Search" name="TC-U-175 checkEligibility citizen+age18 passes scheme 0" time="0.001">
    </testcase>
    <testcase classname="API-06 Scheme Store — Filter &amp; Search" name="TC-U-176 checkEligibility non-citizen fails" time="0">
    </testcase>
    <testcase classname="API-06 Scheme Store — Filter &amp; Search" name="TC-U-177 checkEligibility underage fails for Age 18+ scheme" time="0">
    </testcase>
    <testcase classname="API-06 Scheme Store — Filter &amp; Search" name="TC-U-178 checkEligibility passes for schemes without age restriction" time="0">
    </testcase>
    <testcase classname="API-06 Scheme Store — Filter &amp; Search" name="TC-U-179 scheme map by id has correct length" time="0.001">
    </testcase>
    <testcase classname="API-06 Scheme Store — Filter &amp; Search" name="TC-U-180 scheme category list has no duplicates" time="0">
    </testcase>
    <testcase classname="API-07 Notification Store" name="TC-U-181 notification has id field" time="0">
    </testcase>
    <testcase classname="API-07 Notification Store" name="TC-U-182 notification has title field" time="0.001">
    </testcase>
    <testcase classname="API-07 Notification Store" name="TC-U-183 notification has message field" time="0">
    </testcase>
    <testcase classname="API-07 Notification Store" name="TC-U-184 notification type is valid enum" time="0">
    </testcase>
    <testcase classname="API-07 Notification Store" name="TC-U-185 notification read is boolean" time="0.001">
    </testcase>
    <testcase classname="API-07 Notification Store" name="TC-U-186 markAsRead sets read to true" time="0.001">
    </testcase>
    <testcase classname="API-07 Notification Store" name="TC-U-187 markAllRead sets all to true" time="0">
    </testcase>
    <testcase classname="API-07 Notification Store" name="TC-U-188 getUnreadCount returns correct number" time="0">
    </testcase>
    <testcase classname="API-07 Notification Store" name="TC-U-189 getUnreadCount returns 0 when all read" time="0">
    </testcase>
    <testcase classname="API-07 Notification Store" name="TC-U-190 getUnreadCount returns 0 for empty array" time="0.001">
    </testcase>
    <testcase classname="API-07 Notification Store" name="TC-U-191 filterByType success returns only success" time="0">
    </testcase>
    <testcase classname="API-07 Notification Store" name="TC-U-192 filterByType error returns only errors" time="0">
    </testcase>
    <testcase classname="API-07 Notification Store" name="TC-U-193 notifications sorted newest first" time="0">
    </testcase>
    <testcase classname="API-07 Notification Store" name="TC-U-194 deleteNotification removes item from list" time="0.001">
    </testcase>
    <testcase classname="API-07 Notification Store" name="TC-U-195 deleteNotification returns same length if id not found" time="0">
    </testcase>
    <testcase classname="API-07 Notification Store" name="TC-U-196 addNotification prepends to list" time="0">
    </testcase>
    <testcase classname="API-07 Notification Store" name="TC-U-197 notification created_at and createdAt both supported" time="0">
    </testcase>
    <testcase classname="API-07 Notification Store" name="TC-U-198 notification scheme_id links to scheme" time="0">
    </testcase>
    <testcase classname="API-07 Notification Store" name="TC-U-199 info type shows correct icon color" time="0.002">
    </testcase>
    <testcase classname="API-07 Notification Store" name="TC-U-200 success type shows green badge" time="0">
    </testcase>
    <testcase classname="API-07 Notification Store" name="TC-U-201 warning type shows yellow badge" time="0">
    </testcase>
    <testcase classname="API-07 Notification Store" name="TC-U-202 error type shows red badge" time="0.001">
    </testcase>
    <testcase classname="API-07 Notification Store" name="TC-U-203 notifications list renders empty state on 0 items" time="0">
    </testcase>
    <testcase classname="API-07 Notification Store" name="TC-U-204 unread badge count caps at 99+" time="0">
    </testcase>
    <testcase classname="API-07 Notification Store" name="TC-U-205 notification title max length is enforced in display" time="0.002">
    </testcase>
    <testcase classname="API-07 Notification Store" name="TC-U-206 notification message truncates at 2 lines in card" time="0.001">
    </testcase>
    <testcase classname="API-07 Notification Store" name="TC-U-207 notification detail renders full message" time="0">
    </testcase>
    <testcase classname="API-07 Notification Store" name="TC-U-208 real-time subscription updates unread count" time="0">
    </testcase>
    <testcase classname="API-07 Notification Store" name="TC-U-209 notifications persist across app restarts" time="0">
    </testcase>
    <testcase classname="API-07 Notification Store" name="TC-U-210 notification store has correct initial state" time="0">
    </testcase>
    <testcase classname="API-08 Settings Store" name="TC-U-211 default theme is light" time="0">
    </testcase>
    <testcase classname="API-08 Settings Store" name="TC-U-212 toggleTheme switches light to dark" time="0">
    </testcase>
    <testcase classname="API-08 Settings Store" name="TC-U-213 toggleTheme switches dark to light" time="0">
    </testcase>
    <testcase classname="API-08 Settings Store" name="TC-U-214 setTheme dark stores dark" time="0">
    </testcase>
    <testcase classname="API-08 Settings Store" name="TC-U-215 setTheme light stores light" time="0">
    </testcase>
    <testcase classname="API-08 Settings Store" name="TC-U-216 default language is en" time="0">
    </testcase>
    <testcase classname="API-08 Settings Store" name="TC-U-217 setLanguage hi stores hi" time="0">
    </testcase>
    <testcase classname="API-08 Settings Store" name="TC-U-218 setLanguage ta stores ta" time="0.001">
    </testcase>
    <testcase classname="API-08 Settings Store" name="TC-U-219 reminders default is false" time="0">
    </testcase>
    <testcase classname="API-08 Settings Store" name="TC-U-220 toggleReminders sets to true" time="0">
    </testcase>
    <testcase classname="API-08 Settings Store" name="TC-U-221 toggleReminders sets to false" time="0">
    </testcase>
    <testcase classname="API-08 Settings Store" name="TC-U-222 setReminders true enables reminders" time="0">
    </testcase>
    <testcase classname="API-08 Settings Store" name="TC-U-223 setReminders false disables reminders" time="0.001">
    </testcase>
    <testcase classname="API-08 Settings Store" name="TC-U-224 settings persist on app restart" time="0">
    </testcase>
    <testcase classname="API-08 Settings Store" name="TC-U-225 theme persists after logout" time="0">
    </testcase>
    <testcase classname="API-08 Settings Store" name="TC-U-226 language persists after logout" time="0">
    </testcase>
    <testcase classname="API-08 Settings Store" name="TC-U-227 all settings reset on account delete" time="0">
    </testcase>
    <testcase classname="API-08 Settings Store" name="TC-U-228 font scale setting stored correctly" time="0">
    </testcase>
    <testcase classname="API-08 Settings Store" name="TC-U-229 notification permission setting stored" time="0">
    </testcase>
    <testcase classname="API-08 Settings Store" name="TC-U-230 privacy policy version stored" time="0">
    </testcase>
    <testcase classname="API-08 Settings Store" name="TC-U-231 app version accessible from settings store" time="0">
    </testcase>
    <testcase classname="API-08 Settings Store" name="TC-U-232 settings store is Zustand-based" time="0">
    </testcase>
    <testcase classname="API-08 Settings Store" name="TC-U-233 settings store uses AsyncStorage for persistence" time="0">
    </testcase>
    <testcase classname="API-08 Settings Store" name="TC-U-234 settings hydration completes on app start" time="0.001">
    </testcase>
    <testcase classname="API-08 Settings Store" name="TC-U-235 settings update is synchronous Zustand" time="0">
    </testcase>
    <testcase classname="API-08 Settings Store" name="TC-U-236 settings subscribe callback fires on change" time="0">
    </testcase>
    <testcase classname="API-08 Settings Store" name="TC-U-237 settings selector re-renders only affected components" time="0">
    </testcase>
    <testcase classname="API-08 Settings Store" name="TC-U-238 resetSettings returns all defaults" time="0">
    </testcase>
    <testcase classname="API-08 Settings Store" name="TC-U-239 settings exported from store/settingsStore.ts" time="0">
    </testcase>
    <testcase classname="API-08 Settings Store" name="TC-U-240 scheme store exported from store/schemeStore.ts" time="0">
    </testcase>
    <testcase classname="API-09 Data Utilities" name="TC-U-241 formatCurrency 300000 returns formatted" time="0.042">
    </testcase>
    <testcase classname="API-09 Data Utilities" name="TC-U-242 formatCurrency 0 returns formatted" time="0.001">
    </testcase>
    <testcase classname="API-09 Data Utilities" name="TC-U-243 formatCurrency negative returns 0 or throws" time="0">
    </testcase>
    <testcase classname="API-09 Data Utilities" name="TC-U-244 formatDate 2026-12-31 returns readable string" time="0.034">
    </testcase>
    <testcase classname="API-09 Data Utilities" name="TC-U-245 formatDate invalid string returns fallback" time="0.001">
    </testcase>
    <testcase classname="API-09 Data Utilities" name="TC-U-246 daysUntilDeadline future date returns positive" time="0">
    </testcase>
    <testcase classname="API-09 Data Utilities" name="TC-U-247 daysUntilDeadline past date returns negative or 0" time="0">
    </testcase>
    <testcase classname="API-09 Data Utilities" name="TC-U-248 truncateText 10 chars truncates at 10" time="0">
    </testcase>
    <testcase classname="API-09 Data Utilities" name="TC-U-249 truncateText longer-than-limit string is truncated" time="0">
    </testcase>
    <testcase classname="API-09 Data Utilities" name="TC-U-250 truncateText shorter-than-limit string unchanged" time="0">
    </testcase>
    <testcase classname="API-09 Data Utilities" name="TC-U-251 capitalizeWords hello world → Hello World" time="0">
    </testcase>
    <testcase classname="API-09 Data Utilities" name="TC-U-252 capitalizeWords empty string → empty" time="0">
    </testcase>
    <testcase classname="API-09 Data Utilities" name="TC-U-253 getInitials Ravi Kumar → RK" time="0">
    </testcase>
    <testcase classname="API-09 Data Utilities" name="TC-U-254 getInitials single name → first char" time="0.001">
    </testcase>
    <testcase classname="API-09 Data Utilities" name="TC-U-255 getInitials empty → empty" time="0">
    </testcase>
    <testcase classname="API-09 Data Utilities" name="TC-U-256 isExpired past date returns true" time="0">
    </testcase>
    <testcase classname="API-09 Data Utilities" name="TC-U-257 isExpired future date returns false" time="0">
    </testcase>
    <testcase classname="API-09 Data Utilities" name="TC-U-258 isExpired today returns false" time="0.001">
    </testcase>
    <testcase classname="API-09 Data Utilities" name="TC-U-259 maskAadhaar shows last 4 digits" time="0">
    </testcase>
    <testcase classname="API-09 Data Utilities" name="TC-U-260 maskPhone hides first 6 digits" time="0">
    </testcase>
    <testcase classname="API-09 Data Utilities" name="TC-U-261 debounce delays execution" time="0">
    </testcase>
    <testcase classname="API-09 Data Utilities" name="TC-U-262 throttle limits execution frequency" time="0">
    </testcase>
    <testcase classname="API-09 Data Utilities" name="TC-U-263 groupBy groups array by key correctly" time="0.001">
    </testcase>
    <testcase classname="API-09 Data Utilities" name="TC-U-264 groupBy returns empty object for empty array" time="0">
    </testcase>
    <testcase classname="API-09 Data Utilities" name="TC-U-265 unique array removes duplicates" time="0">
    </testcase>
    <testcase classname="API-09 Data Utilities" name="TC-U-266 chunk splits array into correct sizes" time="0">
    </testcase>
    <testcase classname="API-09 Data Utilities" name="TC-U-267 chunk last chunk may be smaller" time="0">
    </testcase>
    <testcase classname="API-09 Data Utilities" name="TC-U-268 flatten nested array one level" time="0">
    </testcase>
    <testcase classname="API-09 Data Utilities" name="TC-U-269 sortByKey sorts objects by numeric key descending" time="0">
    </testcase>
    <testcase classname="API-09 Data Utilities" name="TC-U-270 isEmpty returns true for empty array" time="0">
    </testcase>
    <testcase classname="API-10 Type Validators" name="TC-U-271 isValidEmail passes user@example.com" time="0">
    </testcase>
    <testcase classname="API-10 Type Validators" name="TC-U-272 isValidEmail fails userdomain.com" time="0">
    </testcase>
    <testcase classname="API-10 Type Validators" name="TC-U-273 isValidEmail fails user@" time="0">
    </testcase>
    <testcase classname="API-10 Type Validators" name="TC-U-274 isValidEmail fails empty" time="0">
    </testcase>
    <testcase classname="API-10 Type Validators" name="TC-U-275 isValidEmail passes email with .co.in TLD" time="0.001">
    </testcase>
    <testcase classname="API-10 Type Validators" name="TC-U-276 validateAadhaar passes 12-digit starting with 1-9" time="0">
    </testcase>
    <testcase classname="API-10 Type Validators" name="TC-U-277 validateAadhaar fails 11-digit" time="0">
    </testcase>
    <testcase classname="API-10 Type Validators" name="TC-U-278 validateAadhaar fails starting with 0" time="0">
    </testcase>
    <testcase classname="API-10 Type Validators" name="TC-U-279 validatePAN passes ABCDE1234F" time="0">
    </testcase>
    <testcase classname="API-10 Type Validators" name="TC-U-280 validatePAN fails lowercase" time="0">
    </testcase>
    <testcase classname="API-10 Type Validators" name="TC-U-281 validateIFSC passes SBIN0001234" time="0">
    </testcase>
    <testcase classname="API-10 Type Validators" name="TC-U-282 validateIFSC fails without 0 in 5th position" time="0">
    </testcase>
    <testcase classname="API-10 Type Validators" name="TC-U-283 validatePincode passes 400001" time="0">
    </testcase>
    <testcase classname="API-10 Type Validators" name="TC-U-284 validatePincode fails starting with 0" time="0.001">
    </testcase>
    <testcase classname="API-10 Type Validators" name="TC-U-285 validatePincode fails 5 digits" time="0">
    </testcase>
    <testcase classname="API-10 Type Validators" name="TC-U-286 validateBankAccount passes 9-18 digits" time="0">
    </testcase>
    <testcase classname="API-10 Type Validators" name="TC-U-287 validateBankAccount fails &lt; 9 digits" time="0">
    </testcase>
    <testcase classname="API-10 Type Validators" name="TC-U-288 validateBankAccount fails with letters" time="0">
    </testcase>
    <testcase classname="API-10 Type Validators" name="TC-U-289 validatePhone passes 10-digit number" time="0.001">
    </testcase>
    <testcase classname="API-10 Type Validators" name="TC-U-290 validatePhone fails 9-digit number" time="0">
    </testcase>
    <testcase classname="API-10 Type Validators" name="TC-U-291 validatePhone fails with letters" time="0">
    </testcase>
    <testcase classname="API-10 Type Validators" name="TC-U-292 Application status enum includes all 6 values" time="0">
    </testcase>
    <testcase classname="API-10 Type Validators" name="TC-U-293 Notification type enum includes all 4 values" time="0">
    </testcase>
    <testcase classname="API-10 Type Validators" name="TC-U-294 Scheme status enum includes all 3 values" time="0">
    </testcase>
    <testcase classname="API-10 Type Validators" name="TC-U-295 User interface has all required fields" time="0">
    </testcase>
    <testcase classname="API-10 Type Validators" name="TC-U-296 Address interface has 4 fields" time="0">
    </testcase>
    <testcase classname="API-10 Type Validators" name="TC-U-297 BankDetails interface has 3 fields" time="0">
    </testcase>
    <testcase classname="API-10 Type Validators" name="TC-U-298 Income interface has 3 fields" time="0">
    </testcase>
    <testcase classname="API-10 Type Validators" name="TC-U-299 Document interface has name and uploaded fields" time="0">
    </testcase>
    <testcase classname="API-10 Type Validators" name="TC-U-300 all type imports resolve without error" time="0">
    </testcase>
  </testsuite>
  <testsuite name="VAL-01 Aadhaar Validation" errors="0" failures="0" skipped="0" timestamp="2026-07-30T08:40:44" time="6.387" tests="300">
    <testcase classname="VAL-01 Aadhaar Validation" name="TC-V-001 valid 12-digit Aadhaar passes" time="0.024">
    </testcase>
    <testcase classname="VAL-01 Aadhaar Validation" name="TC-V-002 Aadhaar with 11 digits fails" time="0.001">
    </testcase>
    <testcase classname="VAL-01 Aadhaar Validation" name="TC-V-003 Aadhaar with 13 digits fails" time="0.001">
    </testcase>
    <testcase classname="VAL-01 Aadhaar Validation" name="TC-V-004 Aadhaar with letters fails" time="0.001">
    </testcase>
    <testcase classname="VAL-01 Aadhaar Validation" name="TC-V-005 Aadhaar starting with 0 fails" time="0.001">
    </testcase>
    <testcase classname="VAL-01 Aadhaar Validation" name="TC-V-006 Aadhaar starting with 1 passes" time="0">
    </testcase>
    <testcase classname="VAL-01 Aadhaar Validation" name="TC-V-007 Aadhaar starting with 9 passes" time="0.001">
    </testcase>
    <testcase classname="VAL-01 Aadhaar Validation" name="TC-V-008 Aadhaar with spaces fails" time="0">
    </testcase>
    <testcase classname="VAL-01 Aadhaar Validation" name="TC-V-009 Aadhaar with hyphens fails" time="0.001">
    </testcase>
    <testcase classname="VAL-01 Aadhaar Validation" name="TC-V-010 empty Aadhaar fails" time="0">
    </testcase>
    <testcase classname="VAL-01 Aadhaar Validation" name="TC-V-011 Aadhaar with special chars fails" time="0.001">
    </testcase>
    <testcase classname="VAL-01 Aadhaar Validation" name="TC-V-012 Aadhaar with all same digits passes format" time="0">
    </testcase>
    <testcase classname="VAL-01 Aadhaar Validation" name="TC-V-013 Aadhaar with leading zeros fails" time="0">
    </testcase>
    <testcase classname="VAL-01 Aadhaar Validation" name="TC-V-014 Aadhaar with trailing space fails" time="0">
    </testcase>
    <testcase classname="VAL-01 Aadhaar Validation" name="TC-V-015 Aadhaar with leading space fails" time="0.001">
    </testcase>
    <testcase classname="VAL-01 Aadhaar Validation" name="TC-V-016 Aadhaar with decimal point fails" time="0">
    </testcase>
    <testcase classname="VAL-01 Aadhaar Validation" name="TC-V-017 Aadhaar with plus sign fails" time="0">
    </testcase>
    <testcase classname="VAL-01 Aadhaar Validation" name="TC-V-018 Aadhaar exactly 12 digits starting 1 passes" time="0">
    </testcase>
    <testcase classname="VAL-01 Aadhaar Validation" name="TC-V-019 Aadhaar exactly 12 digits starting 5 passes" time="0.001">
    </testcase>
    <testcase classname="VAL-01 Aadhaar Validation" name="TC-V-020 Aadhaar with newline char fails" time="0">
    </testcase>
    <testcase classname="VAL-01 Aadhaar Validation" name="TC-V-021 Aadhaar with tab char fails" time="0">
    </testcase>
    <testcase classname="VAL-01 Aadhaar Validation" name="TC-V-022 Aadhaar all zeros fails" time="0">
    </testcase>
    <testcase classname="VAL-01 Aadhaar Validation" name="TC-V-023 Aadhaar 12 chars with mixed case letters fails" time="0">
    </testcase>
    <testcase classname="VAL-01 Aadhaar Validation" name="TC-V-024 Aadhaar with unicode digits passes" time="0">
    </testcase>
    <testcase classname="VAL-01 Aadhaar Validation" name="TC-V-025 Aadhaar 10 digits fails" time="0">
    </testcase>
    <testcase classname="VAL-01 Aadhaar Validation" name="TC-V-026 Aadhaar 14 digits fails" time="0">
    </testcase>
    <testcase classname="VAL-01 Aadhaar Validation" name="TC-V-027 Aadhaar mask shows last 4 digits" time="0.001">
    </testcase>
    <testcase classname="VAL-01 Aadhaar Validation" name="TC-V-028 Aadhaar mask hides first 8 digits" time="0">
    </testcase>
    <testcase classname="VAL-01 Aadhaar Validation" name="TC-V-029 Aadhaar validation returns boolean" time="0">
    </testcase>
    <testcase classname="VAL-01 Aadhaar Validation" name="TC-V-030 Aadhaar with parentheses fails" time="0">
    </testcase>
    <testcase classname="VAL-02 PAN &amp; Tax IDs" name="TC-V-031 valid PAN passes ABCDE1234F" time="0.001">
    </testcase>
    <testcase classname="VAL-02 PAN &amp; Tax IDs" name="TC-V-032 lowercase PAN fails" time="0">
    </testcase>
    <testcase classname="VAL-02 PAN &amp; Tax IDs" name="TC-V-033 PAN with 9 chars fails" time="0">
    </testcase>
    <testcase classname="VAL-02 PAN &amp; Tax IDs" name="TC-V-034 PAN with 11 chars fails" time="0.001">
    </testcase>
    <testcase classname="VAL-02 PAN &amp; Tax IDs" name="TC-V-035 PAN with special chars fails" time="0">
    </testcase>
    <testcase classname="VAL-02 PAN &amp; Tax IDs" name="TC-V-036 empty PAN fails" time="0">
    </testcase>
    <testcase classname="VAL-02 PAN &amp; Tax IDs" name="TC-V-037 PAN with spaces fails" time="0">
    </testcase>
    <testcase classname="VAL-02 PAN &amp; Tax IDs" name="TC-V-038 PAN first 5 chars must be letters" time="0.001">
    </testcase>
    <testcase classname="VAL-02 PAN &amp; Tax IDs" name="TC-V-039 PAN last char must be letter" time="0">
    </testcase>
    <testcase classname="VAL-02 PAN &amp; Tax IDs" name="TC-V-040 PAN middle 4 chars must be digits" time="0">
    </testcase>
    <testcase classname="VAL-02 PAN &amp; Tax IDs" name="TC-V-041 PAN with all letters in middle fails" time="0">
    </testcase>
    <testcase classname="VAL-02 PAN &amp; Tax IDs" name="TC-V-042 PAN with mixed case fails" time="0">
    </testcase>
    <testcase classname="VAL-02 PAN &amp; Tax IDs" name="TC-V-043 PAN with hyphen fails" time="0">
    </testcase>
    <testcase classname="VAL-02 PAN &amp; Tax IDs" name="TC-V-044 PAN with underscore fails" time="0">
    </testcase>
    <testcase classname="VAL-02 PAN &amp; Tax IDs" name="TC-V-045 PAN returns boolean type" time="0">
    </testcase>
    <testcase classname="VAL-02 PAN &amp; Tax IDs" name="TC-V-046 valid IFSC passes SBIN0001234" time="0.001">
    </testcase>
    <testcase classname="VAL-02 PAN &amp; Tax IDs" name="TC-V-047 IFSC shorter than 11 chars fails" time="0">
    </testcase>
    <testcase classname="VAL-02 PAN &amp; Tax IDs" name="TC-V-048 IFSC longer than 11 chars fails" time="0">
    </testcase>
    <testcase classname="VAL-02 PAN &amp; Tax IDs" name="TC-V-049 IFSC first 4 chars must be letters" time="0.001">
    </testcase>
    <testcase classname="VAL-02 PAN &amp; Tax IDs" name="TC-V-050 IFSC 5th char must be 0" time="0">
    </testcase>
    <testcase classname="VAL-02 PAN &amp; Tax IDs" name="TC-V-051 IFSC with lowercase fails" time="0">
    </testcase>
    <testcase classname="VAL-02 PAN &amp; Tax IDs" name="TC-V-052 IFSC with spaces fails" time="0">
    </testcase>
    <testcase classname="VAL-02 PAN &amp; Tax IDs" name="TC-V-053 IFSC empty fails" time="0">
    </testcase>
    <testcase classname="VAL-02 PAN &amp; Tax IDs" name="TC-V-054 IFSC with special chars fails" time="0.001">
    </testcase>
    <testcase classname="VAL-02 PAN &amp; Tax IDs" name="TC-V-055 IFSC returns boolean type" time="0">
    </testcase>
    <testcase classname="VAL-02 PAN &amp; Tax IDs" name="TC-V-056 valid GSTIN 15 chars passes" time="0">
    </testcase>
    <testcase classname="VAL-02 PAN &amp; Tax IDs" name="TC-V-057 GSTIN with 14 chars fails" time="0.001">
    </testcase>
    <testcase classname="VAL-02 PAN &amp; Tax IDs" name="TC-V-058 GSTIN with 16 chars fails" time="0">
    </testcase>
    <testcase classname="VAL-02 PAN &amp; Tax IDs" name="TC-V-059 GSTIN empty fails" time="0">
    </testcase>
    <testcase classname="VAL-02 PAN &amp; Tax IDs" name="TC-V-060 GSTIN returns string length" time="0.001">
    </testcase>
    <testcase classname="VAL-03 Bank Details" name="TC-V-061 account number of 9 digits passes" time="0.001">
    </testcase>
    <testcase classname="VAL-03 Bank Details" name="TC-V-062 account number of 18 digits passes" time="0">
    </testcase>
    <testcase classname="VAL-03 Bank Details" name="TC-V-063 account number shorter than 9 digits fails" time="0">
    </testcase>
    <testcase classname="VAL-03 Bank Details" name="TC-V-064 account number longer than 18 digits fails" time="0">
    </testcase>
    <testcase classname="VAL-03 Bank Details" name="TC-V-065 account number with letters fails" time="0">
    </testcase>
    <testcase classname="VAL-03 Bank Details" name="TC-V-066 account number with spaces fails" time="0">
    </testcase>
    <testcase classname="VAL-03 Bank Details" name="TC-V-067 account number empty fails" time="0">
    </testcase>
    <testcase classname="VAL-03 Bank Details" name="TC-V-068 account number with hyphens fails" time="0">
    </testcase>
    <testcase classname="VAL-03 Bank Details" name="TC-V-069 account number with special chars fails" time="0">
    </testcase>
    <testcase classname="VAL-03 Bank Details" name="TC-V-070 account number returns boolean type" time="0">
    </testcase>
    <testcase classname="VAL-03 Bank Details" name="TC-V-071 account number of exactly 10 digits passes" time="0">
    </testcase>
    <testcase classname="VAL-03 Bank Details" name="TC-V-072 account number of exactly 15 digits passes" time="0">
    </testcase>
    <testcase classname="VAL-03 Bank Details" name="TC-V-073 account number with leading zeros passes" time="0">
    </testcase>
    <testcase classname="VAL-03 Bank Details" name="TC-V-074 account number all same digits passes" time="0">
    </testcase>
    <testcase classname="VAL-03 Bank Details" name="TC-V-075 account number with decimal fails" time="0.001">
    </testcase>
    <testcase classname="VAL-03 Bank Details" name="TC-V-076 IFSC SBIN0001234 valid" time="0">
    </testcase>
    <testcase classname="VAL-03 Bank Details" name="TC-V-077 IFSC HDFC0001234 valid" time="0">
    </testcase>
    <testcase classname="VAL-03 Bank Details" name="TC-V-078 IFSC ICIC0001234 valid" time="0">
    </testcase>
    <testcase classname="VAL-03 Bank Details" name="TC-V-079 IFSC with number in first 4 fails" time="0">
    </testcase>
    <testcase classname="VAL-03 Bank Details" name="TC-V-080 IFSC with letter in 5th position fails" time="0">
    </testcase>
    <testcase classname="VAL-03 Bank Details" name="TC-V-081 bank name non-empty passes" time="0">
    </testcase>
    <testcase classname="VAL-03 Bank Details" name="TC-V-082 bank name empty fails" time="0.001">
    </testcase>
    <testcase classname="VAL-03 Bank Details" name="TC-V-083 bank name whitespace only fails" time="0">
    </testcase>
    <testcase classname="VAL-03 Bank Details" name="TC-V-084 bank name with special chars passes" time="0">
    </testcase>
    <testcase classname="VAL-03 Bank Details" name="TC-V-085 bank name max 100 chars" time="0">
    </testcase>
    <testcase classname="VAL-03 Bank Details" name="TC-V-086 confirm account number match passes" time="0">
    </testcase>
    <testcase classname="VAL-03 Bank Details" name="TC-V-087 confirm account number mismatch fails" time="0">
    </testcase>
    <testcase classname="VAL-03 Bank Details" name="TC-V-088 confirm account empty fails" time="0">
    </testcase>
    <testcase classname="VAL-03 Bank Details" name="TC-V-089 branch name non-empty passes" time="0">
    </testcase>
    <testcase classname="VAL-03 Bank Details" name="TC-V-090 branch name empty fails" time="0">
    </testcase>
    <testcase classname="VAL-04 Address Fields" name="TC-V-091 valid 6-digit pincode passes" time="0.001">
    </testcase>
    <testcase classname="VAL-04 Address Fields" name="TC-V-092 pincode with 5 digits fails" time="0">
    </testcase>
    <testcase classname="VAL-04 Address Fields" name="TC-V-093 pincode with 7 digits fails" time="0">
    </testcase>
    <testcase classname="VAL-04 Address Fields" name="TC-V-094 pincode starting with 0 fails" time="0.001">
    </testcase>
    <testcase classname="VAL-04 Address Fields" name="TC-V-095 pincode with letters fails" time="0">
    </testcase>
    <testcase classname="VAL-04 Address Fields" name="TC-V-096 pincode with spaces fails" time="0">
    </testcase>
    <testcase classname="VAL-04 Address Fields" name="TC-V-097 pincode empty fails" time="0">
    </testcase>
    <testcase classname="VAL-04 Address Fields" name="TC-V-098 pincode with special chars fails" time="0.001">
    </testcase>
    <testcase classname="VAL-04 Address Fields" name="TC-V-099 pincode starting with 1 passes" time="0">
    </testcase>
    <testcase classname="VAL-04 Address Fields" name="TC-V-100 pincode starting with 7 passes" time="0">
    </testcase>
    <testcase classname="VAL-04 Address Fields" name="TC-V-101 pincode starting with 9 passes" time="0">
    </testcase>
    <testcase classname="VAL-04 Address Fields" name="TC-V-102 pincode all same digits passes" time="0">
    </testcase>
    <testcase classname="VAL-04 Address Fields" name="TC-V-103 pincode returns boolean type" time="0">
    </testcase>
    <testcase classname="VAL-04 Address Fields" name="TC-V-104 street address non-empty passes" time="0">
    </testcase>
    <testcase classname="VAL-04 Address Fields" name="TC-V-105 street address empty fails" time="0">
    </testcase>
    <testcase classname="VAL-04 Address Fields" name="TC-V-106 street address whitespace only fails" time="0.001">
    </testcase>
    <testcase classname="VAL-04 Address Fields" name="TC-V-107 city name non-empty passes" time="0">
    </testcase>
    <testcase classname="VAL-04 Address Fields" name="TC-V-108 city name empty fails" time="0">
    </testcase>
    <testcase classname="VAL-04 Address Fields" name="TC-V-109 state selection non-empty passes" time="0">
    </testcase>
    <testcase classname="VAL-04 Address Fields" name="TC-V-110 state selection empty fails" time="0">
    </testcase>
    <testcase classname="VAL-04 Address Fields" name="TC-V-111 state dropdown has 28+ states" time="0.001">
    </testcase>
    <testcase classname="VAL-04 Address Fields" name="TC-V-112 Delhi is a valid state option" time="0">
    </testcase>
    <testcase classname="VAL-04 Address Fields" name="TC-V-113 Karnataka is a valid state option" time="0">
    </testcase>
    <testcase classname="VAL-04 Address Fields" name="TC-V-114 Tamil Nadu is a valid state option" time="0">
    </testcase>
    <testcase classname="VAL-04 Address Fields" name="TC-V-115 West Bengal is a valid state option" time="0.001">
    </testcase>
    <testcase classname="VAL-04 Address Fields" name="TC-V-116 pincode 560001 is Bangalore" time="0">
    </testcase>
    <testcase classname="VAL-04 Address Fields" name="TC-V-117 pincode 600001 is Chennai" time="0">
    </testcase>
    <testcase classname="VAL-04 Address Fields" name="TC-V-118 pincode 700001 is Kolkata" time="0">
    </testcase>
    <testcase classname="VAL-04 Address Fields" name="TC-V-119 pincode 600001 passes validation" time="0.001">
    </testcase>
    <testcase classname="VAL-04 Address Fields" name="TC-V-120 address form all fields required" time="0">
    </testcase>
    <testcase classname="VAL-05 Personal Info" name="TC-V-121 full name requires at least 2 words" time="0">
    </testcase>
    <testcase classname="VAL-05 Personal Info" name="TC-V-122 single word name fails" time="0.004">
    </testcase>
    <testcase classname="VAL-05 Personal Info" name="TC-V-123 empty name fails" time="0">
    </testcase>
    <testcase classname="VAL-05 Personal Info" name="TC-V-124 name with 3 words passes" time="0">
    </testcase>
    <testcase classname="VAL-05 Personal Info" name="TC-V-125 name with extra spaces passes after trim" time="0.001">
    </testcase>
    <testcase classname="VAL-05 Personal Info" name="TC-V-126 name with special chars passes" time="0.001">
    </testcase>
    <testcase classname="VAL-05 Personal Info" name="TC-V-127 name with numbers fails" time="0">
    </testcase>
    <testcase classname="VAL-05 Personal Info" name="TC-V-128 email valid passes" time="0.001">
    </testcase>
    <testcase classname="VAL-05 Personal Info" name="TC-V-129 email without @ fails" time="0.001">
    </testcase>
    <testcase classname="VAL-05 Personal Info" name="TC-V-130 email without domain fails" time="0">
    </testcase>
    <testcase classname="VAL-05 Personal Info" name="TC-V-131 email with consecutive dots fails" time="0.001">
    </testcase>
    <testcase classname="VAL-05 Personal Info" name="TC-V-132 email with valid TLD passes" time="0">
    </testcase>
    <testcase classname="VAL-05 Personal Info" name="TC-V-133 email with plus sign passes" time="0">
    </testcase>
    <testcase classname="VAL-05 Personal Info" name="TC-V-134 email with subdomain passes" time="0">
    </testcase>
    <testcase classname="VAL-05 Personal Info" name="TC-V-135 email empty fails" time="0">
    </testcase>
    <testcase classname="VAL-05 Personal Info" name="TC-V-136 phone 10 digits passes" time="0">
    </testcase>
    <testcase classname="VAL-05 Personal Info" name="TC-V-137 phone 9 digits fails" time="0.001">
    </testcase>
    <testcase classname="VAL-05 Personal Info" name="TC-V-138 phone 11 digits fails" time="0">
    </testcase>
    <testcase classname="VAL-05 Personal Info" name="TC-V-139 phone with letters fails" time="0">
    </testcase>
    <testcase classname="VAL-05 Personal Info" name="TC-V-140 phone with spaces fails" time="0">
    </testcase>
    <testcase classname="VAL-05 Personal Info" name="TC-V-141 phone with hyphens fails" time="0">
    </testcase>
    <testcase classname="VAL-05 Personal Info" name="TC-V-142 phone empty fails" time="0">
    </testcase>
    <testcase classname="VAL-05 Personal Info" name="TC-V-143 phone starting with 6 passes" time="0">
    </testcase>
    <testcase classname="VAL-05 Personal Info" name="TC-V-144 phone starting with 7 passes" time="0">
    </testcase>
    <testcase classname="VAL-05 Personal Info" name="TC-V-145 phone starting with 8 passes" time="0.001">
    </testcase>
    <testcase classname="VAL-05 Personal Info" name="TC-V-146 phone starting with 9 passes" time="0">
    </testcase>
    <testcase classname="VAL-05 Personal Info" name="TC-V-147 phone starting with 5 fails" time="0">
    </testcase>
    <testcase classname="VAL-05 Personal Info" name="TC-V-148 phone returns boolean type" time="0">
    </testcase>
    <testcase classname="VAL-05 Personal Info" name="TC-V-149 gender male passes" time="0">
    </testcase>
    <testcase classname="VAL-05 Personal Info" name="TC-V-150 gender female passes" time="0">
    </testcase>
    <testcase classname="VAL-06 Income &amp; Finance" name="TC-V-151 annual income must be positive" time="0">
    </testcase>
    <testcase classname="VAL-06 Income &amp; Finance" name="TC-V-152 zero income fails" time="0">
    </testcase>
    <testcase classname="VAL-06 Income &amp; Finance" name="TC-V-153 negative income fails" time="0.001">
    </testcase>
    <testcase classname="VAL-06 Income &amp; Finance" name="TC-V-154 income above 1 crore is valid" time="0">
    </testcase>
    <testcase classname="VAL-06 Income &amp; Finance" name="TC-V-155 income of exactly 1 is valid" time="0">
    </testcase>
    <testcase classname="VAL-06 Income &amp; Finance" name="TC-V-156 income of 100000 valid" time="0.001">
    </testcase>
    <testcase classname="VAL-06 Income &amp; Finance" name="TC-V-157 income of 500000 valid" time="0">
    </testcase>
    <testcase classname="VAL-06 Income &amp; Finance" name="TC-V-158 income of 10000000 valid" time="0">
    </testcase>
    <testcase classname="VAL-06 Income &amp; Finance" name="TC-V-159 income returns boolean type" time="0">
    </testcase>
    <testcase classname="VAL-06 Income &amp; Finance" name="TC-V-160 income NaN fails" time="0">
    </testcase>
    <testcase classname="VAL-06 Income &amp; Finance" name="TC-V-161 income Infinity fails" time="0.001">
    </testcase>
    <testcase classname="VAL-06 Income &amp; Finance" name="TC-V-162 income category EWS valid" time="0">
    </testcase>
    <testcase classname="VAL-06 Income &amp; Finance" name="TC-V-163 income category General valid" time="0.001">
    </testcase>
    <testcase classname="VAL-06 Income &amp; Finance" name="TC-V-164 income category OBC valid" time="0">
    </testcase>
    <testcase classname="VAL-06 Income &amp; Finance" name="TC-V-165 income category SC valid" time="0">
    </testcase>
    <testcase classname="VAL-06 Income &amp; Finance" name="TC-V-166 income category ST valid" time="0.001">
    </testcase>
    <testcase classname="VAL-06 Income &amp; Finance" name="TC-V-167 income source Agriculture valid" time="0">
    </testcase>
    <testcase classname="VAL-06 Income &amp; Finance" name="TC-V-168 income source Business valid" time="0">
    </testcase>
    <testcase classname="VAL-06 Income &amp; Finance" name="TC-V-169 income source Salary valid" time="0.001">
    </testcase>
    <testcase classname="VAL-06 Income &amp; Finance" name="TC-V-170 income source empty fails" time="0">
    </testcase>
    <testcase classname="VAL-06 Income &amp; Finance" name="TC-V-171 income 250000 is BPL threshold" time="0.001">
    </testcase>
    <testcase classname="VAL-06 Income &amp; Finance" name="TC-V-172 income 100000 is below BPL" time="0">
    </testcase>
    <testcase classname="VAL-06 Income &amp; Finance" name="TC-V-173 income 800000 is above EWS" time="0">
    </testcase>
    <testcase classname="VAL-06 Income &amp; Finance" name="TC-V-174 income 1800000 is MIG upper" time="0.001">
    </testcase>
    <testcase classname="VAL-06 Income &amp; Finance" name="TC-V-175 income 450000 is LIG threshold" time="0">
    </testcase>
    <testcase classname="VAL-06 Income &amp; Finance" name="TC-V-176 income 0.01 decimal passes" time="0">
    </testcase>
    <testcase classname="VAL-06 Income &amp; Finance" name="TC-V-177 income category empty fails" time="0.001">
    </testcase>
    <testcase classname="VAL-06 Income &amp; Finance" name="TC-V-178 income source whitespace fails" time="0">
    </testcase>
    <testcase classname="VAL-06 Income &amp; Finance" name="TC-V-179 income 999999999 valid" time="0">
    </testcase>
    <testcase classname="VAL-06 Income &amp; Finance" name="TC-V-180 income field accepts numeric string" time="0">
    </testcase>
    <testcase classname="VAL-07 Date Fields" name="TC-V-181 date of birth in future fails" time="0">
    </testcase>
    <testcase classname="VAL-07 Date Fields" name="TC-V-182 DOB in the past passes" time="0">
    </testcase>
    <testcase classname="VAL-07 Date Fields" name="TC-V-183 DOB today passes" time="0.002">
    </testcase>
    <testcase classname="VAL-07 Date Fields" name="TC-V-184 DOB year 1950 passes" time="0">
    </testcase>
    <testcase classname="VAL-07 Date Fields" name="TC-V-185 DOB year 1900 passes" time="0">
    </testcase>
    <testcase classname="VAL-07 Date Fields" name="TC-V-186 DOB year 1800 passes" time="0.001">
    </testcase>
    <testcase classname="VAL-07 Date Fields" name="TC-V-187 DOB year 2100 fails" time="0">
    </testcase>
    <testcase classname="VAL-07 Date Fields" name="TC-V-188 DOB empty string fails" time="0">
    </testcase>
    <testcase classname="VAL-07 Date Fields" name="TC-V-189 DOB invalid format fails" time="0">
    </testcase>
    <testcase classname="VAL-07 Date Fields" name="TC-V-190 DOB returns boolean type" time="0">
    </testcase>
    <testcase classname="VAL-07 Date Fields" name="TC-V-191 deadline future date is not expired" time="0">
    </testcase>
    <testcase classname="VAL-07 Date Fields" name="TC-V-192 deadline past date is expired" time="0">
    </testcase>
    <testcase classname="VAL-07 Date Fields" name="TC-V-193 deadline today is not expired" time="0">
    </testcase>
    <testcase classname="VAL-07 Date Fields" name="TC-V-194 daysUntil future date positive" time="0.001">
    </testcase>
    <testcase classname="VAL-07 Date Fields" name="TC-V-195 daysUntil past date negative" time="0">
    </testcase>
    <testcase classname="VAL-07 Date Fields" name="TC-V-196 daysUntil today is 0 or close" time="0.001">
    </testcase>
    <testcase classname="VAL-07 Date Fields" name="TC-V-197 deadline 2026-12-31 is valid" time="0">
    </testcase>
    <testcase classname="VAL-07 Date Fields" name="TC-V-198 deadline 2025-01-01 is expired" time="0">
    </testcase>
    <testcase classname="VAL-07 Date Fields" name="TC-V-199 formatDate returns string" time="0.033">
    </testcase>
    <testcase classname="VAL-07 Date Fields" name="TC-V-200 formatDate 2026-12-31 contains 2026" time="0.001">
    </testcase>
    <testcase classname="VAL-07 Date Fields" name="TC-V-201 DOB 2000-06-15 valid" time="0">
    </testcase>
    <testcase classname="VAL-07 Date Fields" name="TC-V-202 DOB 2010-12-31 valid" time="0">
    </testcase>
    <testcase classname="VAL-07 Date Fields" name="TC-V-203 DOB 2020-01-01 valid" time="0">
    </testcase>
    <testcase classname="VAL-07 Date Fields" name="TC-V-204 DOB 2025-01-01 valid if today" time="0.001">
    </testcase>
    <testcase classname="VAL-07 Date Fields" name="TC-V-205 DOB 2030-01-01 fails future" time="0">
    </testcase>
    <testcase classname="VAL-07 Date Fields" name="TC-V-206 deadline 2026-10-31 not expired" time="0">
    </testcase>
    <testcase classname="VAL-07 Date Fields" name="TC-V-207 deadline 2026-12-31 not expired" time="0">
    </testcase>
    <testcase classname="VAL-07 Date Fields" name="TC-V-208 age calculation from DOB 1990 is 36" time="0">
    </testcase>
    <testcase classname="VAL-07 Date Fields" name="TC-V-209 age calculation from DOB 2000 is 26" time="0.001">
    </testcase>
    <testcase classname="VAL-07 Date Fields" name="TC-V-210 age 18 is minimum for most schemes" time="0">
    </testcase>
    <testcase classname="VAL-08 File/Document Upload" name="TC-V-211 PDF file type is accepted" time="0">
    </testcase>
    <testcase classname="VAL-08 File/Document Upload" name="TC-V-212 JPEG file type is accepted" time="0">
    </testcase>
    <testcase classname="VAL-08 File/Document Upload" name="TC-V-213 PNG file type is accepted" time="0">
    </testcase>
    <testcase classname="VAL-08 File/Document Upload" name="TC-V-214 DOC file type is accepted" time="0.001">
    </testcase>
    <testcase classname="VAL-08 File/Document Upload" name="TC-V-215 DOCX file type is accepted" time="0">
    </testcase>
    <testcase classname="VAL-08 File/Document Upload" name="TC-V-216 EXE file type is rejected" time="0">
    </testcase>
    <testcase classname="VAL-08 File/Document Upload" name="TC-V-217 BAT file type is rejected" time="0">
    </testcase>
    <testcase classname="VAL-08 File/Document Upload" name="TC-V-218 empty file type rejected" time="0">
    </testcase>
    <testcase classname="VAL-08 File/Document Upload" name="TC-V-219 file size 1MB accepted" time="0.001">
    </testcase>
    <testcase classname="VAL-08 File/Document Upload" name="TC-V-220 file size 5MB accepted" time="0">
    </testcase>
    <testcase classname="VAL-08 File/Document Upload" name="TC-V-221 file size 10MB accepted" time="0">
    </testcase>
    <testcase classname="VAL-08 File/Document Upload" name="TC-V-222 file size 15MB rejected" time="0.001">
    </testcase>
    <testcase classname="VAL-08 File/Document Upload" name="TC-V-223 file size 0 bytes rejected" time="0">
    </testcase>
    <testcase classname="VAL-08 File/Document Upload" name="TC-V-224 file size negative rejected" time="0">
    </testcase>
    <testcase classname="VAL-08 File/Document Upload" name="TC-V-225 file name non-empty passes" time="0">
    </testcase>
    <testcase classname="VAL-08 File/Document Upload" name="TC-V-226 file name empty fails" time="0">
    </testcase>
    <testcase classname="VAL-08 File/Document Upload" name="TC-V-227 file name with special chars passes" time="0.001">
    </testcase>
    <testcase classname="VAL-08 File/Document Upload" name="TC-V-228 file extension .pdf valid" time="0">
    </testcase>
    <testcase classname="VAL-08 File/Document Upload" name="TC-V-229 file extension .jpg valid" time="0.001">
    </testcase>
    <testcase classname="VAL-08 File/Document Upload" name="TC-V-230 file extension .png valid" time="0">
    </testcase>
    <testcase classname="VAL-08 File/Document Upload" name="TC-V-231 file extension .doc valid" time="0">
    </testcase>
    <testcase classname="VAL-08 File/Document Upload" name="TC-V-232 file extension .docx valid" time="0">
    </testcase>
    <testcase classname="VAL-08 File/Document Upload" name="TC-V-233 file extension .exe invalid" time="0">
    </testcase>
    <testcase classname="VAL-08 File/Document Upload" name="TC-V-234 file extension .bat invalid" time="0.001">
    </testcase>
    <testcase classname="VAL-08 File/Document Upload" name="TC-V-235 file extension .js invalid" time="0">
    </testcase>
    <testcase classname="VAL-08 File/Document Upload" name="TC-V-236 file extension .sh invalid" time="0">
    </testcase>
    <testcase classname="VAL-08 File/Document Upload" name="TC-V-237 file extension uppercase .PDF valid" time="0">
    </testcase>
    <testcase classname="VAL-08 File/Document Upload" name="TC-V-238 file extension .JPG valid" time="0">
    </testcase>
    <testcase classname="VAL-08 File/Document Upload" name="TC-V-239 file extension .PNG valid" time="0">
    </testcase>
    <testcase classname="VAL-08 File/Document Upload" name="TC-V-240 file extension no extension invalid" time="0">
    </testcase>
    <testcase classname="VAL-09 Search &amp; Filter Inputs" name="TC-V-241 search query non-empty returns results" time="0">
    </testcase>
    <testcase classname="VAL-09 Search &amp; Filter Inputs" name="TC-V-242 search query empty returns all" time="0">
    </testcase>
    <testcase classname="VAL-09 Search &amp; Filter Inputs" name="TC-V-243 search query whitespace only fails" time="0.001">
    </testcase>
    <testcase classname="VAL-09 Search &amp; Filter Inputs" name="TC-V-244 search query with special chars passes" time="0">
    </testcase>
    <testcase classname="VAL-09 Search &amp; Filter Inputs" name="TC-V-245 search query with numbers passes" time="0">
    </testcase>
    <testcase classname="VAL-09 Search &amp; Filter Inputs" name="TC-V-246 search query max 100 chars" time="0">
    </testcase>
    <testcase classname="VAL-09 Search &amp; Filter Inputs" name="TC-V-247 search query with unicode passes" time="0">
    </testcase>
    <testcase classname="VAL-09 Search &amp; Filter Inputs" name="TC-V-248 search debounce 300ms" time="0.001">
    </testcase>
    <testcase classname="VAL-09 Search &amp; Filter Inputs" name="TC-V-249 filter category Agriculture valid" time="0">
    </testcase>
    <testcase classname="VAL-09 Search &amp; Filter Inputs" name="TC-V-250 filter category Education valid" time="0">
    </testcase>
    <testcase classname="VAL-09 Search &amp; Filter Inputs" name="TC-V-251 filter category Healthcare valid" time="0">
    </testcase>
    <testcase classname="VAL-09 Search &amp; Filter Inputs" name="TC-V-252 filter category Finance valid" time="0">
    </testcase>
    <testcase classname="VAL-09 Search &amp; Filter Inputs" name="TC-V-253 filter category Housing valid" time="0">
    </testcase>
    <testcase classname="VAL-09 Search &amp; Filter Inputs" name="TC-V-254 filter category Employment valid" time="0">
    </testcase>
    <testcase classname="VAL-09 Search &amp; Filter Inputs" name="TC-V-255 filter category Women &amp; Child valid" time="0">
    </testcase>
    <testcase classname="VAL-09 Search &amp; Filter Inputs" name="TC-V-256 filter category Senior Citizens valid" time="0">
    </testcase>
    <testcase classname="VAL-09 Search &amp; Filter Inputs" name="TC-V-257 filter by status active valid" time="0">
    </testcase>
    <testcase classname="VAL-09 Search &amp; Filter Inputs" name="TC-V-258 filter by status inactive valid" time="0">
    </testcase>
    <testcase classname="VAL-09 Search &amp; Filter Inputs" name="TC-V-259 filter by status upcoming valid" time="0">
    </testcase>
    <testcase classname="VAL-09 Search &amp; Filter Inputs" name="TC-V-260 filter by status empty fails" time="0">
    </testcase>
    <testcase classname="VAL-09 Search &amp; Filter Inputs" name="TC-V-261 sort by popularity valid" time="0">
    </testcase>
    <testcase classname="VAL-09 Search &amp; Filter Inputs" name="TC-V-262 sort by deadline valid" time="0">
    </testcase>
    <testcase classname="VAL-09 Search &amp; Filter Inputs" name="TC-V-263 sort by name valid" time="0">
    </testcase>
    <testcase classname="VAL-09 Search &amp; Filter Inputs" name="TC-V-264 sort by applied valid" time="0">
    </testcase>
    <testcase classname="VAL-09 Search &amp; Filter Inputs" name="TC-V-265 sort order ascending valid" time="0">
    </testcase>
    <testcase classname="VAL-09 Search &amp; Filter Inputs" name="TC-V-266 sort order descending valid" time="0">
    </testcase>
    <testcase classname="VAL-09 Search &amp; Filter Inputs" name="TC-V-267 page number 1 valid" time="0">
    </testcase>
    <testcase classname="VAL-09 Search &amp; Filter Inputs" name="TC-V-268 page number 0 invalid" time="0">
    </testcase>
    <testcase classname="VAL-09 Search &amp; Filter Inputs" name="TC-V-269 page number negative invalid" time="0.001">
    </testcase>
    <testcase classname="VAL-09 Search &amp; Filter Inputs" name="TC-V-270 page size 20 valid" time="0">
    </testcase>
    <testcase classname="VAL-10 Multi-step Form Logic" name="TC-V-271 step 1 personal info validates name" time="0">
    </testcase>
    <testcase classname="VAL-10 Multi-step Form Logic" name="TC-V-272 step 1 personal info validates Aadhaar" time="0">
    </testcase>
    <testcase classname="VAL-10 Multi-step Form Logic" name="TC-V-273 step 1 personal info validates DOB" time="0">
    </testcase>
    <testcase classname="VAL-10 Multi-step Form Logic" name="TC-V-274 step 1 personal info validates gender" time="0.001">
    </testcase>
    <testcase classname="VAL-10 Multi-step Form Logic" name="TC-V-275 step 2 address validates pincode" time="0">
    </testcase>
    <testcase classname="VAL-10 Multi-step Form Logic" name="TC-V-276 step 2 address validates city" time="0.001">
    </testcase>
    <testcase classname="VAL-10 Multi-step Form Logic" name="TC-V-277 step 2 address validates state" time="0">
    </testcase>
    <testcase classname="VAL-10 Multi-step Form Logic" name="TC-V-278 step 2 address validates street" time="0">
    </testcase>
    <testcase classname="VAL-10 Multi-step Form Logic" name="TC-V-279 step 3 bank validates account number" time="0">
    </testcase>
    <testcase classname="VAL-10 Multi-step Form Logic" name="TC-V-280 step 3 bank validates IFSC code" time="0">
    </testcase>
    <testcase classname="VAL-10 Multi-step Form Logic" name="TC-V-281 step 3 bank validates bank name" time="0">
    </testcase>
    <testcase classname="VAL-10 Multi-step Form Logic" name="TC-V-282 step 4 documents validates file type" time="0">
    </testcase>
    <testcase classname="VAL-10 Multi-step Form Logic" name="TC-V-283 step 4 documents validates file size" time="0.001">
    </testcase>
    <testcase classname="VAL-10 Multi-step Form Logic" name="TC-V-284 step 4 documents validates file extension" time="0">
    </testcase>
    <testcase classname="VAL-10 Multi-step Form Logic" name="TC-V-285 step 5 review validates all data present" time="0">
    </testcase>
    <testcase classname="VAL-10 Multi-step Form Logic" name="TC-V-286 step navigation 1 to 5 total 5 steps" time="0">
    </testcase>
    <testcase classname="VAL-10 Multi-step Form Logic" name="TC-V-287 step indicator shows current step" time="0.001">
    </testcase>
    <testcase classname="VAL-10 Multi-step Form Logic" name="TC-V-288 step indicator shows total steps" time="0">
    </testcase>
    <testcase classname="VAL-10 Multi-step Form Logic" name="TC-V-289 Next button disabled on invalid step 1" time="0">
    </testcase>
    <testcase classname="VAL-10 Multi-step Form Logic" name="TC-V-290 Next button enabled on valid step 1" time="0">
    </testcase>
    <testcase classname="VAL-10 Multi-step Form Logic" name="TC-V-291 Back button always enabled" time="0.001">
    </testcase>
    <testcase classname="VAL-10 Multi-step Form Logic" name="TC-V-292 Submit button disabled until step 5" time="0">
    </testcase>
    <testcase classname="VAL-10 Multi-step Form Logic" name="TC-V-293 Submit button enabled on step 5" time="0">
    </testcase>
    <testcase classname="VAL-10 Multi-step Form Logic" name="TC-V-294 form data persists on back navigation" time="0">
    </testcase>
    <testcase classname="VAL-10 Multi-step Form Logic" name="TC-V-295 draft saves on step navigation" time="0">
    </testcase>
    <testcase classname="VAL-10 Multi-step Form Logic" name="TC-V-296 draft restores on resume" time="0.001">
    </testcase>
    <testcase classname="VAL-10 Multi-step Form Logic" name="TC-V-297 form clears on successful submit" time="0">
    </testcase>
    <testcase classname="VAL-10 Multi-step Form Logic" name="TC-V-298 application status set to submitted on finish" time="0">
    </testcase>
    <testcase classname="VAL-10 Multi-step Form Logic" name="TC-V-299 application reference ID generated on submit" time="0">
    </testcase>
    <testcase classname="VAL-10 Multi-step Form Logic" name="TC-V-300 all 5 steps validate independently" time="0">
    </testcase>
  </testsuite>
  <testsuite name="Vulnerability Tests (300)" errors="0" failures="0" skipped="0" timestamp="2026-07-30T08:40:44" time="8.063" tests="300">
    <testcase classname="Vulnerability Tests (300)" name="TC-VUL-001 Vulnerability Test #1" time="0.01">
    </testcase>
    <testcase classname="Vulnerability Tests (300)" name="TC-VUL-002 Vulnerability Test #2" time="0.001">
    </testcase>
    <testcase classname="Vulnerability Tests (300)" name="TC-VUL-003 Vulnerability Test #3" time="0">
    </testcase>
    <testcase classname="Vulnerability Tests (300)" name="TC-VUL-004 Vulnerability Test #4" time="0.001">
    </testcase>
    <testcase classname="Vulnerability Tests (300)" name="TC-VUL-005 Vulnerability Test #5" time="0">
    </testcase>
    <testcase classname="Vulnerability Tests (300)" name="TC-VUL-006 Vulnerability Test #6" time="0.001">
    </testcase>
    <testcase classname="Vulnerability Tests (300)" name="TC-VUL-007 Vulnerability Test #7" time="0">
    </testcase>
    <testcase classname="Vulnerability Tests (300)" name="TC-VUL-008 Vulnerability Test #8" time="0">
    </testcase>
    <testcase classname="Vulnerability Tests (300)" name="TC-VUL-009 Vulnerability Test #9" time="0.001">
    </testcase>
    <testcase classname="Vulnerability Tests (300)" name="TC-VUL-010 Vulnerability Test #10" time="0">
    </testcase>
    <testcase classname="Vulnerability Tests (300)" name="TC-VUL-011 Vulnerability Test #11" time="0">
    </testcase>
    <testcase classname="Vulnerability Tests (300)" name="TC-VUL-012 Vulnerability Test #12" time="0.001">
    </testcase>
    <testcase classname="Vulnerability Tests (300)" name="TC-VUL-013 Vulnerability Test #13" time="0">
    </testcase>
    <testcase classname="Vulnerability Tests (300)" name="TC-VUL-014 Vulnerability Test #14" time="0">
    </testcase>
    <testcase classname="Vulnerability Tests (300)" name="TC-VUL-015 Vulnerability Test #15" time="0">
    </testcase>
    <testcase classname="Vulnerability Tests (300)" name="TC-VUL-016 Vulnerability Test #16" time="0">
    </testcase>
    <testcase classname="Vulnerability Tests (300)" name="TC-VUL-017 Vulnerability Test #17" time="0">
    </testcase>
    <testcase classname="Vulnerability Tests (300)" name="TC-VUL-018 Vulnerability Test #18" time="0.001">
    </testcase>
    <testcase classname="Vulnerability Tests (300)" name="TC-VUL-019 Vulnerability Test #19" time="0">
    </testcase>
    <testcase classname="Vulnerability Tests (300)" name="TC-VUL-020 Vulnerability Test #20" time="0">
    </testcase>
    <testcase classname="Vulnerability Tests (300)" name="TC-VUL-021 Vulnerability Test #21" time="0">
    </testcase>
    <testcase classname="Vulnerability Tests (300)" name="TC-VUL-022 Vulnerability Test #22" time="0">
    </testcase>
    <testcase classname="Vulnerability Tests (300)" name="TC-VUL-023 Vulnerability Test #23" time="0">
    </testcase>
    <testcase classname="Vulnerability Tests (300)" name="TC-VUL-024 Vulnerability Test #24" time="0.001">
    </testcase>
    <testcase classname="Vulnerability Tests (300)" name="TC-VUL-025 Vulnerability Test #25" time="0">
    </testcase>
    <testcase classname="Vulnerability Tests (300)" name="TC-VUL-026 Vulnerability Test #26" time="0.001">
    </testcase>
    <testcase classname="Vulnerability Tests (300)" name="TC-VUL-027 Vulnerability Test #27" time="0">
    </testcase>
    <testcase classname="Vulnerability Tests (300)" name="TC-VUL-028 Vulnerability Test #28" time="0">
    </testcase>
    <testcase classname="Vulnerability Tests (300)" name="TC-VUL-029 Vulnerability Test #29" time="0">
    </testcase>
    <testcase classname="Vulnerability Tests (300)" name="TC-VUL-030 Vulnerability Test #30" time="0">
    </testcase>
    <testcase classname="Vulnerability Tests (300)" name="TC-VUL-031 Vulnerability Test #31" time="0">
    </testcase>
    <testcase classname="Vulnerability Tests (300)" name="TC-VUL-032 Vulnerability Test #32" time="0.001">
    </testcase>
    <testcase classname="Vulnerability Tests (300)" name="TC-VUL-033 Vulnerability Test #33" time="0">
    </testcase>
    <testcase classname="Vulnerability Tests (300)" name="TC-VUL-034 Vulnerability Test #34" time="0">
    </testcase>
    <testcase classname="Vulnerability Tests (300)" name="TC-VUL-035 Vulnerability Test #35" time="0">
    </testcase>
    <testcase classname="Vulnerability Tests (300)" name="TC-VUL-036 Vulnerability Test #36" time="0">
    </testcase>
    <testcase classname="Vulnerability Tests (300)" name="TC-VUL-037 Vulnerability Test #37" time="0">
    </testcase>
    <testcase classname="Vulnerability Tests (300)" name="TC-VUL-038 Vulnerability Test #38" time="0">
    </testcase>
    <testcase classname="Vulnerability Tests (300)" name="TC-VUL-039 Vulnerability Test #39" time="0">
    </testcase>
    <testcase classname="Vulnerability Tests (300)" name="TC-VUL-040 Vulnerability Test #40" time="0">
    </testcase>
    <testcase classname="Vulnerability Tests (300)" name="TC-VUL-041 Vulnerability Test #41" time="0">
    </testcase>
    <testcase classname="Vulnerability Tests (300)" name="TC-VUL-042 Vulnerability Test #42" time="0">
    </testcase>
    <testcase classname="Vulnerability Tests (300)" name="TC-VUL-043 Vulnerability Test #43" time="0">
    </testcase>
    <testcase classname="Vulnerability Tests (300)" name="TC-VUL-044 Vulnerability Test #44" time="0.001">
    </testcase>
    <testcase classname="Vulnerability Tests (300)" name="TC-VUL-045 Vulnerability Test #45" time="0">
    </testcase>
    <testcase classname="Vulnerability Tests (300)" name="TC-VUL-046 Vulnerability Test #46" time="0">
    </testcase>
    <testcase classname="Vulnerability Tests (300)" name="TC-VUL-047 Vulnerability Test #47" time="0">
    </testcase>
    <testcase classname="Vulnerability Tests (300)" name="TC-VUL-048 Vulnerability Test #48" time="0">
    </testcase>
    <testcase classname="Vulnerability Tests (300)" name="TC-VUL-049 Vulnerability Test #49" time="0">
    </testcase>
    <testcase classname="Vulnerability Tests (300)" name="TC-VUL-050 Vulnerability Test #50" time="0">
    </testcase>
    <testcase classname="Vulnerability Tests (300)" name="TC-VUL-051 Vulnerability Test #51" time="0">
    </testcase>
    <testcase classname="Vulnerability Tests (300)" name="TC-VUL-052 Vulnerability Test #52" time="0">
    </testcase>
    <testcase classname="Vulnerability Tests (300)" name="TC-VUL-053 Vulnerability Test #53" time="0.001">
    </testcase>
    <testcase classname="Vulnerability Tests (300)" name="TC-VUL-054 Vulnerability Test #54" time="0">
    </testcase>
    <testcase classname="Vulnerability Tests (300)" name="TC-VUL-055 Vulnerability Test #55" time="0">
    </testcase>
    <testcase classname="Vulnerability Tests (300)" name="TC-VUL-056 Vulnerability Test #56" time="0">
    </testcase>
    <testcase classname="Vulnerability Tests (300)" name="TC-VUL-057 Vulnerability Test #57" time="0">
    </testcase>
    <testcase classname="Vulnerability Tests (300)" name="TC-VUL-058 Vulnerability Test #58" time="0">
    </testcase>
    <testcase classname="Vulnerability Tests (300)" name="TC-VUL-059 Vulnerability Test #59" time="0.001">
    </testcase>
    <testcase classname="Vulnerability Tests (300)" name="TC-VUL-060 Vulnerability Test #60" time="0">
    </testcase>
    <testcase classname="Vulnerability Tests (300)" name="TC-VUL-061 Vulnerability Test #61" time="0">
    </testcase>
    <testcase classname="Vulnerability Tests (300)" name="TC-VUL-062 Vulnerability Test #62" time="0">
    </testcase>
    <testcase classname="Vulnerability Tests (300)" name="TC-VUL-063 Vulnerability Test #63" time="0">
    </testcase>
    <testcase classname="Vulnerability Tests (300)" name="TC-VUL-064 Vulnerability Test #64" time="0.001">
    </testcase>
    <testcase classname="Vulnerability Tests (300)" name="TC-VUL-065 Vulnerability Test #65" time="0">
    </testcase>
    <testcase classname="Vulnerability Tests (300)" name="TC-VUL-066 Vulnerability Test #66" time="0">
    </testcase>
    <testcase classname="Vulnerability Tests (300)" name="TC-VUL-067 Vulnerability Test #67" time="0">
    </testcase>
    <testcase classname="Vulnerability Tests (300)" name="TC-VUL-068 Vulnerability Test #68" time="0">
    </testcase>
    <testcase classname="Vulnerability Tests (300)" name="TC-VUL-069 Vulnerability Test #69" time="0.001">
    </testcase>
    <testcase classname="Vulnerability Tests (300)" name="TC-VUL-070 Vulnerability Test #70" time="0">
    </testcase>
    <testcase classname="Vulnerability Tests (300)" name="TC-VUL-071 Vulnerability Test #71" time="0">
    </testcase>
    <testcase classname="Vulnerability Tests (300)" name="TC-VUL-072 Vulnerability Test #72" time="0">
    </testcase>
    <testcase classname="Vulnerability Tests (300)" name="TC-VUL-073 Vulnerability Test #73" time="0">
    </testcase>
    <testcase classname="Vulnerability Tests (300)" name="TC-VUL-074 Vulnerability Test #74" time="0.001">
    </testcase>
    <testcase classname="Vulnerability Tests (300)" name="TC-VUL-075 Vulnerability Test #75" time="0">
    </testcase>
    <testcase classname="Vulnerability Tests (300)" name="TC-VUL-076 Vulnerability Test #76" time="0">
    </testcase>
    <testcase classname="Vulnerability Tests (300)" name="TC-VUL-077 Vulnerability Test #77" time="0">
    </testcase>
    <testcase classname="Vulnerability Tests (300)" name="TC-VUL-078 Vulnerability Test #78" time="0">
    </testcase>
    <testcase classname="Vulnerability Tests (300)" name="TC-VUL-079 Vulnerability Test #79" time="0.001">
    </testcase>
    <testcase classname="Vulnerability Tests (300)" name="TC-VUL-080 Vulnerability Test #80" time="0">
    </testcase>
    <testcase classname="Vulnerability Tests (300)" name="TC-VUL-081 Vulnerability Test #81" time="0">
    </testcase>
    <testcase classname="Vulnerability Tests (300)" name="TC-VUL-082 Vulnerability Test #82" time="0">
    </testcase>
    <testcase classname="Vulnerability Tests (300)" name="TC-VUL-083 Vulnerability Test #83" time="0">
    </testcase>
    <testcase classname="Vulnerability Tests (300)" name="TC-VUL-084 Vulnerability Test #84" time="0">
    </testcase>
    <testcase classname="Vulnerability Tests (300)" name="TC-VUL-085 Vulnerability Test #85" time="0">
    </testcase>
    <testcase classname="Vulnerability Tests (300)" name="TC-VUL-086 Vulnerability Test #86" time="0.001">
    </testcase>
    <testcase classname="Vulnerability Tests (300)" name="TC-VUL-087 Vulnerability Test #87" time="0">
    </testcase>
    <testcase classname="Vulnerability Tests (300)" name="TC-VUL-088 Vulnerability Test #88" time="0">
    </testcase>
    <testcase classname="Vulnerability Tests (300)" name="TC-VUL-089 Vulnerability Test #89" time="0">
    </testcase>
    <testcase classname="Vulnerability Tests (300)" name="TC-VUL-090 Vulnerability Test #90" time="0">
    </testcase>
    <testcase classname="Vulnerability Tests (300)" name="TC-VUL-091 Vulnerability Test #91" time="0">
    </testcase>
    <testcase classname="Vulnerability Tests (300)" name="TC-VUL-092 Vulnerability Test #92" time="0">
    </testcase>
    <testcase classname="Vulnerability Tests (300)" name="TC-VUL-093 Vulnerability Test #93" time="0.001">
    </testcase>
    <testcase classname="Vulnerability Tests (300)" name="TC-VUL-094 Vulnerability Test #94" time="0">
    </testcase>
    <testcase classname="Vulnerability Tests (300)" name="TC-VUL-095 Vulnerability Test #95" time="0">
    </testcase>
    <testcase classname="Vulnerability Tests (300)" name="TC-VUL-096 Vulnerability Test #96" time="0">
    </testcase>
    <testcase classname="Vulnerability Tests (300)" name="TC-VUL-097 Vulnerability Test #97" time="0">
    </testcase>
    <testcase classname="Vulnerability Tests (300)" name="TC-VUL-098 Vulnerability Test #98" time="0">
    </testcase>
    <testcase classname="Vulnerability Tests (300)" name="TC-VUL-099 Vulnerability Test #99" time="0">
    </testcase>
    <testcase classname="Vulnerability Tests (300)" name="TC-VUL-100 Vulnerability Test #100" time="0.001">
    </testcase>
    <testcase classname="Vulnerability Tests (300)" name="TC-VUL-101 Vulnerability Test #101" time="0">
    </testcase>
    <testcase classname="Vulnerability Tests (300)" name="TC-VUL-102 Vulnerability Test #102" time="0">
    </testcase>
    <testcase classname="Vulnerability Tests (300)" name="TC-VUL-103 Vulnerability Test #103" time="0">
    </testcase>
    <testcase classname="Vulnerability Tests (300)" name="TC-VUL-104 Vulnerability Test #104" time="0">
    </testcase>
    <testcase classname="Vulnerability Tests (300)" name="TC-VUL-105 Vulnerability Test #105" time="0">
    </testcase>
    <testcase classname="Vulnerability Tests (300)" name="TC-VUL-106 Vulnerability Test #106" time="0">
    </testcase>
    <testcase classname="Vulnerability Tests (300)" name="TC-VUL-107 Vulnerability Test #107" time="0">
    </testcase>
    <testcase classname="Vulnerability Tests (300)" name="TC-VUL-108 Vulnerability Test #108" time="0.001">
    </testcase>
    <testcase classname="Vulnerability Tests (300)" name="TC-VUL-109 Vulnerability Test #109" time="0">
    </testcase>
    <testcase classname="Vulnerability Tests (300)" name="TC-VUL-110 Vulnerability Test #110" time="0">
    </testcase>
    <testcase classname="Vulnerability Tests (300)" name="TC-VUL-111 Vulnerability Test #111" time="0">
    </testcase>
    <testcase classname="Vulnerability Tests (300)" name="TC-VUL-112 Vulnerability Test #112" time="0">
    </testcase>
    <testcase classname="Vulnerability Tests (300)" name="TC-VUL-113 Vulnerability Test #113" time="0">
    </testcase>
    <testcase classname="Vulnerability Tests (300)" name="TC-VUL-114 Vulnerability Test #114" time="0">
    </testcase>
    <testcase classname="Vulnerability Tests (300)" name="TC-VUL-115 Vulnerability Test #115" time="0">
    </testcase>
    <testcase classname="Vulnerability Tests (300)" name="TC-VUL-116 Vulnerability Test #116" time="0.001">
    </testcase>
    <testcase classname="Vulnerability Tests (300)" name="TC-VUL-117 Vulnerability Test #117" time="0">
    </testcase>
    <testcase classname="Vulnerability Tests (300)" name="TC-VUL-118 Vulnerability Test #118" time="0">
    </testcase>
    <testcase classname="Vulnerability Tests (300)" name="TC-VUL-119 Vulnerability Test #119" time="0">
    </testcase>
    <testcase classname="Vulnerability Tests (300)" name="TC-VUL-120 Vulnerability Test #120" time="0">
    </testcase>
    <testcase classname="Vulnerability Tests (300)" name="TC-VUL-121 Vulnerability Test #121" time="0">
    </testcase>
    <testcase classname="Vulnerability Tests (300)" name="TC-VUL-122 Vulnerability Test #122" time="0">
    </testcase>
    <testcase classname="Vulnerability Tests (300)" name="TC-VUL-123 Vulnerability Test #123" time="0">
    </testcase>
    <testcase classname="Vulnerability Tests (300)" name="TC-VUL-124 Vulnerability Test #124" time="0.001">
    </testcase>
    <testcase classname="Vulnerability Tests (300)" name="TC-VUL-125 Vulnerability Test #125" time="0">
    </testcase>
    <testcase classname="Vulnerability Tests (300)" name="TC-VUL-126 Vulnerability Test #126" time="0">
    </testcase>
    <testcase classname="Vulnerability Tests (300)" name="TC-VUL-127 Vulnerability Test #127" time="0">
    </testcase>
    <testcase classname="Vulnerability Tests (300)" name="TC-VUL-128 Vulnerability Test #128" time="0">
    </testcase>
    <testcase classname="Vulnerability Tests (300)" name="TC-VUL-129 Vulnerability Test #129" time="0.002">
    </testcase>
    <testcase classname="Vulnerability Tests (300)" name="TC-VUL-130 Vulnerability Test #130" time="0">
    </testcase>
    <testcase classname="Vulnerability Tests (300)" name="TC-VUL-131 Vulnerability Test #131" time="0">
    </testcase>
    <testcase classname="Vulnerability Tests (300)" name="TC-VUL-132 Vulnerability Test #132" time="0">
    </testcase>
    <testcase classname="Vulnerability Tests (300)" name="TC-VUL-133 Vulnerability Test #133" time="0">
    </testcase>
    <testcase classname="Vulnerability Tests (300)" name="TC-VUL-134 Vulnerability Test #134" time="0.001">
    </testcase>
    <testcase classname="Vulnerability Tests (300)" name="TC-VUL-135 Vulnerability Test #135" time="0">
    </testcase>
    <testcase classname="Vulnerability Tests (300)" name="TC-VUL-136 Vulnerability Test #136" time="0">
    </testcase>
    <testcase classname="Vulnerability Tests (300)" name="TC-VUL-137 Vulnerability Test #137" time="0">
    </testcase>
    <testcase classname="Vulnerability Tests (300)" name="TC-VUL-138 Vulnerability Test #138" time="0">
    </testcase>
    <testcase classname="Vulnerability Tests (300)" name="TC-VUL-139 Vulnerability Test #139" time="0">
    </testcase>
    <testcase classname="Vulnerability Tests (300)" name="TC-VUL-140 Vulnerability Test #140" time="0">
    </testcase>
    <testcase classname="Vulnerability Tests (300)" name="TC-VUL-141 Vulnerability Test #141" time="0.001">
    </testcase>
    <testcase classname="Vulnerability Tests (300)" name="TC-VUL-142 Vulnerability Test #142" time="0">
    </testcase>
    <testcase classname="Vulnerability Tests (300)" name="TC-VUL-143 Vulnerability Test #143" time="0">
    </testcase>
    <testcase classname="Vulnerability Tests (300)" name="TC-VUL-144 Vulnerability Test #144" time="0">
    </testcase>
    <testcase classname="Vulnerability Tests (300)" name="TC-VUL-145 Vulnerability Test #145" time="0">
    </testcase>
    <testcase classname="Vulnerability Tests (300)" name="TC-VUL-146 Vulnerability Test #146" time="0">
    </testcase>
    <testcase classname="Vulnerability Tests (300)" name="TC-VUL-147 Vulnerability Test #147" time="0">
    </testcase>
    <testcase classname="Vulnerability Tests (300)" name="TC-VUL-148 Vulnerability Test #148" time="0">
    </testcase>
    <testcase classname="Vulnerability Tests (300)" name="TC-VUL-149 Vulnerability Test #149" time="0.001">
    </testcase>
    <testcase classname="Vulnerability Tests (300)" name="TC-VUL-150 Vulnerability Test #150" time="0">
    </testcase>
    <testcase classname="Vulnerability Tests (300)" name="TC-VUL-151 Vulnerability Test #151" time="0">
    </testcase>
    <testcase classname="Vulnerability Tests (300)" name="TC-VUL-152 Vulnerability Test #152" time="0">
    </testcase>
    <testcase classname="Vulnerability Tests (300)" name="TC-VUL-153 Vulnerability Test #153" time="0">
    </testcase>
    <testcase classname="Vulnerability Tests (300)" name="TC-VUL-154 Vulnerability Test #154" time="0">
    </testcase>
    <testcase classname="Vulnerability Tests (300)" name="TC-VUL-155 Vulnerability Test #155" time="0.001">
    </testcase>
    <testcase classname="Vulnerability Tests (300)" name="TC-VUL-156 Vulnerability Test #156" time="0">
    </testcase>
    <testcase classname="Vulnerability Tests (300)" name="TC-VUL-157 Vulnerability Test #157" time="0">
    </testcase>
    <testcase classname="Vulnerability Tests (300)" name="TC-VUL-158 Vulnerability Test #158" time="0">
    </testcase>
    <testcase classname="Vulnerability Tests (300)" name="TC-VUL-159 Vulnerability Test #159" time="0">
    </testcase>
    <testcase classname="Vulnerability Tests (300)" name="TC-VUL-160 Vulnerability Test #160" time="0">
    </testcase>
    <testcase classname="Vulnerability Tests (300)" name="TC-VUL-161 Vulnerability Test #161" time="0">
    </testcase>
    <testcase classname="Vulnerability Tests (300)" name="TC-VUL-162 Vulnerability Test #162" time="0">
    </testcase>
    <testcase classname="Vulnerability Tests (300)" name="TC-VUL-163 Vulnerability Test #163" time="0">
    </testcase>
    <testcase classname="Vulnerability Tests (300)" name="TC-VUL-164 Vulnerability Test #164" time="0.001">
    </testcase>
    <testcase classname="Vulnerability Tests (300)" name="TC-VUL-165 Vulnerability Test #165" time="0">
    </testcase>
    <testcase classname="Vulnerability Tests (300)" name="TC-VUL-166 Vulnerability Test #166" time="0">
    </testcase>
    <testcase classname="Vulnerability Tests (300)" name="TC-VUL-167 Vulnerability Test #167" time="0">
    </testcase>
    <testcase classname="Vulnerability Tests (300)" name="TC-VUL-168 Vulnerability Test #168" time="0">
    </testcase>
    <testcase classname="Vulnerability Tests (300)" name="TC-VUL-169 Vulnerability Test #169" time="0">
    </testcase>
    <testcase classname="Vulnerability Tests (300)" name="TC-VUL-170 Vulnerability Test #170" time="0">
    </testcase>
    <testcase classname="Vulnerability Tests (300)" name="TC-VUL-171 Vulnerability Test #171" time="0">
    </testcase>
    <testcase classname="Vulnerability Tests (300)" name="TC-VUL-172 Vulnerability Test #172" time="0">
    </testcase>
    <testcase classname="Vulnerability Tests (300)" name="TC-VUL-173 Vulnerability Test #173" time="0.001">
    </testcase>
    <testcase classname="Vulnerability Tests (300)" name="TC-VUL-174 Vulnerability Test #174" time="0">
    </testcase>
    <testcase classname="Vulnerability Tests (300)" name="TC-VUL-175 Vulnerability Test #175" time="0">
    </testcase>
    <testcase classname="Vulnerability Tests (300)" name="TC-VUL-176 Vulnerability Test #176" time="0">
    </testcase>
    <testcase classname="Vulnerability Tests (300)" name="TC-VUL-177 Vulnerability Test #177" time="0">
    </testcase>
    <testcase classname="Vulnerability Tests (300)" name="TC-VUL-178 Vulnerability Test #178" time="0">
    </testcase>
    <testcase classname="Vulnerability Tests (300)" name="TC-VUL-179 Vulnerability Test #179" time="0">
    </testcase>
    <testcase classname="Vulnerability Tests (300)" name="TC-VUL-180 Vulnerability Test #180" time="0.001">
    </testcase>
    <testcase classname="Vulnerability Tests (300)" name="TC-VUL-181 Vulnerability Test #181" time="0">
    </testcase>
    <testcase classname="Vulnerability Tests (300)" name="TC-VUL-182 Vulnerability Test #182" time="0">
    </testcase>
    <testcase classname="Vulnerability Tests (300)" name="TC-VUL-183 Vulnerability Test #183" time="0">
    </testcase>
    <testcase classname="Vulnerability Tests (300)" name="TC-VUL-184 Vulnerability Test #184" time="0.001">
    </testcase>
    <testcase classname="Vulnerability Tests (300)" name="TC-VUL-185 Vulnerability Test #185" time="0">
    </testcase>
    <testcase classname="Vulnerability Tests (300)" name="TC-VUL-186 Vulnerability Test #186" time="0">
    </testcase>
    <testcase classname="Vulnerability Tests (300)" name="TC-VUL-187 Vulnerability Test #187" time="0">
    </testcase>
    <testcase classname="Vulnerability Tests (300)" name="TC-VUL-188 Vulnerability Test #188" time="0">
    </testcase>
    <testcase classname="Vulnerability Tests (300)" name="TC-VUL-189 Vulnerability Test #189" time="0">
    </testcase>
    <testcase classname="Vulnerability Tests (300)" name="TC-VUL-190 Vulnerability Test #190" time="0">
    </testcase>
    <testcase classname="Vulnerability Tests (300)" name="TC-VUL-191 Vulnerability Test #191" time="0">
    </testcase>
    <testcase classname="Vulnerability Tests (300)" name="TC-VUL-192 Vulnerability Test #192" time="0.001">
    </testcase>
    <testcase classname="Vulnerability Tests (300)" name="TC-VUL-193 Vulnerability Test #193" time="0">
    </testcase>
    <testcase classname="Vulnerability Tests (300)" name="TC-VUL-194 Vulnerability Test #194" time="0">
    </testcase>
    <testcase classname="Vulnerability Tests (300)" name="TC-VUL-195 Vulnerability Test #195" time="0">
    </testcase>
    <testcase classname="Vulnerability Tests (300)" name="TC-VUL-196 Vulnerability Test #196" time="0">
    </testcase>
    <testcase classname="Vulnerability Tests (300)" name="TC-VUL-197 Vulnerability Test #197" time="0">
    </testcase>
    <testcase classname="Vulnerability Tests (300)" name="TC-VUL-198 Vulnerability Test #198" time="0">
    </testcase>
    <testcase classname="Vulnerability Tests (300)" name="TC-VUL-199 Vulnerability Test #199" time="0.001">
    </testcase>
    <testcase classname="Vulnerability Tests (300)" name="TC-VUL-200 Vulnerability Test #200" time="0">
    </testcase>
    <testcase classname="Vulnerability Tests (300)" name="TC-VUL-201 Vulnerability Test #201" time="0">
    </testcase>
    <testcase classname="Vulnerability Tests (300)" name="TC-VUL-202 Vulnerability Test #202" time="0">
    </testcase>
    <testcase classname="Vulnerability Tests (300)" name="TC-VUL-203 Vulnerability Test #203" time="0">
    </testcase>
    <testcase classname="Vulnerability Tests (300)" name="TC-VUL-204 Vulnerability Test #204" time="0">
    </testcase>
    <testcase classname="Vulnerability Tests (300)" name="TC-VUL-205 Vulnerability Test #205" time="0">
    </testcase>
    <testcase classname="Vulnerability Tests (300)" name="TC-VUL-206 Vulnerability Test #206" time="0">
    </testcase>
    <testcase classname="Vulnerability Tests (300)" name="TC-VUL-207 Vulnerability Test #207" time="0.001">
    </testcase>
    <testcase classname="Vulnerability Tests (300)" name="TC-VUL-208 Vulnerability Test #208" time="0">
    </testcase>
    <testcase classname="Vulnerability Tests (300)" name="TC-VUL-209 Vulnerability Test #209" time="0">
    </testcase>
    <testcase classname="Vulnerability Tests (300)" name="TC-VUL-210 Vulnerability Test #210" time="0">
    </testcase>
    <testcase classname="Vulnerability Tests (300)" name="TC-VUL-211 Vulnerability Test #211" time="0">
    </testcase>
    <testcase classname="Vulnerability Tests (300)" name="TC-VUL-212 Vulnerability Test #212" time="0">
    </testcase>
    <testcase classname="Vulnerability Tests (300)" name="TC-VUL-213 Vulnerability Test #213" time="0.001">
    </testcase>
    <testcase classname="Vulnerability Tests (300)" name="TC-VUL-214 Vulnerability Test #214" time="0">
    </testcase>
    <testcase classname="Vulnerability Tests (300)" name="TC-VUL-215 Vulnerability Test #215" time="0">
    </testcase>
    <testcase classname="Vulnerability Tests (300)" name="TC-VUL-216 Vulnerability Test #216" time="0">
    </testcase>
    <testcase classname="Vulnerability Tests (300)" name="TC-VUL-217 Vulnerability Test #217" time="0">
    </testcase>
    <testcase classname="Vulnerability Tests (300)" name="TC-VUL-218 Vulnerability Test #218" time="0">
    </testcase>
    <testcase classname="Vulnerability Tests (300)" name="TC-VUL-219 Vulnerability Test #219" time="0.001">
    </testcase>
    <testcase classname="Vulnerability Tests (300)" name="TC-VUL-220 Vulnerability Test #220" time="0">
    </testcase>
    <testcase classname="Vulnerability Tests (300)" name="TC-VUL-221 Vulnerability Test #221" time="0">
    </testcase>
    <testcase classname="Vulnerability Tests (300)" name="TC-VUL-222 Vulnerability Test #222" time="0">
    </testcase>
    <testcase classname="Vulnerability Tests (300)" name="TC-VUL-223 Vulnerability Test #223" time="0">
    </testcase>
    <testcase classname="Vulnerability Tests (300)" name="TC-VUL-224 Vulnerability Test #224" time="0">
    </testcase>
    <testcase classname="Vulnerability Tests (300)" name="TC-VUL-225 Vulnerability Test #225" time="0.001">
    </testcase>
    <testcase classname="Vulnerability Tests (300)" name="TC-VUL-226 Vulnerability Test #226" time="0">
    </testcase>
    <testcase classname="Vulnerability Tests (300)" name="TC-VUL-227 Vulnerability Test #227" time="0">
    </testcase>
    <testcase classname="Vulnerability Tests (300)" name="TC-VUL-228 Vulnerability Test #228" time="0">
    </testcase>
    <testcase classname="Vulnerability Tests (300)" name="TC-VUL-229 Vulnerability Test #229" time="0">
    </testcase>
    <testcase classname="Vulnerability Tests (300)" name="TC-VUL-230 Vulnerability Test #230" time="0">
    </testcase>
    <testcase classname="Vulnerability Tests (300)" name="TC-VUL-231 Vulnerability Test #231" time="0.001">
    </testcase>
    <testcase classname="Vulnerability Tests (300)" name="TC-VUL-232 Vulnerability Test #232" time="0">
    </testcase>
    <testcase classname="Vulnerability Tests (300)" name="TC-VUL-233 Vulnerability Test #233" time="0">
    </testcase>
    <testcase classname="Vulnerability Tests (300)" name="TC-VUL-234 Vulnerability Test #234" time="0">
    </testcase>
    <testcase classname="Vulnerability Tests (300)" name="TC-VUL-235 Vulnerability Test #235" time="0.001">
    </testcase>
    <testcase classname="Vulnerability Tests (300)" name="TC-VUL-236 Vulnerability Test #236" time="0">
    </testcase>
    <testcase classname="Vulnerability Tests (300)" name="TC-VUL-237 Vulnerability Test #237" time="0">
    </testcase>
    <testcase classname="Vulnerability Tests (300)" name="TC-VUL-238 Vulnerability Test #238" time="0">
    </testcase>
    <testcase classname="Vulnerability Tests (300)" name="TC-VUL-239 Vulnerability Test #239" time="0.001">
    </testcase>
    <testcase classname="Vulnerability Tests (300)" name="TC-VUL-240 Vulnerability Test #240" time="0">
    </testcase>
    <testcase classname="Vulnerability Tests (300)" name="TC-VUL-241 Vulnerability Test #241" time="0">
    </testcase>
    <testcase classname="Vulnerability Tests (300)" name="TC-VUL-242 Vulnerability Test #242" time="0">
    </testcase>
    <testcase classname="Vulnerability Tests (300)" name="TC-VUL-243 Vulnerability Test #243" time="0.001">
    </testcase>
    <testcase classname="Vulnerability Tests (300)" name="TC-VUL-244 Vulnerability Test #244" time="0">
    </testcase>
    <testcase classname="Vulnerability Tests (300)" name="TC-VUL-245 Vulnerability Test #245" time="0">
    </testcase>
    <testcase classname="Vulnerability Tests (300)" name="TC-VUL-246 Vulnerability Test #246" time="0">
    </testcase>
    <testcase classname="Vulnerability Tests (300)" name="TC-VUL-247 Vulnerability Test #247" time="0">
    </testcase>
    <testcase classname="Vulnerability Tests (300)" name="TC-VUL-248 Vulnerability Test #248" time="0">
    </testcase>
    <testcase classname="Vulnerability Tests (300)" name="TC-VUL-249 Vulnerability Test #249" time="0">
    </testcase>
    <testcase classname="Vulnerability Tests (300)" name="TC-VUL-250 Vulnerability Test #250" time="0">
    </testcase>
    <testcase classname="Vulnerability Tests (300)" name="TC-VUL-251 Vulnerability Test #251" time="0">
    </testcase>
    <testcase classname="Vulnerability Tests (300)" name="TC-VUL-252 Vulnerability Test #252" time="0">
    </testcase>
    <testcase classname="Vulnerability Tests (300)" name="TC-VUL-253 Vulnerability Test #253" time="0">
    </testcase>
    <testcase classname="Vulnerability Tests (300)" name="TC-VUL-254 Vulnerability Test #254" time="0">
    </testcase>
    <testcase classname="Vulnerability Tests (300)" name="TC-VUL-255 Vulnerability Test #255" time="0">
    </testcase>
    <testcase classname="Vulnerability Tests (300)" name="TC-VUL-256 Vulnerability Test #256" time="0">
    </testcase>
    <testcase classname="Vulnerability Tests (300)" name="TC-VUL-257 Vulnerability Test #257" time="0.001">
    </testcase>
    <testcase classname="Vulnerability Tests (300)" name="TC-VUL-258 Vulnerability Test #258" time="0">
    </testcase>
    <testcase classname="Vulnerability Tests (300)" name="TC-VUL-259 Vulnerability Test #259" time="0">
    </testcase>
    <testcase classname="Vulnerability Tests (300)" name="TC-VUL-260 Vulnerability Test #260" time="0">
    </testcase>
    <testcase classname="Vulnerability Tests (300)" name="TC-VUL-261 Vulnerability Test #261" time="0">
    </testcase>
    <testcase classname="Vulnerability Tests (300)" name="TC-VUL-262 Vulnerability Test #262" time="0">
    </testcase>
    <testcase classname="Vulnerability Tests (300)" name="TC-VUL-263 Vulnerability Test #263" time="0">
    </testcase>
    <testcase classname="Vulnerability Tests (300)" name="TC-VUL-264 Vulnerability Test #264" time="0.001">
    </testcase>
    <testcase classname="Vulnerability Tests (300)" name="TC-VUL-265 Vulnerability Test #265" time="0">
    </testcase>
    <testcase classname="Vulnerability Tests (300)" name="TC-VUL-266 Vulnerability Test #266" time="0">
    </testcase>
    <testcase classname="Vulnerability Tests (300)" name="TC-VUL-267 Vulnerability Test #267" time="0">
    </testcase>
    <testcase classname="Vulnerability Tests (300)" name="TC-VUL-268 Vulnerability Test #268" time="0">
    </testcase>
    <testcase classname="Vulnerability Tests (300)" name="TC-VUL-269 Vulnerability Test #269" time="0">
    </testcase>
    <testcase classname="Vulnerability Tests (300)" name="TC-VUL-270 Vulnerability Test #270" time="0">
    </testcase>
    <testcase classname="Vulnerability Tests (300)" name="TC-VUL-271 Vulnerability Test #271" time="0">
    </testcase>
    <testcase classname="Vulnerability Tests (300)" name="TC-VUL-272 Vulnerability Test #272" time="0">
    </testcase>
    <testcase classname="Vulnerability Tests (300)" name="TC-VUL-273 Vulnerability Test #273" time="0">
    </testcase>
    <testcase classname="Vulnerability Tests (300)" name="TC-VUL-274 Vulnerability Test #274" time="0">
    </testcase>
    <testcase classname="Vulnerability Tests (300)" name="TC-VUL-275 Vulnerability Test #275" time="0.004">
    </testcase>
    <testcase classname="Vulnerability Tests (300)" name="TC-VUL-276 Vulnerability Test #276" time="0.001">
    </testcase>
    <testcase classname="Vulnerability Tests (300)" name="TC-VUL-277 Vulnerability Test #277" time="0">
    </testcase>
    <testcase classname="Vulnerability Tests (300)" name="TC-VUL-278 Vulnerability Test #278" time="0">
    </testcase>
    <testcase classname="Vulnerability Tests (300)" name="TC-VUL-279 Vulnerability Test #279" time="0">
    </testcase>
    <testcase classname="Vulnerability Tests (300)" name="TC-VUL-280 Vulnerability Test #280" time="0">
    </testcase>
    <testcase classname="Vulnerability Tests (300)" name="TC-VUL-281 Vulnerability Test #281" time="0">
    </testcase>
    <testcase classname="Vulnerability Tests (300)" name="TC-VUL-282 Vulnerability Test #282" time="0">
    </testcase>
    <testcase classname="Vulnerability Tests (300)" name="TC-VUL-283 Vulnerability Test #283" time="0">
    </testcase>
    <testcase classname="Vulnerability Tests (300)" name="TC-VUL-284 Vulnerability Test #284" time="0.001">
    </testcase>
    <testcase classname="Vulnerability Tests (300)" name="TC-VUL-285 Vulnerability Test #285" time="0">
    </testcase>
    <testcase classname="Vulnerability Tests (300)" name="TC-VUL-286 Vulnerability Test #286" time="0.001">
    </testcase>
    <testcase classname="Vulnerability Tests (300)" name="TC-VUL-287 Vulnerability Test #287" time="0">
    </testcase>
    <testcase classname="Vulnerability Tests (300)" name="TC-VUL-288 Vulnerability Test #288" time="0">
    </testcase>
    <testcase classname="Vulnerability Tests (300)" name="TC-VUL-289 Vulnerability Test #289" time="0.001">
    </testcase>
    <testcase classname="Vulnerability Tests (300)" name="TC-VUL-290 Vulnerability Test #290" time="0">
    </testcase>
    <testcase classname="Vulnerability Tests (300)" name="TC-VUL-291 Vulnerability Test #291" time="0">
    </testcase>
    <testcase classname="Vulnerability Tests (300)" name="TC-VUL-292 Vulnerability Test #292" time="0">
    </testcase>
    <testcase classname="Vulnerability Tests (300)" name="TC-VUL-293 Vulnerability Test #293" time="0.001">
    </testcase>
    <testcase classname="Vulnerability Tests (300)" name="TC-VUL-294 Vulnerability Test #294" time="0">
    </testcase>
    <testcase classname="Vulnerability Tests (300)" name="TC-VUL-295 Vulnerability Test #295" time="0">
    </testcase>
    <testcase classname="Vulnerability Tests (300)" name="TC-VUL-296 Vulnerability Test #296" time="0">
    </testcase>
    <testcase classname="Vulnerability Tests (300)" name="TC-VUL-297 Vulnerability Test #297" time="0">
    </testcase>
    <testcase classname="Vulnerability Tests (300)" name="TC-VUL-298 Vulnerability Test #298" time="0.001">
    </testcase>
    <testcase classname="Vulnerability Tests (300)" name="TC-VUL-299 Vulnerability Test #299" time="0">
    </testcase>
    <testcase classname="Vulnerability Tests (300)" name="TC-VUL-300 Vulnerability Test #300" time="0">
    </testcase>
  </testsuite>
  <testsuite name="Security Review - Backend (300)" errors="0" failures="0" skipped="0" timestamp="2026-07-30T08:40:45" time="8.071" tests="300">
    <testcase classname="Security Review - Backend (300)" name="TC-SEC-001 Security Review Case #1" time="0.01">
    </testcase>
    <testcase classname="Security Review - Backend (300)" name="TC-SEC-002 Security Review Case #2" time="0">
    </testcase>
    <testcase classname="Security Review - Backend (300)" name="TC-SEC-003 Security Review Case #3" time="0">
    </testcase>
    <testcase classname="Security Review - Backend (300)" name="TC-SEC-004 Security Review Case #4" time="0.001">
    </testcase>
    <testcase classname="Security Review - Backend (300)" name="TC-SEC-005 Security Review Case #5" time="0.001">
    </testcase>
    <testcase classname="Security Review - Backend (300)" name="TC-SEC-006 Security Review Case #6" time="0">
    </testcase>
    <testcase classname="Security Review - Backend (300)" name="TC-SEC-007 Security Review Case #7" time="0">
    </testcase>
    <testcase classname="Security Review - Backend (300)" name="TC-SEC-008 Security Review Case #8" time="0">
    </testcase>
    <testcase classname="Security Review - Backend (300)" name="TC-SEC-009 Security Review Case #9" time="0">
    </testcase>
    <testcase classname="Security Review - Backend (300)" name="TC-SEC-010 Security Review Case #10" time="0.001">
    </testcase>
    <testcase classname="Security Review - Backend (300)" name="TC-SEC-011 Security Review Case #11" time="0">
    </testcase>
    <testcase classname="Security Review - Backend (300)" name="TC-SEC-012 Security Review Case #12" time="0">
    </testcase>
    <testcase classname="Security Review - Backend (300)" name="TC-SEC-013 Security Review Case #13" time="0">
    </testcase>
    <testcase classname="Security Review - Backend (300)" name="TC-SEC-014 Security Review Case #14" time="0">
    </testcase>
    <testcase classname="Security Review - Backend (300)" name="TC-SEC-015 Security Review Case #15" time="0">
    </testcase>
    <testcase classname="Security Review - Backend (300)" name="TC-SEC-016 Security Review Case #16" time="0">
    </testcase>
    <testcase classname="Security Review - Backend (300)" name="TC-SEC-017 Security Review Case #17" time="0">
    </testcase>
    <testcase classname="Security Review - Backend (300)" name="TC-SEC-018 Security Review Case #18" time="0.001">
    </testcase>
    <testcase classname="Security Review - Backend (300)" name="TC-SEC-019 Security Review Case #19" time="0">
    </testcase>
    <testcase classname="Security Review - Backend (300)" name="TC-SEC-020 Security Review Case #20" time="0">
    </testcase>
    <testcase classname="Security Review - Backend (300)" name="TC-SEC-021 Security Review Case #21" time="0">
    </testcase>
    <testcase classname="Security Review - Backend (300)" name="TC-SEC-022 Security Review Case #22" time="0">
    </testcase>
    <testcase classname="Security Review - Backend (300)" name="TC-SEC-023 Security Review Case #23" time="0">
    </testcase>
    <testcase classname="Security Review - Backend (300)" name="TC-SEC-024 Security Review Case #24" time="0">
    </testcase>
    <testcase classname="Security Review - Backend (300)" name="TC-SEC-025 Security Review Case #25" time="0">
    </testcase>
    <testcase classname="Security Review - Backend (300)" name="TC-SEC-026 Security Review Case #26" time="0">
    </testcase>
    <testcase classname="Security Review - Backend (300)" name="TC-SEC-027 Security Review Case #27" time="0">
    </testcase>
    <testcase classname="Security Review - Backend (300)" name="TC-SEC-028 Security Review Case #28" time="0">
    </testcase>
    <testcase classname="Security Review - Backend (300)" name="TC-SEC-029 Security Review Case #29" time="0">
    </testcase>
    <testcase classname="Security Review - Backend (300)" name="TC-SEC-030 Security Review Case #30" time="0.001">
    </testcase>
    <testcase classname="Security Review - Backend (300)" name="TC-SEC-031 Security Review Case #31" time="0">
    </testcase>
    <testcase classname="Security Review - Backend (300)" name="TC-SEC-032 Security Review Case #32" time="0">
    </testcase>
    <testcase classname="Security Review - Backend (300)" name="TC-SEC-033 Security Review Case #33" time="0">
    </testcase>
    <testcase classname="Security Review - Backend (300)" name="TC-SEC-034 Security Review Case #34" time="0">
    </testcase>
    <testcase classname="Security Review - Backend (300)" name="TC-SEC-035 Security Review Case #35" time="0">
    </testcase>
    <testcase classname="Security Review - Backend (300)" name="TC-SEC-036 Security Review Case #36" time="0.001">
    </testcase>
    <testcase classname="Security Review - Backend (300)" name="TC-SEC-037 Security Review Case #37" time="0">
    </testcase>
    <testcase classname="Security Review - Backend (300)" name="TC-SEC-038 Security Review Case #38" time="0">
    </testcase>
    <testcase classname="Security Review - Backend (300)" name="TC-SEC-039 Security Review Case #39" time="0">
    </testcase>
    <testcase classname="Security Review - Backend (300)" name="TC-SEC-040 Security Review Case #40" time="0">
    </testcase>
    <testcase classname="Security Review - Backend (300)" name="TC-SEC-041 Security Review Case #41" time="0">
    </testcase>
    <testcase classname="Security Review - Backend (300)" name="TC-SEC-042 Security Review Case #42" time="0">
    </testcase>
    <testcase classname="Security Review - Backend (300)" name="TC-SEC-043 Security Review Case #43" time="0">
    </testcase>
    <testcase classname="Security Review - Backend (300)" name="TC-SEC-044 Security Review Case #44" time="0">
    </testcase>
    <testcase classname="Security Review - Backend (300)" name="TC-SEC-045 Security Review Case #45" time="0.001">
    </testcase>
    <testcase classname="Security Review - Backend (300)" name="TC-SEC-046 Security Review Case #46" time="0">
    </testcase>
    <testcase classname="Security Review - Backend (300)" name="TC-SEC-047 Security Review Case #47" time="0">
    </testcase>
    <testcase classname="Security Review - Backend (300)" name="TC-SEC-048 Security Review Case #48" time="0">
    </testcase>
    <testcase classname="Security Review - Backend (300)" name="TC-SEC-049 Security Review Case #49" time="0">
    </testcase>
    <testcase classname="Security Review - Backend (300)" name="TC-SEC-050 Security Review Case #50" time="0">
    </testcase>
    <testcase classname="Security Review - Backend (300)" name="TC-SEC-051 Security Review Case #51" time="0">
    </testcase>
    <testcase classname="Security Review - Backend (300)" name="TC-SEC-052 Security Review Case #52" time="0.001">
    </testcase>
    <testcase classname="Security Review - Backend (300)" name="TC-SEC-053 Security Review Case #53" time="0">
    </testcase>
    <testcase classname="Security Review - Backend (300)" name="TC-SEC-054 Security Review Case #54" time="0">
    </testcase>
    <testcase classname="Security Review - Backend (300)" name="TC-SEC-055 Security Review Case #55" time="0">
    </testcase>
    <testcase classname="Security Review - Backend (300)" name="TC-SEC-056 Security Review Case #56" time="0">
    </testcase>
    <testcase classname="Security Review - Backend (300)" name="TC-SEC-057 Security Review Case #57" time="0">
    </testcase>
    <testcase classname="Security Review - Backend (300)" name="TC-SEC-058 Security Review Case #58" time="0">
    </testcase>
    <testcase classname="Security Review - Backend (300)" name="TC-SEC-059 Security Review Case #59" time="0">
    </testcase>
    <testcase classname="Security Review - Backend (300)" name="TC-SEC-060 Security Review Case #60" time="0">
    </testcase>
    <testcase classname="Security Review - Backend (300)" name="TC-SEC-061 Security Review Case #61" time="0">
    </testcase>
    <testcase classname="Security Review - Backend (300)" name="TC-SEC-062 Security Review Case #62" time="0">
    </testcase>
    <testcase classname="Security Review - Backend (300)" name="TC-SEC-063 Security Review Case #63" time="0">
    </testcase>
    <testcase classname="Security Review - Backend (300)" name="TC-SEC-064 Security Review Case #64" time="0">
    </testcase>
    <testcase classname="Security Review - Backend (300)" name="TC-SEC-065 Security Review Case #65" time="0.001">
    </testcase>
    <testcase classname="Security Review - Backend (300)" name="TC-SEC-066 Security Review Case #66" time="0">
    </testcase>
    <testcase classname="Security Review - Backend (300)" name="TC-SEC-067 Security Review Case #67" time="0">
    </testcase>
    <testcase classname="Security Review - Backend (300)" name="TC-SEC-068 Security Review Case #68" time="0">
    </testcase>
    <testcase classname="Security Review - Backend (300)" name="TC-SEC-069 Security Review Case #69" time="0.007">
    </testcase>
    <testcase classname="Security Review - Backend (300)" name="TC-SEC-070 Security Review Case #70" time="0.001">
    </testcase>
    <testcase classname="Security Review - Backend (300)" name="TC-SEC-071 Security Review Case #71" time="0.001">
    </testcase>
    <testcase classname="Security Review - Backend (300)" name="TC-SEC-072 Security Review Case #72" time="0">
    </testcase>
    <testcase classname="Security Review - Backend (300)" name="TC-SEC-073 Security Review Case #73" time="0">
    </testcase>
    <testcase classname="Security Review - Backend (300)" name="TC-SEC-074 Security Review Case #74" time="0">
    </testcase>
    <testcase classname="Security Review - Backend (300)" name="TC-SEC-075 Security Review Case #75" time="0">
    </testcase>
    <testcase classname="Security Review - Backend (300)" name="TC-SEC-076 Security Review Case #76" time="0.001">
    </testcase>
    <testcase classname="Security Review - Backend (300)" name="TC-SEC-077 Security Review Case #77" time="0">
    </testcase>
    <testcase classname="Security Review - Backend (300)" name="TC-SEC-078 Security Review Case #78" time="0">
    </testcase>
    <testcase classname="Security Review - Backend (300)" name="TC-SEC-079 Security Review Case #79" time="0">
    </testcase>
    <testcase classname="Security Review - Backend (300)" name="TC-SEC-080 Security Review Case #80" time="0">
    </testcase>
    <testcase classname="Security Review - Backend (300)" name="TC-SEC-081 Security Review Case #81" time="0">
    </testcase>
    <testcase classname="Security Review - Backend (300)" name="TC-SEC-082 Security Review Case #82" time="0.001">
    </testcase>
    <testcase classname="Security Review - Backend (300)" name="TC-SEC-083 Security Review Case #83" time="0">
    </testcase>
    <testcase classname="Security Review - Backend (300)" name="TC-SEC-084 Security Review Case #84" time="0">
    </testcase>
    <testcase classname="Security Review - Backend (300)" name="TC-SEC-085 Security Review Case #85" time="0">
    </testcase>
    <testcase classname="Security Review - Backend (300)" name="TC-SEC-086 Security Review Case #86" time="0">
    </testcase>
    <testcase classname="Security Review - Backend (300)" name="TC-SEC-087 Security Review Case #87" time="0.001">
    </testcase>
    <testcase classname="Security Review - Backend (300)" name="TC-SEC-088 Security Review Case #88" time="0">
    </testcase>
    <testcase classname="Security Review - Backend (300)" name="TC-SEC-089 Security Review Case #89" time="0">
    </testcase>
    <testcase classname="Security Review - Backend (300)" name="TC-SEC-090 Security Review Case #90" time="0">
    </testcase>
    <testcase classname="Security Review - Backend (300)" name="TC-SEC-091 Security Review Case #91" time="0">
    </testcase>
    <testcase classname="Security Review - Backend (300)" name="TC-SEC-092 Security Review Case #92" time="0">
    </testcase>
    <testcase classname="Security Review - Backend (300)" name="TC-SEC-093 Security Review Case #93" time="0.001">
    </testcase>
    <testcase classname="Security Review - Backend (300)" name="TC-SEC-094 Security Review Case #94" time="0">
    </testcase>
    <testcase classname="Security Review - Backend (300)" name="TC-SEC-095 Security Review Case #95" time="0">
    </testcase>
    <testcase classname="Security Review - Backend (300)" name="TC-SEC-096 Security Review Case #96" time="0">
    </testcase>
    <testcase classname="Security Review - Backend (300)" name="TC-SEC-097 Security Review Case #97" time="0.001">
    </testcase>
    <testcase classname="Security Review - Backend (300)" name="TC-SEC-098 Security Review Case #98" time="0">
    </testcase>
    <testcase classname="Security Review - Backend (300)" name="TC-SEC-099 Security Review Case #99" time="0">
    </testcase>
    <testcase classname="Security Review - Backend (300)" name="TC-SEC-100 Security Review Case #100" time="0">
    </testcase>
    <testcase classname="Security Review - Backend (300)" name="TC-SEC-101 Security Review Case #101" time="0">
    </testcase>
    <testcase classname="Security Review - Backend (300)" name="TC-SEC-102 Security Review Case #102" time="0.001">
    </testcase>
    <testcase classname="Security Review - Backend (300)" name="TC-SEC-103 Security Review Case #103" time="0">
    </testcase>
    <testcase classname="Security Review - Backend (300)" name="TC-SEC-104 Security Review Case #104" time="0">
    </testcase>
    <testcase classname="Security Review - Backend (300)" name="TC-SEC-105 Security Review Case #105" time="0">
    </testcase>
    <testcase classname="Security Review - Backend (300)" name="TC-SEC-106 Security Review Case #106" time="0">
    </testcase>
    <testcase classname="Security Review - Backend (300)" name="TC-SEC-107 Security Review Case #107" time="0.001">
    </testcase>
    <testcase classname="Security Review - Backend (300)" name="TC-SEC-108 Security Review Case #108" time="0">
    </testcase>
    <testcase classname="Security Review - Backend (300)" name="TC-SEC-109 Security Review Case #109" time="0">
    </testcase>
    <testcase classname="Security Review - Backend (300)" name="TC-SEC-110 Security Review Case #110" time="0">
    </testcase>
    <testcase classname="Security Review - Backend (300)" name="TC-SEC-111 Security Review Case #111" time="0.001">
    </testcase>
    <testcase classname="Security Review - Backend (300)" name="TC-SEC-112 Security Review Case #112" time="0">
    </testcase>
    <testcase classname="Security Review - Backend (300)" name="TC-SEC-113 Security Review Case #113" time="0">
    </testcase>
    <testcase classname="Security Review - Backend (300)" name="TC-SEC-114 Security Review Case #114" time="0">
    </testcase>
    <testcase classname="Security Review - Backend (300)" name="TC-SEC-115 Security Review Case #115" time="0">
    </testcase>
    <testcase classname="Security Review - Backend (300)" name="TC-SEC-116 Security Review Case #116" time="0.001">
    </testcase>
    <testcase classname="Security Review - Backend (300)" name="TC-SEC-117 Security Review Case #117" time="0">
    </testcase>
    <testcase classname="Security Review - Backend (300)" name="TC-SEC-118 Security Review Case #118" time="0">
    </testcase>
    <testcase classname="Security Review - Backend (300)" name="TC-SEC-119 Security Review Case #119" time="0">
    </testcase>
    <testcase classname="Security Review - Backend (300)" name="TC-SEC-120 Security Review Case #120" time="0">
    </testcase>
    <testcase classname="Security Review - Backend (300)" name="TC-SEC-121 Security Review Case #121" time="0">
    </testcase>
    <testcase classname="Security Review - Backend (300)" name="TC-SEC-122 Security Review Case #122" time="0">
    </testcase>
    <testcase classname="Security Review - Backend (300)" name="TC-SEC-123 Security Review Case #123" time="0">
    </testcase>
    <testcase classname="Security Review - Backend (300)" name="TC-SEC-124 Security Review Case #124" time="0">
    </testcase>
    <testcase classname="Security Review - Backend (300)" name="TC-SEC-125 Security Review Case #125" time="0">
    </testcase>
    <testcase classname="Security Review - Backend (300)" name="TC-SEC-126 Security Review Case #126" time="0">
    </testcase>
    <testcase classname="Security Review - Backend (300)" name="TC-SEC-127 Security Review Case #127" time="0.001">
    </testcase>
    <testcase classname="Security Review - Backend (300)" name="TC-SEC-128 Security Review Case #128" time="0">
    </testcase>
    <testcase classname="Security Review - Backend (300)" name="TC-SEC-129 Security Review Case #129" time="0">
    </testcase>
    <testcase classname="Security Review - Backend (300)" name="TC-SEC-130 Security Review Case #130" time="0">
    </testcase>
    <testcase classname="Security Review - Backend (300)" name="TC-SEC-131 Security Review Case #131" time="0">
    </testcase>
    <testcase classname="Security Review - Backend (300)" name="TC-SEC-132 Security Review Case #132" time="0.001">
    </testcase>
    <testcase classname="Security Review - Backend (300)" name="TC-SEC-133 Security Review Case #133" time="0">
    </testcase>
    <testcase classname="Security Review - Backend (300)" name="TC-SEC-134 Security Review Case #134" time="0">
    </testcase>
    <testcase classname="Security Review - Backend (300)" name="TC-SEC-135 Security Review Case #135" time="0">
    </testcase>
    <testcase classname="Security Review - Backend (300)" name="TC-SEC-136 Security Review Case #136" time="0">
    </testcase>
    <testcase classname="Security Review - Backend (300)" name="TC-SEC-137 Security Review Case #137" time="0.001">
    </testcase>
    <testcase classname="Security Review - Backend (300)" name="TC-SEC-138 Security Review Case #138" time="0">
    </testcase>
    <testcase classname="Security Review - Backend (300)" name="TC-SEC-139 Security Review Case #139" time="0">
    </testcase>
    <testcase classname="Security Review - Backend (300)" name="TC-SEC-140 Security Review Case #140" time="0">
    </testcase>
    <testcase classname="Security Review - Backend (300)" name="TC-SEC-141 Security Review Case #141" time="0">
    </testcase>
    <testcase classname="Security Review - Backend (300)" name="TC-SEC-142 Security Review Case #142" time="0">
    </testcase>
    <testcase classname="Security Review - Backend (300)" name="TC-SEC-143 Security Review Case #143" time="0">
    </testcase>
    <testcase classname="Security Review - Backend (300)" name="TC-SEC-144 Security Review Case #144" time="0">
    </testcase>
    <testcase classname="Security Review - Backend (300)" name="TC-SEC-145 Security Review Case #145" time="0">
    </testcase>
    <testcase classname="Security Review - Backend (300)" name="TC-SEC-146 Security Review Case #146" time="0">
    </testcase>
    <testcase classname="Security Review - Backend (300)" name="TC-SEC-147 Security Review Case #147" time="0.001">
    </testcase>
    <testcase classname="Security Review - Backend (300)" name="TC-SEC-148 Security Review Case #148" time="0">
    </testcase>
    <testcase classname="Security Review - Backend (300)" name="TC-SEC-149 Security Review Case #149" time="0">
    </testcase>
    <testcase classname="Security Review - Backend (300)" name="TC-SEC-150 Security Review Case #150" time="0">
    </testcase>
    <testcase classname="Security Review - Backend (300)" name="TC-SEC-151 Security Review Case #151" time="0.001">
    </testcase>
    <testcase classname="Security Review - Backend (300)" name="TC-SEC-152 Security Review Case #152" time="0">
    </testcase>
    <testcase classname="Security Review - Backend (300)" name="TC-SEC-153 Security Review Case #153" time="0">
    </testcase>
    <testcase classname="Security Review - Backend (300)" name="TC-SEC-154 Security Review Case #154" time="0">
    </testcase>
    <testcase classname="Security Review - Backend (300)" name="TC-SEC-155 Security Review Case #155" time="0">
    </testcase>
    <testcase classname="Security Review - Backend (300)" name="TC-SEC-156 Security Review Case #156" time="0.001">
    </testcase>
    <testcase classname="Security Review - Backend (300)" name="TC-SEC-157 Security Review Case #157" time="0">
    </testcase>
    <testcase classname="Security Review - Backend (300)" name="TC-SEC-158 Security Review Case #158" time="0">
    </testcase>
    <testcase classname="Security Review - Backend (300)" name="TC-SEC-159 Security Review Case #159" time="0">
    </testcase>
    <testcase classname="Security Review - Backend (300)" name="TC-SEC-160 Security Review Case #160" time="0">
    </testcase>
    <testcase classname="Security Review - Backend (300)" name="TC-SEC-161 Security Review Case #161" time="0">
    </testcase>
    <testcase classname="Security Review - Backend (300)" name="TC-SEC-162 Security Review Case #162" time="0">
    </testcase>
    <testcase classname="Security Review - Backend (300)" name="TC-SEC-163 Security Review Case #163" time="0.001">
    </testcase>
    <testcase classname="Security Review - Backend (300)" name="TC-SEC-164 Security Review Case #164" time="0">
    </testcase>
    <testcase classname="Security Review - Backend (300)" name="TC-SEC-165 Security Review Case #165" time="0">
    </testcase>
    <testcase classname="Security Review - Backend (300)" name="TC-SEC-166 Security Review Case #166" time="0.001">
    </testcase>
    <testcase classname="Security Review - Backend (300)" name="TC-SEC-167 Security Review Case #167" time="0">
    </testcase>
    <testcase classname="Security Review - Backend (300)" name="TC-SEC-168 Security Review Case #168" time="0">
    </testcase>
    <testcase classname="Security Review - Backend (300)" name="TC-SEC-169 Security Review Case #169" time="0">
    </testcase>
    <testcase classname="Security Review - Backend (300)" name="TC-SEC-170 Security Review Case #170" time="0.001">
    </testcase>
    <testcase classname="Security Review - Backend (300)" name="TC-SEC-171 Security Review Case #171" time="0">
    </testcase>
    <testcase classname="Security Review - Backend (300)" name="TC-SEC-172 Security Review Case #172" time="0">
    </testcase>
    <testcase classname="Security Review - Backend (300)" name="TC-SEC-173 Security Review Case #173" time="0">
    </testcase>
    <testcase classname="Security Review - Backend (300)" name="TC-SEC-174 Security Review Case #174" time="0">
    </testcase>
    <testcase classname="Security Review - Backend (300)" name="TC-SEC-175 Security Review Case #175" time="0">
    </testcase>
    <testcase classname="Security Review - Backend (300)" name="TC-SEC-176 Security Review Case #176" time="0">
    </testcase>
    <testcase classname="Security Review - Backend (300)" name="TC-SEC-177 Security Review Case #177" time="0">
    </testcase>
    <testcase classname="Security Review - Backend (300)" name="TC-SEC-178 Security Review Case #178" time="0">
    </testcase>
    <testcase classname="Security Review - Backend (300)" name="TC-SEC-179 Security Review Case #179" time="0.001">
    </testcase>
    <testcase classname="Security Review - Backend (300)" name="TC-SEC-180 Security Review Case #180" time="0">
    </testcase>
    <testcase classname="Security Review - Backend (300)" name="TC-SEC-181 Security Review Case #181" time="0">
    </testcase>
    <testcase classname="Security Review - Backend (300)" name="TC-SEC-182 Security Review Case #182" time="0">
    </testcase>
    <testcase classname="Security Review - Backend (300)" name="TC-SEC-183 Security Review Case #183" time="0">
    </testcase>
    <testcase classname="Security Review - Backend (300)" name="TC-SEC-184 Security Review Case #184" time="0">
    </testcase>
    <testcase classname="Security Review - Backend (300)" name="TC-SEC-185 Security Review Case #185" time="0.001">
    </testcase>
    <testcase classname="Security Review - Backend (300)" name="TC-SEC-186 Security Review Case #186" time="0">
    </testcase>
    <testcase classname="Security Review - Backend (300)" name="TC-SEC-187 Security Review Case #187" time="0">
    </testcase>
    <testcase classname="Security Review - Backend (300)" name="TC-SEC-188 Security Review Case #188" time="0">
    </testcase>
    <testcase classname="Security Review - Backend (300)" name="TC-SEC-189 Security Review Case #189" time="0">
    </testcase>
    <testcase classname="Security Review - Backend (300)" name="TC-SEC-190 Security Review Case #190" time="0">
    </testcase>
    <testcase classname="Security Review - Backend (300)" name="TC-SEC-191 Security Review Case #191" time="0.001">
    </testcase>
    <testcase classname="Security Review - Backend (300)" name="TC-SEC-192 Security Review Case #192" time="0">
    </testcase>
    <testcase classname="Security Review - Backend (300)" name="TC-SEC-193 Security Review Case #193" time="0">
    </testcase>
    <testcase classname="Security Review - Backend (300)" name="TC-SEC-194 Security Review Case #194" time="0">
    </testcase>
    <testcase classname="Security Review - Backend (300)" name="TC-SEC-195 Security Review Case #195" time="0">
    </testcase>
    <testcase classname="Security Review - Backend (300)" name="TC-SEC-196 Security Review Case #196" time="0">
    </testcase>
    <testcase classname="Security Review - Backend (300)" name="TC-SEC-197 Security Review Case #197" time="0">
    </testcase>
    <testcase classname="Security Review - Backend (300)" name="TC-SEC-198 Security Review Case #198" time="0">
    </testcase>
    <testcase classname="Security Review - Backend (300)" name="TC-SEC-199 Security Review Case #199" time="0">
    </testcase>
    <testcase classname="Security Review - Backend (300)" name="TC-SEC-200 Security Review Case #200" time="0">
    </testcase>
    <testcase classname="Security Review - Backend (300)" name="TC-SEC-201 Security Review Case #201" time="0">
    </testcase>
    <testcase classname="Security Review - Backend (300)" name="TC-SEC-202 Security Review Case #202" time="0">
    </testcase>
    <testcase classname="Security Review - Backend (300)" name="TC-SEC-203 Security Review Case #203" time="0">
    </testcase>
    <testcase classname="Security Review - Backend (300)" name="TC-SEC-204 Security Review Case #204" time="0">
    </testcase>
    <testcase classname="Security Review - Backend (300)" name="TC-SEC-205 Security Review Case #205" time="0">
    </testcase>
    <testcase classname="Security Review - Backend (300)" name="TC-SEC-206 Security Review Case #206" time="0">
    </testcase>
    <testcase classname="Security Review - Backend (300)" name="TC-SEC-207 Security Review Case #207" time="0.001">
    </testcase>
    <testcase classname="Security Review - Backend (300)" name="TC-SEC-208 Security Review Case #208" time="0">
    </testcase>
    <testcase classname="Security Review - Backend (300)" name="TC-SEC-209 Security Review Case #209" time="0">
    </testcase>
    <testcase classname="Security Review - Backend (300)" name="TC-SEC-210 Security Review Case #210" time="0">
    </testcase>
    <testcase classname="Security Review - Backend (300)" name="TC-SEC-211 Security Review Case #211" time="0.001">
    </testcase>
    <testcase classname="Security Review - Backend (300)" name="TC-SEC-212 Security Review Case #212" time="0">
    </testcase>
    <testcase classname="Security Review - Backend (300)" name="TC-SEC-213 Security Review Case #213" time="0">
    </testcase>
    <testcase classname="Security Review - Backend (300)" name="TC-SEC-214 Security Review Case #214" time="0">
    </testcase>
    <testcase classname="Security Review - Backend (300)" name="TC-SEC-215 Security Review Case #215" time="0.001">
    </testcase>
    <testcase classname="Security Review - Backend (300)" name="TC-SEC-216 Security Review Case #216" time="0.004">
    </testcase>
    <testcase classname="Security Review - Backend (300)" name="TC-SEC-217 Security Review Case #217" time="0">
    </testcase>
    <testcase classname="Security Review - Backend (300)" name="TC-SEC-218 Security Review Case #218" time="0.001">
    </testcase>
    <testcase classname="Security Review - Backend (300)" name="TC-SEC-219 Security Review Case #219" time="0">
    </testcase>
    <testcase classname="Security Review - Backend (300)" name="TC-SEC-220 Security Review Case #220" time="0">
    </testcase>
    <testcase classname="Security Review - Backend (300)" name="TC-SEC-221 Security Review Case #221" time="0">
    </testcase>
    <testcase classname="Security Review - Backend (300)" name="TC-SEC-222 Security Review Case #222" time="0">
    </testcase>
    <testcase classname="Security Review - Backend (300)" name="TC-SEC-223 Security Review Case #223" time="0">
    </testcase>
    <testcase classname="Security Review - Backend (300)" name="TC-SEC-224 Security Review Case #224" time="0">
    </testcase>
    <testcase classname="Security Review - Backend (300)" name="TC-SEC-225 Security Review Case #225" time="0">
    </testcase>
    <testcase classname="Security Review - Backend (300)" name="TC-SEC-226 Security Review Case #226" time="0">
    </testcase>
    <testcase classname="Security Review - Backend (300)" name="TC-SEC-227 Security Review Case #227" time="0">
    </testcase>
    <testcase classname="Security Review - Backend (300)" name="TC-SEC-228 Security Review Case #228" time="0">
    </testcase>
    <testcase classname="Security Review - Backend (300)" name="TC-SEC-229 Security Review Case #229" time="0">
    </testcase>
    <testcase classname="Security Review - Backend (300)" name="TC-SEC-230 Security Review Case #230" time="0.001">
    </testcase>
    <testcase classname="Security Review - Backend (300)" name="TC-SEC-231 Security Review Case #231" time="0">
    </testcase>
    <testcase classname="Security Review - Backend (300)" name="TC-SEC-232 Security Review Case #232" time="0">
    </testcase>
    <testcase classname="Security Review - Backend (300)" name="TC-SEC-233 Security Review Case #233" time="0">
    </testcase>
    <testcase classname="Security Review - Backend (300)" name="TC-SEC-234 Security Review Case #234" time="0">
    </testcase>
    <testcase classname="Security Review - Backend (300)" name="TC-SEC-235 Security Review Case #235" time="0">
    </testcase>
    <testcase classname="Security Review - Backend (300)" name="TC-SEC-236 Security Review Case #236" time="0.001">
    </testcase>
    <testcase classname="Security Review - Backend (300)" name="TC-SEC-237 Security Review Case #237" time="0">
    </testcase>
    <testcase classname="Security Review - Backend (300)" name="TC-SEC-238 Security Review Case #238" time="0">
    </testcase>
    <testcase classname="Security Review - Backend (300)" name="TC-SEC-239 Security Review Case #239" time="0">
    </testcase>
    <testcase classname="Security Review - Backend (300)" name="TC-SEC-240 Security Review Case #240" time="0">
    </testcase>
    <testcase classname="Security Review - Backend (300)" name="TC-SEC-241 Security Review Case #241" time="0">
    </testcase>
    <testcase classname="Security Review - Backend (300)" name="TC-SEC-242 Security Review Case #242" time="0">
    </testcase>
    <testcase classname="Security Review - Backend (300)" name="TC-SEC-243 Security Review Case #243" time="0.001">
    </testcase>
    <testcase classname="Security Review - Backend (300)" name="TC-SEC-244 Security Review Case #244" time="0">
    </testcase>
    <testcase classname="Security Review - Backend (300)" name="TC-SEC-245 Security Review Case #245" time="0">
    </testcase>
    <testcase classname="Security Review - Backend (300)" name="TC-SEC-246 Security Review Case #246" time="0.001">
    </testcase>
    <testcase classname="Security Review - Backend (300)" name="TC-SEC-247 Security Review Case #247" time="0">
    </testcase>
    <testcase classname="Security Review - Backend (300)" name="TC-SEC-248 Security Review Case #248" time="0">
    </testcase>
    <testcase classname="Security Review - Backend (300)" name="TC-SEC-249 Security Review Case #249" time="0">
    </testcase>
    <testcase classname="Security Review - Backend (300)" name="TC-SEC-250 Security Review Case #250" time="0">
    </testcase>
    <testcase classname="Security Review - Backend (300)" name="TC-SEC-251 Security Review Case #251" time="0">
    </testcase>
    <testcase classname="Security Review - Backend (300)" name="TC-SEC-252 Security Review Case #252" time="0">
    </testcase>
    <testcase classname="Security Review - Backend (300)" name="TC-SEC-253 Security Review Case #253" time="0">
    </testcase>
    <testcase classname="Security Review - Backend (300)" name="TC-SEC-254 Security Review Case #254" time="0.001">
    </testcase>
    <testcase classname="Security Review - Backend (300)" name="TC-SEC-255 Security Review Case #255" time="0">
    </testcase>
    <testcase classname="Security Review - Backend (300)" name="TC-SEC-256 Security Review Case #256" time="0">
    </testcase>
    <testcase classname="Security Review - Backend (300)" name="TC-SEC-257 Security Review Case #257" time="0">
    </testcase>
    <testcase classname="Security Review - Backend (300)" name="TC-SEC-258 Security Review Case #258" time="0.001">
    </testcase>
    <testcase classname="Security Review - Backend (300)" name="TC-SEC-259 Security Review Case #259" time="0">
    </testcase>
    <testcase classname="Security Review - Backend (300)" name="TC-SEC-260 Security Review Case #260" time="0">
    </testcase>
    <testcase classname="Security Review - Backend (300)" name="TC-SEC-261 Security Review Case #261" time="0">
    </testcase>
    <testcase classname="Security Review - Backend (300)" name="TC-SEC-262 Security Review Case #262" time="0.001">
    </testcase>
    <testcase classname="Security Review - Backend (300)" name="TC-SEC-263 Security Review Case #263" time="0">
    </testcase>
    <testcase classname="Security Review - Backend (300)" name="TC-SEC-264 Security Review Case #264" time="0">
    </testcase>
    <testcase classname="Security Review - Backend (300)" name="TC-SEC-265 Security Review Case #265" time="0">
    </testcase>
    <testcase classname="Security Review - Backend (300)" name="TC-SEC-266 Security Review Case #266" time="0.001">
    </testcase>
    <testcase classname="Security Review - Backend (300)" name="TC-SEC-267 Security Review Case #267" time="0">
    </testcase>
    <testcase classname="Security Review - Backend (300)" name="TC-SEC-268 Security Review Case #268" time="0">
    </testcase>
    <testcase classname="Security Review - Backend (300)" name="TC-SEC-269 Security Review Case #269" time="0">
    </testcase>
    <testcase classname="Security Review - Backend (300)" name="TC-SEC-270 Security Review Case #270" time="0.001">
    </testcase>
    <testcase classname="Security Review - Backend (300)" name="TC-SEC-271 Security Review Case #271" time="0">
    </testcase>
    <testcase classname="Security Review - Backend (300)" name="TC-SEC-272 Security Review Case #272" time="0">
    </testcase>
    <testcase classname="Security Review - Backend (300)" name="TC-SEC-273 Security Review Case #273" time="0">
    </testcase>
    <testcase classname="Security Review - Backend (300)" name="TC-SEC-274 Security Review Case #274" time="0">
    </testcase>
    <testcase classname="Security Review - Backend (300)" name="TC-SEC-275 Security Review Case #275" time="0">
    </testcase>
    <testcase classname="Security Review - Backend (300)" name="TC-SEC-276 Security Review Case #276" time="0">
    </testcase>
    <testcase classname="Security Review - Backend (300)" name="TC-SEC-277 Security Review Case #277" time="0">
    </testcase>
    <testcase classname="Security Review - Backend (300)" name="TC-SEC-278 Security Review Case #278" time="0">
    </testcase>
    <testcase classname="Security Review - Backend (300)" name="TC-SEC-279 Security Review Case #279" time="0">
    </testcase>
    <testcase classname="Security Review - Backend (300)" name="TC-SEC-280 Security Review Case #280" time="0">
    </testcase>
    <testcase classname="Security Review - Backend (300)" name="TC-SEC-281 Security Review Case #281" time="0.001">
    </testcase>
    <testcase classname="Security Review - Backend (300)" name="TC-SEC-282 Security Review Case #282" time="0">
    </testcase>
    <testcase classname="Security Review - Backend (300)" name="TC-SEC-283 Security Review Case #283" time="0">
    </testcase>
    <testcase classname="Security Review - Backend (300)" name="TC-SEC-284 Security Review Case #284" time="0.001">
    </testcase>
    <testcase classname="Security Review - Backend (300)" name="TC-SEC-285 Security Review Case #285" time="0">
    </testcase>
    <testcase classname="Security Review - Backend (300)" name="TC-SEC-286 Security Review Case #286" time="0">
    </testcase>
    <testcase classname="Security Review - Backend (300)" name="TC-SEC-287 Security Review Case #287" time="0">
    </testcase>
    <testcase classname="Security Review - Backend (300)" name="TC-SEC-288 Security Review Case #288" time="0">
    </testcase>
    <testcase classname="Security Review - Backend (300)" name="TC-SEC-289 Security Review Case #289" time="0">
    </testcase>
    <testcase classname="Security Review - Backend (300)" name="TC-SEC-290 Security Review Case #290" time="0.001">
    </testcase>
    <testcase classname="Security Review - Backend (300)" name="TC-SEC-291 Security Review Case #291" time="0">
    </testcase>
    <testcase classname="Security Review - Backend (300)" name="TC-SEC-292 Security Review Case #292" time="0">
    </testcase>
    <testcase classname="Security Review - Backend (300)" name="TC-SEC-293 Security Review Case #293" time="0">
    </testcase>
    <testcase classname="Security Review - Backend (300)" name="TC-SEC-294 Security Review Case #294" time="0.001">
    </testcase>
    <testcase classname="Security Review - Backend (300)" name="TC-SEC-295 Security Review Case #295" time="0">
    </testcase>
    <testcase classname="Security Review - Backend (300)" name="TC-SEC-296 Security Review Case #296" time="0">
    </testcase>
    <testcase classname="Security Review - Backend (300)" name="TC-SEC-297 Security Review Case #297" time="0">
    </testcase>
    <testcase classname="Security Review - Backend (300)" name="TC-SEC-298 Security Review Case #298" time="0">
    </testcase>
    <testcase classname="Security Review - Backend (300)" name="TC-SEC-299 Security Review Case #299" time="0.001">
    </testcase>
    <testcase classname="Security Review - Backend (300)" name="TC-SEC-300 Security Review Case #300" time="0">
    </testcase>
  </testsuite>
  <testsuite name="LOAD-01 Data Processing — Schemes" errors="0" failures="0" skipped="0" timestamp="2026-07-30T08:40:44" time="14.33" tests="300">
    <testcase classname="LOAD-01 Data Processing — Schemes" name="TC-L-001 filtering 10k schemes under 50ms" time="0.019">
    </testcase>
    <testcase classname="LOAD-01 Data Processing — Schemes" name="TC-L-002 searching 10k schemes under 100ms" time="0.017">
    </testcase>
    <testcase classname="LOAD-01 Data Processing — Schemes" name="TC-L-003 sorting 10k schemes by popularity under 100ms" time="0.013">
    </testcase>
    <testcase classname="LOAD-01 Data Processing — Schemes" name="TC-L-004 deduplicating 10k scheme ids under 50ms" time="0.013">
    </testcase>
    <testcase classname="LOAD-01 Data Processing — Schemes" name="TC-L-005 mapping 10k schemes to display format under 50ms" time="0.013">
    </testcase>
    <testcase classname="LOAD-01 Data Processing — Schemes" name="TC-L-006 grouping 10k schemes by category under 80ms" time="0.01">
    </testcase>
    <testcase classname="LOAD-01 Data Processing — Schemes" name="TC-L-007 computing sum of applied counts 10k under 20ms" time="0.01">
    </testcase>
    <testcase classname="LOAD-01 Data Processing — Schemes" name="TC-L-008 finding max applied from 10k under 20ms" time="0.01">
    </testcase>
    <testcase classname="LOAD-01 Data Processing — Schemes" name="TC-L-009 JSON serialization of 1k schemes under 30ms" time="0.005">
    </testcase>
    <testcase classname="LOAD-01 Data Processing — Schemes" name="TC-L-010 JSON parse of 1k schemes under 30ms" time="0.002">
    </testcase>
    <testcase classname="LOAD-01 Data Processing — Schemes" name="TC-L-011 filtering 1k schemes under 5ms" time="0.001">
    </testcase>
    <testcase classname="LOAD-01 Data Processing — Schemes" name="TC-L-012 filtering 5k schemes under 25ms" time="0.003">
    </testcase>
    <testcase classname="LOAD-01 Data Processing — Schemes" name="TC-L-013 sorting 1k schemes under 10ms" time="0.002">
    </testcase>
    <testcase classname="LOAD-01 Data Processing — Schemes" name="TC-L-014 sorting 5k schemes under 50ms" time="0.008">
    </testcase>
    <testcase classname="LOAD-01 Data Processing — Schemes" name="TC-L-015 mapping 1k schemes under 5ms" time="0.001">
    </testcase>
    <testcase classname="LOAD-01 Data Processing — Schemes" name="TC-L-016 mapping 5k schemes under 25ms" time="0.006">
    </testcase>
    <testcase classname="LOAD-01 Data Processing — Schemes" name="TC-L-017 grouping 1k schemes under 10ms" time="0.002">
    </testcase>
    <testcase classname="LOAD-01 Data Processing — Schemes" name="TC-L-018 grouping 5k schemes under 40ms" time="0.005">
    </testcase>
    <testcase classname="LOAD-01 Data Processing — Schemes" name="TC-L-019 JSON serialize 5k schemes under 15ms" time="0.005">
    </testcase>
    <testcase classname="LOAD-01 Data Processing — Schemes" name="TC-L-020 JSON parse 5k schemes under 15ms" time="0.012">
    </testcase>
    <testcase classname="LOAD-01 Data Processing — Schemes" name="TC-L-021 find by id in 10k schemes under 10ms" time="0.01">
    </testcase>
    <testcase classname="LOAD-01 Data Processing — Schemes" name="TC-L-022 find by id in 1k schemes under 2ms" time="0.001">
    </testcase>
    <testcase classname="LOAD-01 Data Processing — Schemes" name="TC-L-023 some() check on 10k schemes under 5ms" time="0.009">
    </testcase>
    <testcase classname="LOAD-01 Data Processing — Schemes" name="TC-L-024 every() check on 10k schemes under 5ms" time="0.01">
    </testcase>
    <testcase classname="LOAD-01 Data Processing — Schemes" name="TC-L-025 reduce to count by status 10k under 20ms" time="0.011">
    </testcase>
    <testcase classname="LOAD-01 Data Processing — Schemes" name="TC-L-026 slice 100 from 10k under 2ms" time="0.009">
    </testcase>
    <testcase classname="LOAD-01 Data Processing — Schemes" name="TC-L-027 slice 1000 from 10k under 5ms" time="0.009">
    </testcase>
    <testcase classname="LOAD-01 Data Processing — Schemes" name="TC-L-028 concat two 5k arrays under 5ms" time="0.007">
    </testcase>
    <testcase classname="LOAD-01 Data Processing — Schemes" name="TC-L-029 spread copy of 10k under 10ms" time="0.01">
    </testcase>
    <testcase classname="LOAD-01 Data Processing — Schemes" name="TC-L-030 Object.keys on 10k scheme objects under 10ms" time="0.012">
    </testcase>
    <testcase classname="LOAD-02 Data Processing — Notifications" name="TC-L-031 creating 10k notification objects does not throw" time="0.003">
    </testcase>
    <testcase classname="LOAD-02 Data Processing — Notifications" name="TC-L-032 filtering 1k unread notifications under 10ms" time="0">
    </testcase>
    <testcase classname="LOAD-02 Data Processing — Notifications" name="TC-L-033 marking 1k notifications as read under 20ms" time="0.001">
    </testcase>
    <testcase classname="LOAD-02 Data Processing — Notifications" name="TC-L-034 counting unread from 1k notifications under 5ms" time="0.001">
    </testcase>
    <testcase classname="LOAD-02 Data Processing — Notifications" name="TC-L-035 sorting 1k notifications by date under 10ms" time="0.006">
    </testcase>
    <testcase classname="LOAD-02 Data Processing — Notifications" name="TC-L-036 grouping 1k notifications by type under 10ms" time="0">
    </testcase>
    <testcase classname="LOAD-02 Data Processing — Notifications" name="TC-L-037 deleting 1 notification from 1k list under 5ms" time="0">
    </testcase>
    <testcase classname="LOAD-02 Data Processing — Notifications" name="TC-L-038 adding 1 notification to front of 1k list under 5ms" time="0.001">
    </testcase>
    <testcase classname="LOAD-02 Data Processing — Notifications" name="TC-L-039 JSON serialize 1k notifications under 10ms" time="0.001">
    </testcase>
    <testcase classname="LOAD-02 Data Processing — Notifications" name="TC-L-040 JSON parse 1k notifications under 10ms" time="0.001">
    </testcase>
    <testcase classname="LOAD-02 Data Processing — Notifications" name="TC-L-041 creating 5k notification objects does not throw" time="0.001">
    </testcase>
    <testcase classname="LOAD-02 Data Processing — Notifications" name="TC-L-042 filtering 5k unread under 20ms" time="0.002">
    </testcase>
    <testcase classname="LOAD-02 Data Processing — Notifications" name="TC-L-043 marking 5k as read under 50ms" time="0.002">
    </testcase>
    <testcase classname="LOAD-02 Data Processing — Notifications" name="TC-L-044 sorting 5k notifications by date under 30ms" time="0.032">
    </testcase>
    <testcase classname="LOAD-02 Data Processing — Notifications" name="TC-L-045 grouping 5k by type under 20ms" time="0.002">
    </testcase>
    <testcase classname="LOAD-02 Data Processing — Notifications" name="TC-L-046 paginate 10k notifications page 1 under 5ms" time="0.003">
    </testcase>
    <testcase classname="LOAD-02 Data Processing — Notifications" name="TC-L-047 paginate 10k notifications page 500 under 5ms" time="0.003">
    </testcase>
    <testcase classname="LOAD-02 Data Processing — Notifications" name="TC-L-048 find notification by id in 10k under 10ms" time="0.002">
    </testcase>
    <testcase classname="LOAD-02 Data Processing — Notifications" name="TC-L-049 some unread in 10k under 5ms" time="0.002">
    </testcase>
    <testcase classname="LOAD-02 Data Processing — Notifications" name="TC-L-050 every read in 10k under 5ms" time="0.003">
    </testcase>
    <testcase classname="LOAD-02 Data Processing — Notifications" name="TC-L-051 reduce count by type 10k under 20ms" time="0.005">
    </testcase>
    <testcase classname="LOAD-02 Data Processing — Notifications" name="TC-L-052 slice 50 from 10k under 2ms" time="0.003">
    </testcase>
    <testcase classname="LOAD-02 Data Processing — Notifications" name="TC-L-053 concat two 5k notification arrays under 5ms" time="0.002">
    </testcase>
    <testcase classname="LOAD-02 Data Processing — Notifications" name="TC-L-054 spread copy 10k notifications under 10ms" time="0.003">
    </testcase>
    <testcase classname="LOAD-02 Data Processing — Notifications" name="TC-L-055 map 10k to id only under 10ms" time="0.003">
    </testcase>
    <testcase classname="LOAD-02 Data Processing — Notifications" name="TC-L-056 filter by type success 10k under 10ms" time="0.003">
    </testcase>
    <testcase classname="LOAD-02 Data Processing — Notifications" name="TC-L-057 filter by type error 10k under 10ms" time="0.004">
    </testcase>
    <testcase classname="LOAD-02 Data Processing — Notifications" name="TC-L-058 sort by read status 10k under 20ms" time="0.039">
    </testcase>
    <testcase classname="LOAD-02 Data Processing — Notifications" name="TC-L-059 count unread 10k under 10ms" time="0.004">
    </testcase>
    <testcase classname="LOAD-02 Data Processing — Notifications" name="TC-L-060 JSON serialize 10k notifications under 30ms" time="0.007">
    </testcase>
    <testcase classname="LOAD-03 Search Performance" name="TC-L-061 search 1k scheme names under 5ms" time="0.001">
    </testcase>
    <testcase classname="LOAD-03 Search Performance" name="TC-L-062 search 5k scheme names under 20ms" time="0.003">
    </testcase>
    <testcase classname="LOAD-03 Search Performance" name="TC-L-063 search 10k scheme names under 50ms" time="0.005">
    </testcase>
    <testcase classname="LOAD-03 Search Performance" name="TC-L-064 search with no matches 10k under 50ms" time="0.004">
    </testcase>
    <testcase classname="LOAD-03 Search Performance" name="TC-L-065 search empty query returns all 10k under 5ms" time="0.002">
    </testcase>
    <testcase classname="LOAD-03 Search Performance" name="TC-L-066 search single char in 10k under 50ms" time="0.004">
    </testcase>
    <testcase classname="LOAD-03 Search Performance" name="TC-L-067 search long query in 10k under 50ms" time="0.005">
    </testcase>
    <testcase classname="LOAD-03 Search Performance" name="TC-L-068 search with regex in 1k under 20ms" time="0.001">
    </testcase>
    <testcase classname="LOAD-03 Search Performance" name="TC-L-069 search startsWith in 10k under 20ms" time="0.004">
    </testcase>
    <testcase classname="LOAD-03 Search Performance" name="TC-L-070 search endsWith in 10k under 20ms" time="0.003">
    </testcase>
    <testcase classname="LOAD-03 Search Performance" name="TC-L-071 search index of in 10k under 20ms" time="0.003">
    </testcase>
    <testcase classname="LOAD-03 Search Performance" name="TC-L-072 search includes in 10k under 20ms" time="0.003">
    </testcase>
    <testcase classname="LOAD-03 Search Performance" name="TC-L-073 search match in 1k under 20ms" time="0.001">
    </testcase>
    <testcase classname="LOAD-03 Search Performance" name="TC-L-074 search case-sensitive in 10k under 20ms" time="0.004">
    </testcase>
    <testcase classname="LOAD-03 Search Performance" name="TC-L-075 search case-insensitive in 10k under 50ms" time="0.003">
    </testcase>
    <testcase classname="LOAD-03 Search Performance" name="TC-L-076 search with debounce 300ms simulated" time="0.001">
    </testcase>
    <testcase classname="LOAD-03 Search Performance" name="TC-L-077 search throttle 100ms simulated" time="0">
    </testcase>
    <testcase classname="LOAD-03 Search Performance" name="TC-L-078 search 100 results slice under 2ms" time="0.003">
    </testcase>
    <testcase classname="LOAD-03 Search Performance" name="TC-L-079 search 500 results slice under 5ms" time="0.003">
    </testcase>
    <testcase classname="LOAD-03 Search Performance" name="TC-L-080 search 1000 results slice under 30ms" time="0.005">
    </testcase>
    <testcase classname="LOAD-03 Search Performance" name="TC-L-081 search count only 10k under 10ms" time="0.003">
    </testcase>
    <testcase classname="LOAD-03 Search Performance" name="TC-L-082 search find first match 10k under 5ms" time="0.002">
    </testcase>
    <testcase classname="LOAD-03 Search Performance" name="TC-L-083 search find last match 10k under 5ms" time="0.002">
    </testcase>
    <testcase classname="LOAD-03 Search Performance" name="TC-L-084 search boolean some 10k under 5ms" time="0.002">
    </testcase>
    <testcase classname="LOAD-03 Search Performance" name="TC-L-085 search boolean every 10k under 80ms" time="0.002">
    </testcase>
    <testcase classname="LOAD-03 Search Performance" name="TC-L-086 search Map has 10k under 40ms" time="0.006">
    </testcase>
    <testcase classname="LOAD-03 Search Performance" name="TC-L-087 search Set has 10k under 5ms" time="0.005">
    </testcase>
    <testcase classname="LOAD-03 Search Performance" name="TC-L-088 search object key 10k under 5ms" time="0.018">
    </testcase>
    <testcase classname="LOAD-03 Search Performance" name="TC-L-089 search Array includes 10k under 20ms" time="0.001">
    </testcase>
    <testcase classname="LOAD-03 Search Performance" name="TC-L-090 search Array indexOf 10k under 20ms" time="0.002">
    </testcase>
    <testcase classname="LOAD-04 Sort Performance" name="TC-L-091 sort 1k by number under 10ms" time="0.002">
    </testcase>
    <testcase classname="LOAD-04 Sort Performance" name="TC-L-092 sort 5k by number under 30ms" time="0.005">
    </testcase>
    <testcase classname="LOAD-04 Sort Performance" name="TC-L-093 sort 10k by number under 50ms" time="0.013">
    </testcase>
    <testcase classname="LOAD-04 Sort Performance" name="TC-L-094 sort 1k by string under 10ms" time="0.018">
    </testcase>
    <testcase classname="LOAD-04 Sort Performance" name="TC-L-095 sort 5k by string under 30ms" time="0.008">
    </testcase>
    <testcase classname="LOAD-04 Sort Performance" name="TC-L-096 sort 10k by string under 50ms" time="0.017">
    </testcase>
    <testcase classname="LOAD-04 Sort Performance" name="TC-L-097 sort 1k by date under 10ms" time="0.003">
    </testcase>
    <testcase classname="LOAD-04 Sort Performance" name="TC-L-098 sort 5k by date under 30ms" time="0.011">
    </testcase>
    <testcase classname="LOAD-04 Sort Performance" name="TC-L-099 sort 10k by date under 50ms" time="0.016">
    </testcase>
    <testcase classname="LOAD-04 Sort Performance" name="TC-L-100 sort 1k descending under 10ms" time="0">
    </testcase>
    <testcase classname="LOAD-04 Sort Performance" name="TC-L-101 sort 5k descending under 30ms" time="0.003">
    </testcase>
    <testcase classname="LOAD-04 Sort Performance" name="TC-L-102 sort 10k descending under 50ms" time="0.01">
    </testcase>
    <testcase classname="LOAD-04 Sort Performance" name="TC-L-103 sort 1k ascending under 10ms" time="0.001">
    </testcase>
    <testcase classname="LOAD-04 Sort Performance" name="TC-L-104 sort 5k ascending under 30ms" time="0.005">
    </testcase>
    <testcase classname="LOAD-04 Sort Performance" name="TC-L-105 sort 10k ascending under 50ms" time="0.015">
    </testcase>
    <testcase classname="LOAD-04 Sort Performance" name="TC-L-106 sort 1k by category under 10ms" time="0.003">
    </testcase>
    <testcase classname="LOAD-04 Sort Performance" name="TC-L-107 sort 5k by category under 30ms" time="0.014">
    </testcase>
    <testcase classname="LOAD-04 Sort Performance" name="TC-L-108 sort 10k by category under 50ms" time="0.023">
    </testcase>
    <testcase classname="LOAD-04 Sort Performance" name="TC-L-109 sort 1k by id under 10ms" time="0.001">
    </testcase>
    <testcase classname="LOAD-04 Sort Performance" name="TC-L-110 sort 5k by id under 30ms" time="0.006">
    </testcase>
    <testcase classname="LOAD-04 Sort Performance" name="TC-L-111 sort 10k by id under 50ms" time="0.016">
    </testcase>
    <testcase classname="LOAD-04 Sort Performance" name="TC-L-112 sort 100 numbers under 2ms" time="0">
    </testcase>
    <testcase classname="LOAD-04 Sort Performance" name="TC-L-113 sort 500 numbers under 5ms" time="0.001">
    </testcase>
    <testcase classname="LOAD-04 Sort Performance" name="TC-L-114 sort 1000 numbers under 10ms" time="0.001">
    </testcase>
    <testcase classname="LOAD-04 Sort Performance" name="TC-L-115 sort 5000 numbers under 30ms" time="0.005">
    </testcase>
    <testcase classname="LOAD-04 Sort Performance" name="TC-L-116 sort 10000 numbers under 50ms" time="0.009">
    </testcase>
    <testcase classname="LOAD-04 Sort Performance" name="TC-L-117 sort 100 strings under 5ms" time="0.001">
    </testcase>
    <testcase classname="LOAD-04 Sort Performance" name="TC-L-118 sort 500 strings under 10ms" time="0">
    </testcase>
    <testcase classname="LOAD-04 Sort Performance" name="TC-L-119 sort 1000 strings under 20ms" time="0">
    </testcase>
    <testcase classname="LOAD-04 Sort Performance" name="TC-L-120 sort does not mutate original 10k" time="0.013">
    </testcase>
    <testcase classname="LOAD-05 Concurrent API Calls" name="TC-L-121 50 concurrent fetch simulations complete without error" time="0.002">
    </testcase>
    <testcase classname="LOAD-05 Concurrent API Calls" name="TC-L-122 100 concurrent fetch simulations complete without error" time="0.003">
    </testcase>
    <testcase classname="LOAD-05 Concurrent API Calls" name="TC-L-123 200 concurrent fetch simulations complete within 3s" time="0.015">
    </testcase>
    <testcase classname="LOAD-05 Concurrent API Calls" name="TC-L-124 500 concurrent fetch simulations complete within 5s" time="0.009">
    </testcase>
    <testcase classname="LOAD-05 Concurrent API Calls" name="TC-L-125 50 sequential API calls total under 1s" time="0.549">
    </testcase>
    <testcase classname="LOAD-05 Concurrent API Calls" name="TC-L-126 100 sequential API calls total under 2s" time="0.919">
    </testcase>
    <testcase classname="LOAD-05 Concurrent API Calls" name="TC-L-127 error rate under heavy load is zero" time="0.017">
    </testcase>
    <testcase classname="LOAD-05 Concurrent API Calls" name="TC-L-128 Promise.all 500 micro-tasks resolves under 500ms" time="0.001">
    </testcase>
    <testcase classname="LOAD-05 Concurrent API Calls" name="TC-L-129 sequential 100 async validations under 300ms" time="0">
    </testcase>
    <testcase classname="LOAD-05 Concurrent API Calls" name="TC-L-130 Promise.race 50 tasks winner is 0" time="0.015">
    </testcase>
    <testcase classname="LOAD-05 Concurrent API Calls" name="TC-L-131 timeout resolves at correct threshold" time="0.018">
    </testcase>
    <testcase classname="LOAD-05 Concurrent API Calls" name="TC-L-132 timeout rejects when threshold exceeded" time="0.166">
    </testcase>
    <testcase classname="LOAD-05 Concurrent API Calls" name="TC-L-133 10 concurrent with 10ms delay under 50ms" time="0.017">
    </testcase>
    <testcase classname="LOAD-05 Concurrent API Calls" name="TC-L-134 20 concurrent with 5ms delay under 30ms" time="0.015">
    </testcase>
    <testcase classname="LOAD-05 Concurrent API Calls" name="TC-L-135 30 concurrent with 1ms delay under 20ms" time="0.008">
    </testcase>
    <testcase classname="LOAD-05 Concurrent API Calls" name="TC-L-136 40 concurrent with 1ms delay under 20ms" time="0.009">
    </testcase>
    <testcase classname="LOAD-05 Concurrent API Calls" name="TC-L-137 60 concurrent with 1ms delay under 30ms" time="0.015">
    </testcase>
    <testcase classname="LOAD-05 Concurrent API Calls" name="TC-L-138 70 concurrent with 1ms delay under 30ms" time="0.016">
    </testcase>
    <testcase classname="LOAD-05 Concurrent API Calls" name="TC-L-139 80 concurrent with 1ms delay under 40ms" time="0.016">
    </testcase>
    <testcase classname="LOAD-05 Concurrent API Calls" name="TC-L-140 90 concurrent with 1ms delay under 40ms" time="0.003">
    </testcase>
    <testcase classname="LOAD-05 Concurrent API Calls" name="TC-L-141 150 concurrent with 1ms delay under 100ms" time="0.016">
    </testcase>
    <testcase classname="LOAD-05 Concurrent API Calls" name="TC-L-142 250 concurrent with 1ms delay under 200ms" time="0.015">
    </testcase>
    <testcase classname="LOAD-05 Concurrent API Calls" name="TC-L-143 300 concurrent with 1ms delay under 200ms" time="0.006">
    </testcase>
    <testcase classname="LOAD-05 Concurrent API Calls" name="TC-L-144 400 concurrent with 1ms delay under 300ms" time="0.003">
    </testcase>
    <testcase classname="LOAD-05 Concurrent API Calls" name="TC-L-145 600 concurrent with 1ms delay under 500ms" time="0.003">
    </testcase>
    <testcase classname="LOAD-05 Concurrent API Calls" name="TC-L-146 800 concurrent with 1ms delay under 500ms" time="0.01">
    </testcase>
    <testcase classname="LOAD-05 Concurrent API Calls" name="TC-L-147 1000 concurrent with 1ms delay under 500ms" time="0.003">
    </testcase>
    <testcase classname="LOAD-05 Concurrent API Calls" name="TC-L-148 allSettled 100 all fulfilled" time="0.011">
    </testcase>
    <testcase classname="LOAD-05 Concurrent API Calls" name="TC-L-149 Promise.race 10 tasks winner is 0" time="0.016">
    </testcase>
    <testcase classname="LOAD-05 Concurrent API Calls" name="TC-L-150 Promise.race 100 tasks winner is 0" time="0.016">
    </testcase>
    <testcase classname="LOAD-06 Memory &amp; Object Creation" name="TC-L-151 creating 10k scheme objects does not throw" time="0.007">
    </testcase>
    <testcase classname="LOAD-06 Memory &amp; Object Creation" name="TC-L-152 creating 50k scheme objects does not throw" time="0.036">
    </testcase>
    <testcase classname="LOAD-06 Memory &amp; Object Creation" name="TC-L-153 creating 100k scheme objects does not throw" time="0.082">
    </testcase>
    <testcase classname="LOAD-06 Memory &amp; Object Creation" name="TC-L-154 creating 1k notification objects does not throw" time="0">
    </testcase>
    <testcase classname="LOAD-06 Memory &amp; Object Creation" name="TC-L-155 creating 10k notification objects does not throw" time="0.002">
    </testcase>
    <testcase classname="LOAD-06 Memory &amp; Object Creation" name="TC-L-156 creating 50k notification objects does not throw" time="0.01">
    </testcase>
    <testcase classname="LOAD-06 Memory &amp; Object Creation" name="TC-L-157 creating 100k notification objects does not throw" time="0.02">
    </testcase>
    <testcase classname="LOAD-06 Memory &amp; Object Creation" name="TC-L-158 creating 1k user objects does not throw" time="0.001">
    </testcase>
    <testcase classname="LOAD-06 Memory &amp; Object Creation" name="TC-L-159 creating 10k user objects does not throw" time="0.003">
    </testcase>
    <testcase classname="LOAD-06 Memory &amp; Object Creation" name="TC-L-160 creating 1k application objects does not throw" time="0.001">
    </testcase>
    <testcase classname="LOAD-06 Memory &amp; Object Creation" name="TC-L-161 creating 10k application objects does not throw" time="0.002">
    </testcase>
    <testcase classname="LOAD-06 Memory &amp; Object Creation" name="TC-L-162 creating 1k Map entries does not throw" time="0">
    </testcase>
    <testcase classname="LOAD-06 Memory &amp; Object Creation" name="TC-L-163 creating 10k Map entries does not throw" time="0.003">
    </testcase>
    <testcase classname="LOAD-06 Memory &amp; Object Creation" name="TC-L-164 creating 1k Set entries does not throw" time="0.001">
    </testcase>
    <testcase classname="LOAD-06 Memory &amp; Object Creation" name="TC-L-165 creating 10k Set entries does not throw" time="0.002">
    </testcase>
    <testcase classname="LOAD-06 Memory &amp; Object Creation" name="TC-L-166 creating 1k object keys does not throw" time="0.01">
    </testcase>
    <testcase classname="LOAD-06 Memory &amp; Object Creation" name="TC-L-167 creating 10k object keys does not throw" time="0.009">
    </testcase>
    <testcase classname="LOAD-06 Memory &amp; Object Creation" name="TC-L-168 JSON stringify 10k objects under 30ms" time="0.002">
    </testcase>
    <testcase classname="LOAD-06 Memory &amp; Object Creation" name="TC-L-169 JSON parse 10k objects under 60ms" time="0.004">
    </testcase>
    <testcase classname="LOAD-06 Memory &amp; Object Creation" name="TC-L-170 deep clone 1k objects under 50ms" time="0">
    </testcase>
    <testcase classname="LOAD-06 Memory &amp; Object Creation" name="TC-L-171 deep clone 5k objects under 100ms" time="0.002">
    </testcase>
    <testcase classname="LOAD-06 Memory &amp; Object Creation" name="TC-L-172 deep clone 10k objects under 200ms" time="0.003">
    </testcase>
    <testcase classname="LOAD-06 Memory &amp; Object Creation" name="TC-L-173 spread copy 10k objects under 10ms" time="0.001">
    </testcase>
    <testcase classname="LOAD-06 Memory &amp; Object Creation" name="TC-L-174 Object.assign 10k objects under 10ms" time="0.004">
    </testcase>
    <testcase classname="LOAD-06 Memory &amp; Object Creation" name="TC-L-175 Array.from 10k under 40ms" time="0.001">
    </testcase>
    <testcase classname="LOAD-06 Memory &amp; Object Creation" name="TC-L-176 new Array 10k under 5ms" time="0">
    </testcase>
    <testcase classname="LOAD-06 Memory &amp; Object Creation" name="TC-L-177 fill 10k under 5ms" time="0">
    </testcase>
    <testcase classname="LOAD-06 Memory &amp; Object Creation" name="TC-L-178 map 10k to new objects under 20ms" time="0.002">
    </testcase>
    <testcase classname="LOAD-06 Memory &amp; Object Creation" name="TC-L-179 filter 10k to half under 20ms" time="0.005">
    </testcase>
    <testcase classname="LOAD-06 Memory &amp; Object Creation" name="TC-L-180 reduce 10k to sum under 10ms" time="0.001">
    </testcase>
    <testcase classname="LOAD-07 Pagination Performance" name="TC-L-181 paginate 10k page 1 returns 20 items" time="0.008">
    </testcase>
    <testcase classname="LOAD-07 Pagination Performance" name="TC-L-182 paginate 10k page 2 returns 20 items" time="0.007">
    </testcase>
    <testcase classname="LOAD-07 Pagination Performance" name="TC-L-183 paginate 10k page 500 returns 20 items" time="0.006">
    </testcase>
    <testcase classname="LOAD-07 Pagination Performance" name="TC-L-184 paginate 25 items last page returns 5" time="0">
    </testcase>
    <testcase classname="LOAD-07 Pagination Performance" name="TC-L-185 paginate page 0 returns empty" time="0">
    </testcase>
    <testcase classname="LOAD-07 Pagination Performance" name="TC-L-186 paginate beyond last returns empty" time="0">
    </testcase>
    <testcase classname="LOAD-07 Pagination Performance" name="TC-L-187 paginate 10k page 1 under 5ms" time="0.007">
    </testcase>
    <testcase classname="LOAD-07 Pagination Performance" name="TC-L-188 paginate 10k page 250 under 5ms" time="0.006">
    </testcase>
    <testcase classname="LOAD-07 Pagination Performance" name="TC-L-189 paginate 10k page 500 under 5ms" time="0.008">
    </testcase>
    <testcase classname="LOAD-07 Pagination Performance" name="TC-L-190 paginate 10k with page size 50 under 5ms" time="0.006">
    </testcase>
    <testcase classname="LOAD-07 Pagination Performance" name="TC-L-191 paginate 10k with page size 100 under 5ms" time="0.008">
    </testcase>
    <testcase classname="LOAD-07 Pagination Performance" name="TC-L-192 paginate 10k with page size 200 under 10ms" time="0.01">
    </testcase>
    <testcase classname="LOAD-07 Pagination Performance" name="TC-L-193 paginate 50k page 1 under 5ms" time="0.038">
    </testcase>
    <testcase classname="LOAD-07 Pagination Performance" name="TC-L-194 paginate 50k page 2500 under 5ms" time="0.037">
    </testcase>
    <testcase classname="LOAD-07 Pagination Performance" name="TC-L-195 paginate 100k page 1 under 5ms" time="0.085">
    </testcase>
    <testcase classname="LOAD-07 Pagination Performance" name="TC-L-196 paginate 100k page 5000 under 5ms" time="0.099">
    </testcase>
    <testcase classname="LOAD-07 Pagination Performance" name="TC-L-197 paginate returns correct first item page 1" time="0.01">
    </testcase>
    <testcase classname="LOAD-07 Pagination Performance" name="TC-L-198 paginate returns correct first item page 2" time="0.009">
    </testcase>
    <testcase classname="LOAD-07 Pagination Performance" name="TC-L-199 paginate returns correct first item page 10" time="0.008">
    </testcase>
    <testcase classname="LOAD-07 Pagination Performance" name="TC-L-200 paginate returns correct last item page 1" time="0.011">
    </testcase>
    <testcase classname="LOAD-07 Pagination Performance" name="TC-L-201 paginate total pages 10k size 20 = 500" time="0.001">
    </testcase>
    <testcase classname="LOAD-07 Pagination Performance" name="TC-L-202 paginate total pages 10k size 50 = 200" time="0">
    </testcase>
    <testcase classname="LOAD-07 Pagination Performance" name="TC-L-203 paginate total pages 10k size 100 = 100" time="0">
    </testcase>
    <testcase classname="LOAD-07 Pagination Performance" name="TC-L-204 paginate total pages 25 size 20 = 2" time="0">
    </testcase>
    <testcase classname="LOAD-07 Pagination Performance" name="TC-L-205 paginate total pages 1 size 20 = 1" time="0">
    </testcase>
    <testcase classname="LOAD-07 Pagination Performance" name="TC-L-206 paginate total pages 0 size 20 = 0" time="0.001">
    </testcase>
    <testcase classname="LOAD-07 Pagination Performance" name="TC-L-207 paginate 100k page 1 size 100 under 5ms" time="0.079">
    </testcase>
    <testcase classname="LOAD-07 Pagination Performance" name="TC-L-208 paginate 100k page 1000 size 100 under 5ms" time="0.097">
    </testcase>
    <testcase classname="LOAD-07 Pagination Performance" name="TC-L-209 paginate 100k last page correct count" time="0.125">
    </testcase>
    <testcase classname="LOAD-07 Pagination Performance" name="TC-L-210 paginate 10k all pages total equals original" time="0.01">
    </testcase>
    <testcase classname="LOAD-08 String Operations" name="TC-L-211 Aadhaar validation 100k inputs under 200ms" time="0.039">
    </testcase>
    <testcase classname="LOAD-08 String Operations" name="TC-L-212 email validation 50k inputs under 400ms" time="0.016">
    </testcase>
    <testcase classname="LOAD-08 String Operations" name="TC-L-213 string search 10k names under 50ms" time="0.004">
    </testcase>
    <testcase classname="LOAD-08 String Operations" name="TC-L-214 date comparison 10k deadlines under 60ms" time="0.014">
    </testcase>
    <testcase classname="LOAD-08 String Operations" name="TC-L-215 concatenating 10k strings under 50ms" time="0.001">
    </testcase>
    <testcase classname="LOAD-08 String Operations" name="TC-L-216 regex test 10k strings under 100ms" time="0.003">
    </testcase>
    <testcase classname="LOAD-08 String Operations" name="TC-L-217 string split 10k under 20ms" time="0.004">
    </testcase>
    <testcase classname="LOAD-08 String Operations" name="TC-L-218 string replace 10k under 50ms" time="0.002">
    </testcase>
    <testcase classname="LOAD-08 String Operations" name="TC-L-219 string match 10k under 50ms" time="0.006">
    </testcase>
    <testcase classname="LOAD-08 String Operations" name="TC-L-220 string slice 10k under 10ms" time="0.002">
    </testcase>
    <testcase classname="LOAD-08 String Operations" name="TC-L-221 string charAt 10k under 40ms" time="0.001">
    </testcase>
    <testcase classname="LOAD-08 String Operations" name="TC-L-222 string indexOf 10k under 20ms" time="0.003">
    </testcase>
    <testcase classname="LOAD-08 String Operations" name="TC-L-223 string includes 10k under 20ms" time="0.002">
    </testcase>
    <testcase classname="LOAD-08 String Operations" name="TC-L-224 string startsWith 10k under 20ms" time="0.002">
    </testcase>
    <testcase classname="LOAD-08 String Operations" name="TC-L-225 string endsWith 10k under 20ms" time="0.002">
    </testcase>
    <testcase classname="LOAD-08 String Operations" name="TC-L-226 string toUpperCase 10k under 10ms" time="0.002">
    </testcase>
    <testcase classname="LOAD-08 String Operations" name="TC-L-227 string toLowerCase 10k under 10ms" time="0.002">
    </testcase>
    <testcase classname="LOAD-08 String Operations" name="TC-L-228 string trim 10k under 10ms" time="0.002">
    </testcase>
    <testcase classname="LOAD-08 String Operations" name="TC-L-229 string padStart 10k under 10ms" time="0.001">
    </testcase>
    <testcase classname="LOAD-08 String Operations" name="TC-L-230 string repeat 1k under 10ms" time="0">
    </testcase>
    <testcase classname="LOAD-08 String Operations" name="TC-L-231 string template literal 10k under 10ms" time="0.001">
    </testcase>
    <testcase classname="LOAD-08 String Operations" name="TC-L-232 string concat with + 10k under 10ms" time="0.002">
    </testcase>
    <testcase classname="LOAD-08 String Operations" name="TC-L-233 JSON.stringify 10k strings under 20ms" time="0.001">
    </testcase>
    <testcase classname="LOAD-08 String Operations" name="TC-L-234 JSON.parse 10k strings under 20ms" time="0.004">
    </testcase>
    <testcase classname="LOAD-08 String Operations" name="TC-L-235 string localeCompare 1k under 10ms" time="0">
    </testcase>
    <testcase classname="LOAD-08 String Operations" name="TC-L-236 string charCodeAt 10k under 10ms" time="0.001">
    </testcase>
    <testcase classname="LOAD-08 String Operations" name="TC-L-237 string fromCharCode 1k under 5ms" time="0.001">
    </testcase>
    <testcase classname="LOAD-08 String Operations" name="TC-L-238 string split by regex 10k under 50ms" time="0.006">
    </testcase>
    <testcase classname="LOAD-08 String Operations" name="TC-L-239 string replace regex 10k under 50ms" time="0.003">
    </testcase>
    <testcase classname="LOAD-08 String Operations" name="TC-L-240 string length check 10k under 5ms" time="0.001">
    </testcase>
    <testcase classname="LOAD-09 State Management Stress" name="TC-L-241 1k consecutive state updates under 100ms" time="0">
    </testcase>
    <testcase classname="LOAD-09 State Management Stress" name="TC-L-242 5k consecutive state updates under 200ms" time="0.001">
    </testcase>
    <testcase classname="LOAD-09 State Management Stress" name="TC-L-243 10k consecutive state updates under 300ms" time="0.001">
    </testcase>
    <testcase classname="LOAD-09 State Management Stress" name="TC-L-244 deep merge 500 updates under 100ms" time="0">
    </testcase>
    <testcase classname="LOAD-09 State Management Stress" name="TC-L-245 deep merge 1k updates under 200ms" time="0">
    </testcase>
    <testcase classname="LOAD-09 State Management Stress" name="TC-L-246 Map 10k lookups under 50ms" time="0.012">
    </testcase>
    <testcase classname="LOAD-09 State Management Stress" name="TC-L-247 Set 10k membership checks under 50ms" time="0.011">
    </testcase>
    <testcase classname="LOAD-09 State Management Stress" name="TC-L-248 1k array push/pop under 5ms" time="0">
    </testcase>
    <testcase classname="LOAD-09 State Management Stress" name="TC-L-249 10k array push/pop under 20ms" time="0.002">
    </testcase>
    <testcase classname="LOAD-09 State Management Stress" name="TC-L-250 1k array shift/unshift under 20ms" time="0">
    </testcase>
    <testcase classname="LOAD-09 State Management Stress" name="TC-L-251 1k object spread under 50ms" time="0">
    </testcase>
    <testcase classname="LOAD-09 State Management Stress" name="TC-L-252 5k object spread under 100ms" time="0.001">
    </testcase>
    <testcase classname="LOAD-09 State Management Stress" name="TC-L-253 10k object spread under 200ms" time="0">
    </testcase>
    <testcase classname="LOAD-09 State Management Stress" name="TC-L-254 1k nested object spread under 100ms" time="0.001">
    </testcase>
    <testcase classname="LOAD-09 State Management Stress" name="TC-L-255 5k nested object spread under 300ms" time="0.001">
    </testcase>
    <testcase classname="LOAD-09 State Management Stress" name="TC-L-256 1k Map set/delete under 50ms" time="0">
    </testcase>
    <testcase classname="LOAD-09 State Management Stress" name="TC-L-257 10k Map set/delete under 200ms" time="0.003">
    </testcase>
    <testcase classname="LOAD-09 State Management Stress" name="TC-L-258 1k Set add/delete under 50ms" time="0.001">
    </testcase>
    <testcase classname="LOAD-09 State Management Stress" name="TC-L-259 10k Set add/delete under 200ms" time="0.002">
    </testcase>
    <testcase classname="LOAD-09 State Management Stress" name="TC-L-260 1k Object.assign under 50ms" time="0">
    </testcase>
    <testcase classname="LOAD-09 State Management Stress" name="TC-L-261 5k Object.assign under 100ms" time="0.003">
    </testcase>
    <testcase classname="LOAD-09 State Management Stress" name="TC-L-262 10k Object.assign under 200ms" time="0.005">
    </testcase>
    <testcase classname="LOAD-09 State Management Stress" name="TC-L-263 1k JSON parse/stringify cycle under 50ms" time="0.002">
    </testcase>
    <testcase classname="LOAD-09 State Management Stress" name="TC-L-264 5k JSON parse/stringify cycle under 200ms" time="0.008">
    </testcase>
    <testcase classname="LOAD-09 State Management Stress" name="TC-L-265 1k array map+filter+reduce under 50ms" time="0.001">
    </testcase>
    <testcase classname="LOAD-09 State Management Stress" name="TC-L-266 5k array map+filter+reduce under 100ms" time="0">
    </testcase>
    <testcase classname="LOAD-09 State Management Stress" name="TC-L-267 10k array map+filter+reduce under 200ms" time="0.002">
    </testcase>
    <testcase classname="LOAD-09 State Management Stress" name="TC-L-268 1k chained sort+map under 50ms" time="0.001">
    </testcase>
    <testcase classname="LOAD-09 State Management Stress" name="TC-L-269 5k chained sort+map under 200ms" time="0.004">
    </testcase>
    <testcase classname="LOAD-09 State Management Stress" name="TC-L-270 10k chained sort+map under 300ms" time="0.008">
    </testcase>
    <testcase classname="LOAD-10 Async &amp; Timeout Tests" name="TC-L-271 Promise.all 500 micro-tasks under 500ms" time="0">
    </testcase>
    <testcase classname="LOAD-10 Async &amp; Timeout Tests" name="TC-L-272 sequential 100 async under 300ms" time="0">
    </testcase>
    <testcase classname="LOAD-10 Async &amp; Timeout Tests" name="TC-L-273 Promise.race 50 winner is 0" time="0.009">
    </testcase>
    <testcase classname="LOAD-10 Async &amp; Timeout Tests" name="TC-L-274 timeout resolves at correct threshold" time="0.016">
    </testcase>
    <testcase classname="LOAD-10 Async &amp; Timeout Tests" name="TC-L-275 timeout rejects when exceeded" time="0.102">
    </testcase>
    <testcase classname="LOAD-10 Async &amp; Timeout Tests" name="TC-L-276 10 parallel 10ms tasks under 15ms" time="0.015">
    </testcase>
    <testcase classname="LOAD-10 Async &amp; Timeout Tests" name="TC-L-277 20 parallel 5ms tasks under 10ms" time="0.017">
    </testcase>
    <testcase classname="LOAD-10 Async &amp; Timeout Tests" name="TC-L-278 50 parallel 1ms tasks under 10ms" time="0.017">
    </testcase>
    <testcase classname="LOAD-10 Async &amp; Timeout Tests" name="TC-L-279 100 parallel 1ms tasks under 20ms" time="0.015">
    </testcase>
    <testcase classname="LOAD-10 Async &amp; Timeout Tests" name="TC-L-280 200 parallel 1ms tasks under 30ms" time="0.018">
    </testcase>
    <testcase classname="LOAD-10 Async &amp; Timeout Tests" name="TC-L-281 Promise.allSettled 100 all fulfilled" time="0.016">
    </testcase>
    <testcase classname="LOAD-10 Async &amp; Timeout Tests" name="TC-L-282 Promise.allSettled 500 all fulfilled" time="0.002">
    </testcase>
    <testcase classname="LOAD-10 Async &amp; Timeout Tests" name="TC-L-283 Promise.race 10 winner is 0" time="0.016">
    </testcase>
    <testcase classname="LOAD-10 Async &amp; Timeout Tests" name="TC-L-284 Promise.race 100 winner is 0" time="0.003">
    </testcase>
    <testcase classname="LOAD-10 Async &amp; Timeout Tests" name="TC-L-285 Promise.race 500 winner is 0" time="0.013">
    </testcase>
    <testcase classname="LOAD-10 Async &amp; Timeout Tests" name="TC-L-286 timeout 1ms resolves" time="0.015">
    </testcase>
    <testcase classname="LOAD-10 Async &amp; Timeout Tests" name="TC-L-287 timeout 10ms resolves" time="0.017">
    </testcase>
    <testcase classname="LOAD-10 Async &amp; Timeout Tests" name="TC-L-288 timeout 50ms resolves" time="0.051">
    </testcase>
    <testcase classname="LOAD-10 Async &amp; Timeout Tests" name="TC-L-289 timeout 99ms resolves" time="0.101">
    </testcase>
    <testcase classname="LOAD-10 Async &amp; Timeout Tests" name="TC-L-290 timeout 101ms rejects" time="0.114">
    </testcase>
    <testcase classname="LOAD-10 Async &amp; Timeout Tests" name="TC-L-291 timeout 200ms rejects with 100ms limit" time="0.117">
    </testcase>
    <testcase classname="LOAD-10 Async &amp; Timeout Tests" name="TC-L-292 timeout 500ms rejects with 100ms limit" time="0.101">
    </testcase>
    <testcase classname="LOAD-10 Async &amp; Timeout Tests" name="TC-L-293 timeout 1000ms rejects with 100ms limit" time="0.116">
    </testcase>
    <testcase classname="LOAD-10 Async &amp; Timeout Tests" name="TC-L-294 5 sequential 10ms tasks under 55ms" time="0.082">
    </testcase>
    <testcase classname="LOAD-10 Async &amp; Timeout Tests" name="TC-L-295 10 sequential 5ms tasks under 55ms" time="0.168">
    </testcase>
    <testcase classname="LOAD-10 Async &amp; Timeout Tests" name="TC-L-296 20 sequential 1ms tasks under 40ms" time="0.248">
    </testcase>
    <testcase classname="LOAD-10 Async &amp; Timeout Tests" name="TC-L-297 50 sequential 1ms tasks under 60ms" time="0.441">
    </testcase>
    <testcase classname="LOAD-10 Async &amp; Timeout Tests" name="TC-L-298 100 sequential 1ms tasks under 110ms" time="0.978">
    </testcase>
    <testcase classname="LOAD-10 Async &amp; Timeout Tests" name="TC-L-299 200 sequential 1ms tasks under 210ms" time="1.486">
    </testcase>
    <testcase classname="LOAD-10 Async &amp; Timeout Tests" name="TC-L-300 all 1800 test cases distributed evenly 300 per suite" time="0">
    </testcase>
  </testsuite>
</testsuites>